Component: Arm Compiler for Embedded 6.24 Tool: armlink [5f371500]

==============================================================================

Section Cross References

    startup_stm32g474xx.o(RESET) refers to startup_stm32g474xx.o(STACK) for __initial_sp
    startup_stm32g474xx.o(RESET) refers to startup_stm32g474xx.o(.text) for Reset_Handler
    startup_stm32g474xx.o(RESET) refers to stm32g4xx_it.o(.text.NMI_Handler) for NMI_Handler
    startup_stm32g474xx.o(RESET) refers to stm32g4xx_it.o(.text.HardFault_Handler) for HardFault_Handler
    startup_stm32g474xx.o(RESET) refers to stm32g4xx_it.o(.text.MemManage_Handler) for MemManage_Handler
    startup_stm32g474xx.o(RESET) refers to stm32g4xx_it.o(.text.BusFault_Handler) for BusFault_Handler
    startup_stm32g474xx.o(RESET) refers to stm32g4xx_it.o(.text.UsageFault_Handler) for UsageFault_Handler
    startup_stm32g474xx.o(RESET) refers to stm32g4xx_it.o(.text.SVC_Handler) for SVC_Handler
    startup_stm32g474xx.o(RESET) refers to stm32g4xx_it.o(.text.DebugMon_Handler) for DebugMon_Handler
    startup_stm32g474xx.o(RESET) refers to stm32g4xx_it.o(.text.PendSV_Handler) for PendSV_Handler
    startup_stm32g474xx.o(RESET) refers to stm32g4xx_it.o(.text.SysTick_Handler) for SysTick_Handler
    startup_stm32g474xx.o(RESET) refers to stm32g4xx_it.o(.text.DMA1_Channel1_IRQHandler) for DMA1_Channel1_IRQHandler
    startup_stm32g474xx.o(RESET) refers to stm32g4xx_it.o(.text.DMA1_Channel2_IRQHandler) for DMA1_Channel2_IRQHandler
    startup_stm32g474xx.o(RESET) refers to stm32g4xx_it.o(.text.ADC1_2_IRQHandler) for ADC1_2_IRQHandler
    startup_stm32g474xx.o(RESET) refers to stm32g4xx_it.o(.text.TIM1_BRK_TIM15_IRQHandler) for TIM1_BRK_TIM15_IRQHandler
    startup_stm32g474xx.o(RESET) refers to stm32g4xx_it.o(.text.TIM2_IRQHandler) for TIM2_IRQHandler
    startup_stm32g474xx.o(RESET) refers to stm32g4xx_it.o(.text.TIM3_IRQHandler) for TIM3_IRQHandler
    startup_stm32g474xx.o(.text) refers to system_stm32g4xx.o(.text.SystemInit) for SystemInit
    startup_stm32g474xx.o(.text) refers to entry.o(.ARM.Collect$$$$00000000) for __main
    main.o(.text.main) refers to stm32g4xx_hal.o(.text.HAL_Init) for HAL_Init
    main.o(.text.main) refers to stm32g4xx_hal_pwr_ex.o(.text.HAL_PWREx_ControlVoltageScaling) for HAL_PWREx_ControlVoltageScaling
    main.o(.text.main) refers to stm32g4xx_hal_rcc.o(.text.HAL_RCC_OscConfig) for HAL_RCC_OscConfig
    main.o(.text.main) refers to stm32g4xx_hal_rcc.o(.text.HAL_RCC_ClockConfig) for HAL_RCC_ClockConfig
    main.o(.text.main) refers to gpio.o(.text.MX_GPIO_Init) for MX_GPIO_Init
    main.o(.text.main) refers to dma.o(.text.MX_DMA_Init) for MX_DMA_Init
    main.o(.text.main) refers to adc.o(.text.MX_ADC1_Init) for MX_ADC1_Init
    main.o(.text.main) refers to tim.o(.text.MX_TIM1_Init) for MX_TIM1_Init
    main.o(.text.main) refers to tim.o(.text.MX_TIM2_Init) for MX_TIM2_Init
    main.o(.text.main) refers to tim.o(.text.MX_TIM3_Init) for MX_TIM3_Init
    main.o(.text.main) refers to adc.o(.text.MX_ADC2_Init) for MX_ADC2_Init
    main.o(.text.main) refers to usart.o(.text.MX_USART3_UART_Init) for MX_USART3_UART_Init
    main.o(.text.main) refers to i2c.o(.text.MX_I2C3_Init) for MX_I2C3_Init
    main.o(.ARM.exidx.text.main) refers to main.o(.text.main) for [Anonymous Symbol]
    main.o(.text.SystemClock_Config) refers to stm32g4xx_hal_pwr_ex.o(.text.HAL_PWREx_ControlVoltageScaling) for HAL_PWREx_ControlVoltageScaling
    main.o(.text.SystemClock_Config) refers to stm32g4xx_hal_rcc.o(.text.HAL_RCC_OscConfig) for HAL_RCC_OscConfig
    main.o(.text.SystemClock_Config) refers to stm32g4xx_hal_rcc.o(.text.HAL_RCC_ClockConfig) for HAL_RCC_ClockConfig
    main.o(.ARM.exidx.text.SystemClock_Config) refers to main.o(.text.SystemClock_Config) for [Anonymous Symbol]
    main.o(.ARM.exidx.text.Error_Handler) refers to main.o(.text.Error_Handler) for [Anonymous Symbol]
    gpio.o(.text.MX_GPIO_Init) refers to stm32g4xx_hal_gpio.o(.text.HAL_GPIO_WritePin) for HAL_GPIO_WritePin
    gpio.o(.text.MX_GPIO_Init) refers to stm32g4xx_hal_gpio.o(.text.HAL_GPIO_Init) for HAL_GPIO_Init
    gpio.o(.ARM.exidx.text.MX_GPIO_Init) refers to gpio.o(.text.MX_GPIO_Init) for [Anonymous Symbol]
    adc.o(.text.MX_ADC1_Init) refers to adc.o(.bss.hadc1) for hadc1
    adc.o(.text.MX_ADC1_Init) refers to stm32g4xx_hal_adc.o(.text.HAL_ADC_Init) for HAL_ADC_Init
    adc.o(.text.MX_ADC1_Init) refers to main.o(.text.Error_Handler) for Error_Handler
    adc.o(.text.MX_ADC1_Init) refers to stm32g4xx_hal_adc_ex.o(.text.HAL_ADCEx_MultiModeConfigChannel) for HAL_ADCEx_MultiModeConfigChannel
    adc.o(.text.MX_ADC1_Init) refers to stm32g4xx_hal_adc.o(.text.HAL_ADC_ConfigChannel) for HAL_ADC_ConfigChannel
    adc.o(.ARM.exidx.text.MX_ADC1_Init) refers to adc.o(.text.MX_ADC1_Init) for [Anonymous Symbol]
    adc.o(.text.MX_ADC2_Init) refers to adc.o(.bss.hadc2) for hadc2
    adc.o(.text.MX_ADC2_Init) refers to stm32g4xx_hal_adc.o(.text.HAL_ADC_Init) for HAL_ADC_Init
[...]
    Removing stm32g4xx_hal_i2c.o(.text.HAL_I2C_Slave_Seq_Transmit_IT), (302 bytes).
    Removing stm32g4xx_hal_i2c.o(.ARM.exidx.text.HAL_I2C_Slave_Seq_Transmit_IT), (8 bytes).
    Removing stm32g4xx_hal_i2c.o(.text.I2C_DMAAbort), (60 bytes).
    Removing stm32g4xx_hal_i2c.o(.ARM.exidx.text.I2C_DMAAbort), (8 bytes).
    Removing stm32g4xx_hal_i2c.o(.text.HAL_I2C_Slave_Seq_Transmit_DMA), (472 bytes).
    Removing stm32g4xx_hal_i2c.o(.ARM.exidx.text.HAL_I2C_Slave_Seq_Transmit_DMA), (8 bytes).
    Removing stm32g4xx_hal_i2c.o(.text.HAL_I2C_Slave_Seq_Receive_IT), (302 bytes).
    Removing stm32g4xx_hal_i2c.o(.ARM.exidx.text.HAL_I2C_Slave_Seq_Receive_IT), (8 bytes).
    Removing stm32g4xx_hal_i2c.o(.text.HAL_I2C_Slave_Seq_Receive_DMA), (476 bytes).
    Removing stm32g4xx_hal_i2c.o(.ARM.exidx.text.HAL_I2C_Slave_Seq_Receive_DMA), (8 bytes).
    Removing stm32g4xx_hal_i2c.o(.text.HAL_I2C_EnableListen_IT), (42 bytes).
    Removing stm32g4xx_hal_i2c.o(.ARM.exidx.text.HAL_I2C_EnableListen_IT), (8 bytes).
    Removing stm32g4xx_hal_i2c.o(.text.HAL_I2C_DisableListen_IT), (58 bytes).
    Removing stm32g4xx_hal_i2c.o(.ARM.exidx.text.HAL_I2C_DisableListen_IT), (8 bytes).
    Removing stm32g4xx_hal_i2c.o(.text.HAL_I2C_Master_Abort_IT), (210 bytes).
    Removing stm32g4xx_hal_i2c.o(.ARM.exidx.text.HAL_I2C_Master_Abort_IT), (8 bytes).
    Removing stm32g4xx_hal_i2c.o(.text.HAL_I2C_EV_IRQHandler), (16 bytes).
    Removing stm32g4xx_hal_i2c.o(.ARM.exidx.text.HAL_I2C_EV_IRQHandler), (8 bytes).
    Removing stm32g4xx_hal_i2c.o(.text.HAL_I2C_ER_IRQHandler), (96 bytes).
    Removing stm32g4xx_hal_i2c.o(.ARM.exidx.text.HAL_I2C_ER_IRQHandler), (8 bytes).
    Removing stm32g4xx_hal_i2c.o(.text.I2C_ITError), (390 bytes).
    Removing stm32g4xx_hal_i2c.o(.ARM.exidx.text.I2C_ITError), (8 bytes).
    Removing stm32g4xx_hal_i2c.o(.text.HAL_I2C_MasterTxCpltCallback), (2 bytes).
    Removing stm32g4xx_hal_i2c.o(.ARM.exidx.text.HAL_I2C_MasterTxCpltCallback), (8 bytes).
    Removing stm32g4xx_hal_i2c.o(.text.HAL_I2C_MasterRxCpltCallback), (2 bytes).
    Removing stm32g4xx_hal_i2c.o(.ARM.exidx.text.HAL_I2C_MasterRxCpltCallback), (8 bytes).
    Removing stm32g4xx_hal_i2c.o(.text.HAL_I2C_SlaveTxCpltCallback), (2 bytes).
    Removing stm32g4xx_hal_i2c.o(.ARM.exidx.text.HAL_I2C_SlaveTxCpltCallback), (8 bytes).
    Removing stm32g4xx_hal_i2c.o(.text.HAL_I2C_SlaveRxCpltCallback), (2 bytes).
    Removing stm32g4xx_hal_i2c.o(.ARM.exidx.text.HAL_I2C_SlaveRxCpltCallback), (8 bytes).
    Removing stm32g4xx_hal_i2c.o(.text.HAL_I2C_AddrCallback), (2 bytes).
    Removing stm32g4xx_hal_i2c.o(.ARM.exidx.text.HAL_I2C_AddrCallback), (8 bytes).
    Removing stm32g4xx_hal_i2c.o(.text.HAL_I2C_ListenCpltCallback), (2 bytes).
    Removing stm32g4xx_hal_i2c.o(.ARM.exidx.text.HAL_I2C_ListenCpltCallback), (8 bytes).
    Removing stm32g4xx_hal_i2c.o(.text.HAL_I2C_MemTxCpltCallback), (2 bytes).
    Removing stm32g4xx_hal_i2c.o(.ARM.exidx.text.HAL_I2C_MemTxCpltCallback), (8 bytes).
    Removing stm32g4xx_hal_i2c.o(.text.HAL_I2C_MemRxCpltCallback), (2 bytes).
    Removing stm32g4xx_hal_i2c.o(.ARM.exidx.text.HAL_I2C_MemRxCpltCallback), (8 bytes).
    Removing stm32g4xx_hal_i2c.o(.text.HAL_I2C_ErrorCallback), (2 bytes).
    Removing stm32g4xx_hal_i2c.o(.ARM.exidx.text.HAL_I2C_ErrorCallback), (8 bytes).
    Removing stm32g4xx_hal_i2c.o(.text.HAL_I2C_AbortCpltCallback), (2 bytes).
    Removing stm32g4xx_hal_i2c.o(.ARM.exidx.text.HAL_I2C_AbortCpltCallback), (8 bytes).
    Removing stm32g4xx_hal_i2c.o(.text.HAL_I2C_GetState), (6 bytes).
    Removing stm32g4xx_hal_i2c.o(.ARM.exidx.text.HAL_I2C_GetState), (8 bytes).
    Removing stm32g4xx_hal_i2c.o(.text.HAL_I2C_GetMode), (6 bytes).
    Removing stm32g4xx_hal_i2c.o(.ARM.exidx.text.HAL_I2C_GetMode), (8 bytes).
    Removing stm32g4xx_hal_i2c.o(.text.HAL_I2C_GetError), (4 bytes).
    Removing stm32g4xx_hal_i2c.o(.ARM.exidx.text.HAL_I2C_GetError), (8 bytes).
    Removing stm32g4xx_hal_i2c.o(.text.I2C_ITMasterSeqCplt), (112 bytes).
    Removing stm32g4xx_hal_i2c.o(.ARM.exidx.text.I2C_ITMasterSeqCplt), (8 bytes).
    Removing stm32g4xx_hal_i2c.o(.text.I2C_ITMasterCplt), (326 bytes).
    Removing stm32g4xx_hal_i2c.o(.ARM.exidx.text.I2C_ITMasterCplt), (8 bytes).
    Removing stm32g4xx_hal_i2c.o(.text.I2C_ITSlaveCplt), (938 bytes).
    Removing stm32g4xx_hal_i2c.o(.ARM.exidx.text.I2C_ITSlaveCplt), (8 bytes).
    Removing stm32g4xx_hal_i2c.o(.text.I2C_ITListenCplt), (94 bytes).
    Removing stm32g4xx_hal_i2c.o(.ARM.exidx.text.I2C_ITListenCplt), (8 bytes).
    Removing stm32g4xx_hal_i2c.o(.text.I2C_ITSlaveSeqCplt), (148 bytes).
    Removing stm32g4xx_hal_i2c.o(.ARM.exidx.text.I2C_ITSlaveSeqCplt), (8 bytes).
    Removing stm32g4xx_hal_i2c.o(.text.I2C_ITAddrCplt), (162 bytes).
    Removing stm32g4xx_hal_i2c.o(.ARM.exidx.text.I2C_ITAddrCplt), (8 bytes).
    Removing stm32g4xx_hal_i2c.o(.text.I2C_IsErrorOccurred), (348 bytes).
    Removing stm32g4xx_hal_i2c.o(.ARM.exidx.text.I2C_IsErrorOccurred), (8 bytes).
    Removing stm32g4xx_hal_i2c_ex.o(.text), (0 bytes).
    Removing stm32g4xx_hal_i2c_ex.o(.ARM.exidx.text.HAL_I2CEx_ConfigAnalogFilter), (8 bytes).
    Removing stm32g4xx_hal_i2c_ex.o(.ARM.exidx.text.HAL_I2CEx_ConfigDigitalFilter), (8 bytes).
    Removing stm32g4xx_hal_i2c_ex.o(.text.HAL_I2CEx_EnableWakeUp), (68 bytes).
    Removing stm32g4xx_hal_i2c_ex.o(.ARM.exidx.text.HAL_I2CEx_EnableWakeUp), (8 bytes).
    Removing stm32g4xx_hal_i2c_ex.o(.text.HAL_I2CEx_DisableWakeUp), (68 bytes).
    Removing stm32g4xx_hal_i2c_ex.o(.ARM.exidx.text.HAL_I2CEx_DisableWakeUp), (8 bytes).
    Removing stm32g4xx_hal_i2c_ex.o(.text.HAL_I2CEx_EnableFastModePlus), (44 bytes).
    Removing stm32g4xx_hal_i2c_ex.o(.ARM.exidx.text.HAL_I2CEx_EnableFastModePlus), (8 bytes).
    Removing stm32g4xx_hal_i2c_ex.o(.text.HAL_I2CEx_DisableFastModePlus), (46 bytes).
    Removing stm32g4xx_hal_i2c_ex.o(.ARM.exidx.text.HAL_I2CEx_DisableFastModePlus), (8 bytes).
    Removing stm32g4xx_hal_tim.o(.text), (0 bytes).
    Removing stm32g4xx_hal_tim.o(.ARM.exidx.text.HAL_TIM_Base_Init), (8 bytes).
    Removing stm32g4xx_hal_tim.o(.text.HAL_TIM_Base_MspInit), (2 bytes).
    Removing stm32g4xx_hal_tim.o(.ARM.exidx.text.HAL_TIM_Base_MspInit), (8 bytes).
    Removing stm32g4xx_hal_tim.o(.ARM.exidx.text.TIM_Base_SetConfig), (8 bytes).
    Removing stm32g4xx_hal_tim.o(.text.HAL_TIM_Base_DeInit), (108 bytes).
    Removing stm32g4xx_hal_tim.o(.ARM.exidx.text.HAL_TIM_Base_DeInit), (8 bytes).
    Removing stm32g4xx_hal_tim.o(.text.HAL_TIM_Base_MspDeInit), (2 bytes).
    Removing stm32g4xx_hal_tim.o(.ARM.exidx.text.HAL_TIM_Base_MspDeInit), (8 bytes).
    Removing stm32g4xx_hal_tim.o(.text.HAL_TIM_Base_Start), (178 bytes).
    Removing stm32g4xx_hal_tim.o(.ARM.exidx.text.HAL_TIM_Base_Start), (8 bytes).
    Removing stm32g4xx_hal_tim.o(.text.HAL_TIM_Base_Stop), (56 bytes).
    Removing stm32g4xx_hal_tim.o(.ARM.exidx.text.HAL_TIM_Base_Stop), (8 bytes).
    Removing stm32g4xx_hal_tim.o(.text.HAL_TIM_Base_Start_IT), (186 bytes).
    Removing stm32g4xx_hal_tim.o(.ARM.exidx.text.HAL_TIM_Base_Start_IT), (8 bytes).
    Removing stm32g4xx_hal_tim.o(.text.HAL_TIM_Base_Stop_IT), (64 bytes).
    Removing stm32g4xx_hal_tim.o(.ARM.exidx.text.HAL_TIM_Base_Stop_IT), (8 bytes).
    Removing stm32g4xx_hal_tim.o(.text.HAL_TIM_Base_Start_DMA), (274 bytes).
    Removing stm32g4xx_hal_tim.o(.ARM.exidx.text.HAL_TIM_Base_Start_DMA), (8 bytes).
    Removing stm32g4xx_hal_tim.o(.text.TIM_DMAPeriodElapsedCplt), (20 bytes).
    Removing stm32g4xx_hal_tim.o(.ARM.exidx.text.TIM_DMAPeriodElapsedCplt), (8 bytes).
    Removing stm32g4xx_hal_tim.o(.text.TIM_DMAPeriodElapsedHalfCplt), (6 bytes).
    Removing stm32g4xx_hal_tim.o(.ARM.exidx.text.TIM_DMAPeriodElapsedHalfCplt), (8 bytes).
    Removing stm32g4xx_hal_tim.o(.text.TIM_DMAError), (94 bytes).
    Removing stm32g4xx_hal_tim.o(.ARM.exidx.text.TIM_DMAError), (8 bytes).
    Removing stm32g4xx_hal_tim.o(.text.HAL_TIM_Base_Stop_DMA), (76 bytes).
    Removing stm32g4xx_hal_tim.o(.ARM.exidx.text.HAL_TIM_Base_Stop_DMA), (8 bytes).
    Removing stm32g4xx_hal_tim.o(.text.HAL_TIM_OC_Init), (98 bytes).
    Removing stm32g4xx_hal_tim.o(.ARM.exidx.text.HAL_TIM_OC_Init), (8 bytes).
    Removing stm32g4xx_hal_tim.o(.text.HAL_TIM_OC_MspInit), (2 bytes).
    Removing stm32g4xx_hal_tim.o(.ARM.exidx.text.HAL_TIM_OC_MspInit), (8 bytes).
    Removing stm32g4xx_hal_tim.o(.text.HAL_TIM_OC_DeInit), (108 bytes).
    Removing stm32g4xx_hal_tim.o(.ARM.exidx.text.HAL_TIM_OC_DeInit), (8 bytes).
    Removing stm32g4xx_hal_tim.o(.text.HAL_TIM_OC_MspDeInit), (2 bytes).
    Removing stm32g4xx_hal_tim.o(.ARM.exidx.text.HAL_TIM_OC_MspDeInit), (8 bytes).
    Removing stm32g4xx_hal_tim.o(.text.HAL_TIM_OC_Start), (386 bytes).
    Removing stm32g4xx_hal_tim.o(.ARM.exidx.text.HAL_TIM_OC_Start), (8 bytes).
    Removing stm32g4xx_hal_tim.o(.text.TIM_CCxChannelCmd), (36 bytes).
    Removing stm32g4xx_hal_tim.o(.ARM.exidx.text.TIM_CCxChannelCmd), (8 bytes).
    Removing stm32g4xx_hal_tim.o(.text.HAL_TIM_OC_Stop), (218 bytes).
    Removing stm32g4xx_hal_tim.o(.ARM.exidx.text.HAL_TIM_OC_Stop), (8 bytes).
    Removing stm32g4xx_hal_tim.o(.text.HAL_TIM_OC_Start_IT), (490 bytes).
    Removing stm32g4xx_hal_tim.o(.ARM.exidx.text.HAL_TIM_OC_Start_IT), (8 bytes).
    Removing stm32g4xx_hal_tim.o(.text.HAL_TIM_OC_Stop_IT), (208 bytes).
    Removing stm32g4xx_hal_tim.o(.ARM.exidx.text.HAL_TIM_OC_Stop_IT), (8 bytes).
    Removing stm32g4xx_hal_tim.o(.text.HAL_TIM_OC_Start_DMA), (770 bytes).
    Removing stm32g4xx_hal_tim.o(.ARM.exidx.text.HAL_TIM_OC_Start_DMA), (8 bytes).
    Removing stm32g4xx_hal_tim.o(.text.TIM_DMADelayPulseCplt), (106 bytes).
    Removing stm32g4xx_hal_tim.o(.ARM.exidx.text.TIM_DMADelayPulseCplt), (8 bytes).
    Removing stm32g4xx_hal_tim.o(.text.TIM_DMADelayPulseHalfCplt), (56 bytes).
    Removing stm32g4xx_hal_tim.o(.ARM.exidx.text.TIM_DMADelayPulseHalfCplt), (8 bytes).
    Removing stm32g4xx_hal_tim.o(.text.HAL_TIM_OC_Stop_DMA), (222 bytes).
    Removing stm32g4xx_hal_tim.o(.ARM.exidx.text.HAL_TIM_OC_Stop_DMA), (8 bytes).
    Removing stm32g4xx_hal_tim.o(.ARM.exidx.text.HAL_TIM_PWM_Init), (8 bytes).
    Removing stm32g4xx_hal_tim.o(.ARM.exidx.text.HAL_TIM_PWM_MspInit), (8 bytes).
    Removing stm32g4xx_hal_tim.o(.text.HAL_TIM_PWM_DeInit), (108 bytes).
    Removing stm32g4xx_hal_tim.o(.ARM.exidx.text.HAL_TIM_PWM_DeInit), (8 bytes).
    Removing stm32g4xx_hal_tim.o(.text.HAL_TIM_PWM_MspDeInit), (2 bytes).
    Removing stm32g4xx_hal_tim.o(.ARM.exidx.text.HAL_TIM_PWM_MspDeInit), (8 bytes).
    Removing stm32g4xx_hal_tim.o(.text.HAL_TIM_PWM_Start), (386 bytes).
    Removing stm32g4xx_hal_tim.o(.ARM.exidx.text.HAL_TIM_PWM_Start), (8 bytes).
    Removing stm32g4xx_hal_tim.o(.text.HAL_TIM_PWM_Stop), (218 bytes).
    Removing stm32g4xx_hal_tim.o(.ARM.exidx.text.HAL_TIM_PWM_Stop), (8 bytes).
    Removing stm32g4xx_hal_tim.o(.text.HAL_TIM_PWM_Start_IT), (490 bytes).
    Removing stm32g4xx_hal_tim.o(.ARM.exidx.text.HAL_TIM_PWM_Start_IT), (8 bytes).
    Removing stm32g4xx_hal_tim.o(.text.HAL_TIM_PWM_Stop_IT), (208 bytes).
    Removing stm32g4xx_hal_tim.o(.ARM.exidx.text.HAL_TIM_PWM_Stop_IT), (8 bytes).
    Removing stm32g4xx_hal_tim.o(.text.HAL_TIM_PWM_Start_DMA), (770 bytes).
    Removing stm32g4xx_hal_tim.o(.ARM.exidx.text.HAL_TIM_PWM_Start_DMA), (8 bytes).
    Removing stm32g4xx_hal_tim.o(.text.HAL_TIM_PWM_Stop_DMA), (222 bytes).
    Removing stm32g4xx_hal_tim.o(.ARM.exidx.text.HAL_TIM_PWM_Stop_DMA), (8 bytes).
    Removing stm32g4xx_hal_tim.o(.text.HAL_TIM_IC_Init), (98 bytes).
    Removing stm32g4xx_hal_tim.o(.ARM.exidx.text.HAL_TIM_IC_Init), (8 bytes).
    Removing stm32g4xx_hal_tim.o(.text.HAL_TIM_IC_MspInit), (2 bytes).
    Removing stm32g4xx_hal_tim.o(.ARM.exidx.text.HAL_TIM_IC_MspInit), (8 bytes).
    Removing stm32g4xx_hal_tim.o(.text.HAL_TIM_IC_DeInit), (108 bytes).
    Removing stm32g4xx_hal_tim.o(.ARM.exidx.text.HAL_TIM_IC_DeInit), (8 bytes).
    Removing stm32g4xx_hal_tim.o(.text.HAL_TIM_IC_MspDeInit), (2 bytes).
    Removing stm32g4xx_hal_tim.o(.ARM.exidx.text.HAL_TIM_IC_MspDeInit), (8 bytes).
    Removing stm32g4xx_hal_tim.o(.text.HAL_TIM_IC_Start), (374 bytes).
    Removing stm32g4xx_hal_tim.o(.ARM.exidx.text.HAL_TIM_IC_Start), (8 bytes).
    Removing stm32g4xx_hal_tim.o(.text.HAL_TIM_IC_Stop), (188 bytes).
    Removing stm32g4xx_hal_tim.o(.ARM.exidx.text.HAL_TIM_IC_Stop), (8 bytes).
    Removing stm32g4xx_hal_tim.o(.text.HAL_TIM_IC_Start_IT), (430 bytes).
    Removing stm32g4xx_hal_tim.o(.ARM.exidx.text.HAL_TIM_IC_Start_IT), (8 bytes).
    Removing stm32g4xx_hal_tim.o(.text.HAL_TIM_IC_Stop_IT), (220 bytes).
    Removing stm32g4xx_hal_tim.o(.ARM.exidx.text.HAL_TIM_IC_Stop_IT), (8 bytes).
    Removing stm32g4xx_hal_tim.o(.text.HAL_TIM_IC_Start_DMA), (658 bytes).
    Removing stm32g4xx_hal_tim.o(.ARM.exidx.text.HAL_TIM_IC_Start_DMA), (8 bytes).
    Removing stm32g4xx_hal_tim.o(.text.TIM_DMACaptureCplt), (118 bytes).
    Removing stm32g4xx_hal_tim.o(.ARM.exidx.text.TIM_DMACaptureCplt), (8 bytes).
    Removing stm32g4xx_hal_tim.o(.text.TIM_DMACaptureHalfCplt), (56 bytes).
    Removing stm32g4xx_hal_tim.o(.ARM.exidx.text.TIM_DMACaptureHalfCplt), (8 bytes).
    Removing stm32g4xx_hal_tim.o(.text.HAL_TIM_IC_Stop_DMA), (226 bytes).
    Removing stm32g4xx_hal_tim.o(.ARM.exidx.text.HAL_TIM_IC_Stop_DMA), (8 bytes).
    Removing stm32g4xx_hal_tim.o(.text.HAL_TIM_OnePulse_Init), (92 bytes).
    Removing stm32g4xx_hal_tim.o(.ARM.exidx.text.HAL_TIM_OnePulse_Init), (8 bytes).
    Removing stm32g4xx_hal_tim.o(.text.HAL_TIM_OnePulse_MspInit), (2 bytes).
    Removing stm32g4xx_hal_tim.o(.ARM.exidx.text.HAL_TIM_OnePulse_MspInit), (8 bytes).
    Removing stm32g4xx_hal_tim.o(.text.HAL_TIM_OnePulse_DeInit), (84 bytes).
    Removing stm32g4xx_hal_tim.o(.ARM.exidx.text.HAL_TIM_OnePulse_DeInit), (8 bytes).
    Removing stm32g4xx_hal_tim.o(.text.HAL_TIM_OnePulse_MspDeInit), (2 bytes).
    Removing stm32g4xx_hal_tim.o(.ARM.exidx.text.HAL_TIM_OnePulse_MspDeInit), (8 bytes).
    Removing stm32g4xx_hal_tim.o(.text.HAL_TIM_OnePulse_Start), (150 bytes).
    Removing stm32g4xx_hal_tim.o(.ARM.exidx.text.HAL_TIM_OnePulse_Start), (8 bytes).
    Removing stm32g4xx_hal_tim.o(.text.HAL_TIM_OnePulse_Stop), (152 bytes).
    Removing stm32g4xx_hal_tim.o(.ARM.exidx.text.HAL_TIM_OnePulse_Stop), (8 bytes).
    Removing stm32g4xx_hal_tim.o(.text.HAL_TIM_OnePulse_Start_IT), (166 bytes).
    Removing stm32g4xx_hal_tim.o(.ARM.exidx.text.HAL_TIM_OnePulse_Start_IT), (8 bytes).
    Removing stm32g4xx_hal_tim.o(.text.HAL_TIM_OnePulse_Stop_IT), (168 bytes).
    Removing stm32g4xx_hal_tim.o(.ARM.exidx.text.HAL_TIM_OnePulse_Stop_IT), (8 bytes).
    Removing stm32g4xx_hal_tim.o(.text.HAL_TIM_Encoder_Init), (182 bytes).
    Removing stm32g4xx_hal_tim.o(.ARM.exidx.text.HAL_TIM_Encoder_Init), (8 bytes).
    Removing stm32g4xx_hal_tim.o(.text.HAL_TIM_Encoder_MspInit), (2 bytes).
    Removing stm32g4xx_hal_tim.o(.ARM.exidx.text.HAL_TIM_Encoder_MspInit), (8 bytes).
    Removing stm32g4xx_hal_tim.o(.text.HAL_TIM_Encoder_DeInit), (84 bytes).
    Removing stm32g4xx_hal_tim.o(.ARM.exidx.text.HAL_TIM_Encoder_DeInit), (8 bytes).
    Removing stm32g4xx_hal_tim.o(.text.HAL_TIM_Encoder_MspDeInit), (2 bytes).
    Removing stm32g4xx_hal_tim.o(.ARM.exidx.text.HAL_TIM_Encoder_MspDeInit), (8 bytes).
    Removing stm32g4xx_hal_tim.o(.text.HAL_TIM_Encoder_Start), (188 bytes).
    Removing stm32g4xx_hal_tim.o(.ARM.exidx.text.HAL_TIM_Encoder_Start), (8 bytes).
    Removing stm32g4xx_hal_tim.o(.text.HAL_TIM_Encoder_Stop), (134 bytes).
    Removing stm32g4xx_hal_tim.o(.ARM.exidx.text.HAL_TIM_Encoder_Stop), (8 bytes).
    Removing stm32g4xx_hal_tim.o(.text.HAL_TIM_Encoder_Start_IT), (230 bytes).
    Removing stm32g4xx_hal_tim.o(.ARM.exidx.text.HAL_TIM_Encoder_Start_IT), (8 bytes).
    Removing stm32g4xx_hal_tim.o(.text.HAL_TIM_Encoder_Stop_IT), (218 bytes).
    Removing stm32g4xx_hal_tim.o(.ARM.exidx.text.HAL_TIM_Encoder_Stop_IT), (8 bytes).
    Removing stm32g4xx_hal_tim.o(.text.HAL_TIM_Encoder_Start_DMA), (552 bytes).
    Removing stm32g4xx_hal_tim.o(.ARM.exidx.text.HAL_TIM_Encoder_Start_DMA), (8 bytes).
    Removing stm32g4xx_hal_tim.o(.text.HAL_TIM_Encoder_Stop_DMA), (234 bytes).
    Removing stm32g4xx_hal_tim.o(.ARM.exidx.text.HAL_TIM_Encoder_Stop_DMA), (8 bytes).
    Removing stm32g4xx_hal_tim.o(.text.HAL_TIM_IRQHandler), (460 bytes).
    Removing stm32g4xx_hal_tim.o(.ARM.exidx.text.HAL_TIM_IRQHandler), (8 bytes).
    Removing stm32g4xx_hal_tim.o(.text.HAL_TIM_IC_CaptureCallback), (2 bytes).
    Removing stm32g4xx_hal_tim.o(.ARM.exidx.text.HAL_TIM_IC_CaptureCallback), (8 bytes).
    Removing stm32g4xx_hal_tim.o(.text.HAL_TIM_OC_DelayElapsedCallback), (2 bytes).
    Removing stm32g4xx_hal_tim.o(.ARM.exidx.text.HAL_TIM_OC_DelayElapsedCallback), (8 bytes).
    Removing stm32g4xx_hal_tim.o(.text.HAL_TIM_PWM_PulseFinishedCallback), (2 bytes).
    Removing stm32g4xx_hal_tim.o(.ARM.exidx.text.HAL_TIM_PWM_PulseFinishedCallback), (8 bytes).
    Removing stm32g4xx_hal_tim.o(.text.HAL_TIM_PeriodElapsedCallback), (2 bytes).
    Removing stm32g4xx_hal_tim.o(.ARM.exidx.text.HAL_TIM_PeriodElapsedCallback), (8 bytes).
    Removing stm32g4xx_hal_tim.o(.text.HAL_TIM_TriggerCallback), (2 bytes).
    Removing stm32g4xx_hal_tim.o(.ARM.exidx.text.HAL_TIM_TriggerCallback), (8 bytes).
    Removing stm32g4xx_hal_tim.o(.text.HAL_TIM_OC_ConfigChannel), (884 bytes).
    Removing stm32g4xx_hal_tim.o(.ARM.exidx.text.HAL_TIM_OC_ConfigChannel), (8 bytes).
    Removing stm32g4xx_hal_tim.o(.text.TIM_OC2_SetConfig), (158 bytes).
    Removing stm32g4xx_hal_tim.o(.ARM.exidx.text.TIM_OC2_SetConfig), (8 bytes).
    Removing stm32g4xx_hal_tim.o(.text.HAL_TIM_IC_ConfigChannel), (622 bytes).
    Removing stm32g4xx_hal_tim.o(.ARM.exidx.text.HAL_TIM_IC_ConfigChannel), (8 bytes).
    Removing stm32g4xx_hal_tim.o(.text.TIM_TI1_SetConfig), (214 bytes).
    Removing stm32g4xx_hal_tim.o(.ARM.exidx.text.TIM_TI1_SetConfig), (8 bytes).
    Removing stm32g4xx_hal_tim.o(.ARM.exidx.text.HAL_TIM_PWM_ConfigChannel), (8 bytes).
    Removing stm32g4xx_hal_tim.o(.text.HAL_TIM_OnePulse_ConfigChannel), (762 bytes).
    Removing stm32g4xx_hal_tim.o(.ARM.exidx.text.HAL_TIM_OnePulse_ConfigChannel), (8 bytes).
    Removing stm32g4xx_hal_tim.o(.text.HAL_TIM_DMABurst_WriteStart), (28 bytes).
    Removing stm32g4xx_hal_tim.o(.ARM.exidx.text.HAL_TIM_DMABurst_WriteStart), (8 bytes).
    Removing stm32g4xx_hal_tim.o(.text.HAL_TIM_DMABurst_MultiWriteStart), (646 bytes).
    Removing stm32g4xx_hal_tim.o(.ARM.exidx.text.HAL_TIM_DMABurst_MultiWriteStart), (8 bytes).
    Removing stm32g4xx_hal_tim.o(.text.TIM_DMATriggerCplt), (20 bytes).
    Removing stm32g4xx_hal_tim.o(.ARM.exidx.text.TIM_DMATriggerCplt), (8 bytes).
    Removing stm32g4xx_hal_tim.o(.text.TIM_DMATriggerHalfCplt), (6 bytes).
    Removing stm32g4xx_hal_tim.o(.ARM.exidx.text.TIM_DMATriggerHalfCplt), (8 bytes).
    Removing stm32g4xx_hal_tim.o(.text.HAL_TIM_DMABurst_WriteStop), (118 bytes).
    Removing stm32g4xx_hal_tim.o(.ARM.exidx.text.HAL_TIM_DMABurst_WriteStop), (8 bytes).
    Removing stm32g4xx_hal_tim.o(.text.HAL_TIM_DMABurst_ReadStart), (28 bytes).
    Removing stm32g4xx_hal_tim.o(.ARM.exidx.text.HAL_TIM_DMABurst_ReadStart), (8 bytes).
    Removing stm32g4xx_hal_tim.o(.text.HAL_TIM_DMABurst_MultiReadStart), (646 bytes).
    Removing stm32g4xx_hal_tim.o(.ARM.exidx.text.HAL_TIM_DMABurst_MultiReadStart), (8 bytes).
    Removing stm32g4xx_hal_tim.o(.text.HAL_TIM_DMABurst_ReadStop), (118 bytes).
    Removing stm32g4xx_hal_tim.o(.ARM.exidx.text.HAL_TIM_DMABurst_ReadStop), (8 bytes).
    Removing stm32g4xx_hal_tim.o(.text.HAL_TIM_GenerateEvent), (36 bytes).
    Removing stm32g4xx_hal_tim.o(.ARM.exidx.text.HAL_TIM_GenerateEvent), (8 bytes).
    Removing stm32g4xx_hal_tim.o(.text.HAL_TIM_ConfigOCrefClear), (768 bytes).
    Removing stm32g4xx_hal_tim.o(.ARM.exidx.text.HAL_TIM_ConfigOCrefClear), (8 bytes).
    Removing stm32g4xx_hal_tim.o(.text.TIM_ETR_SetConfig), (22 bytes).
    Removing stm32g4xx_hal_tim.o(.ARM.exidx.text.TIM_ETR_SetConfig), (8 bytes).
    Removing stm32g4xx_hal_tim.o(.ARM.exidx.text.HAL_TIM_ConfigClockSource), (8 bytes).
    Removing stm32g4xx_hal_tim.o(.text.HAL_TIM_ConfigTI1Input), (16 bytes).
    Removing stm32g4xx_hal_tim.o(.ARM.exidx.text.HAL_TIM_ConfigTI1Input), (8 bytes).
    Removing stm32g4xx_hal_tim.o(.ARM.exidx.text.HAL_TIM_SlaveConfigSynchro), (8 bytes).
    Removing stm32g4xx_hal_tim.o(.ARM.exidx.text.TIM_SlaveTimer_SetConfig), (8 bytes).
    Removing stm32g4xx_hal_tim.o(.text.HAL_TIM_SlaveConfigSynchro_IT), (88 bytes).
    Removing stm32g4xx_hal_tim.o(.ARM.exidx.text.HAL_TIM_SlaveConfigSynchro_IT), (8 bytes).
    Removing stm32g4xx_hal_tim.o(.text.HAL_TIM_ReadCapturedValue), (22 bytes).
    Removing stm32g4xx_hal_tim.o(.ARM.exidx.text.HAL_TIM_ReadCapturedValue), (8 bytes).
    Removing stm32g4xx_hal_tim.o(.text.HAL_TIM_PeriodElapsedHalfCpltCallback), (2 bytes).
    Removing stm32g4xx_hal_tim.o(.ARM.exidx.text.HAL_TIM_PeriodElapsedHalfCpltCallback), (8 bytes).
    Removing stm32g4xx_hal_tim.o(.text.HAL_TIM_IC_CaptureHalfCpltCallback), (2 bytes).
    Removing stm32g4xx_hal_tim.o(.ARM.exidx.text.HAL_TIM_IC_CaptureHalfCpltCallback), (8 bytes).
    Removing stm32g4xx_hal_tim.o(.text.HAL_TIM_PWM_PulseFinishedHalfCpltCallback), (2 bytes).
    Removing stm32g4xx_hal_tim.o(.ARM.exidx.text.HAL_TIM_PWM_PulseFinishedHalfCpltCallback), (8 bytes).
    Removing stm32g4xx_hal_tim.o(.text.HAL_TIM_TriggerHalfCpltCallback), (2 bytes).
    Removing stm32g4xx_hal_tim.o(.ARM.exidx.text.HAL_TIM_TriggerHalfCpltCallback), (8 bytes).
    Removing stm32g4xx_hal_tim.o(.text.HAL_TIM_ErrorCallback), (2 bytes).
    Removing stm32g4xx_hal_tim.o(.ARM.exidx.text.HAL_TIM_ErrorCallback), (8 bytes).
    Removing stm32g4xx_hal_tim.o(.text.HAL_TIM_Base_GetState), (6 bytes).
    Removing stm32g4xx_hal_tim.o(.ARM.exidx.text.HAL_TIM_Base_GetState), (8 bytes).
    Removing stm32g4xx_hal_tim.o(.text.HAL_TIM_OC_GetState), (6 bytes).
    Removing stm32g4xx_hal_tim.o(.ARM.exidx.text.HAL_TIM_OC_GetState), (8 bytes).
    Removing stm32g4xx_hal_tim.o(.text.HAL_TIM_PWM_GetState), (6 bytes).
    Removing stm32g4xx_hal_tim.o(.ARM.exidx.text.HAL_TIM_PWM_GetState), (8 bytes).
    Removing stm32g4xx_hal_tim.o(.text.HAL_TIM_IC_GetState), (6 bytes).
    Removing stm32g4xx_hal_tim.o(.ARM.exidx.text.HAL_TIM_IC_GetState), (8 bytes).
    Removing stm32g4xx_hal_tim.o(.text.HAL_TIM_OnePulse_GetState), (6 bytes).
    Removing stm32g4xx_hal_tim.o(.ARM.exidx.text.HAL_TIM_OnePulse_GetState), (8 bytes).
    Removing stm32g4xx_hal_tim.o(.text.HAL_TIM_Encoder_GetState), (6 bytes).
    Removing stm32g4xx_hal_tim.o(.ARM.exidx.text.HAL_TIM_Encoder_GetState), (8 bytes).
    Removing stm32g4xx_hal_tim.o(.text.HAL_TIM_GetActiveChannel), (4 bytes).
    Removing stm32g4xx_hal_tim.o(.ARM.exidx.text.HAL_TIM_GetActiveChannel), (8 bytes).
    Removing stm32g4xx_hal_tim.o(.text.HAL_TIM_GetChannelState), (22 bytes).
    Removing stm32g4xx_hal_tim.o(.ARM.exidx.text.HAL_TIM_GetChannelState), (8 bytes).
    Removing stm32g4xx_hal_tim.o(.text.HAL_TIM_DMABurstState), (6 bytes).
    Removing stm32g4xx_hal_tim.o(.ARM.exidx.text.HAL_TIM_DMABurstState), (8 bytes).
    Removing stm32g4xx_hal_tim.o(.rodata.cst16), (48 bytes).
    Removing stm32g4xx_hal_tim_ex.o(.text), (0 bytes).
    Removing stm32g4xx_hal_tim_ex.o(.text.HAL_TIMEx_HallSensor_Init), (212 bytes).
    Removing stm32g4xx_hal_tim_ex.o(.ARM.exidx.text.HAL_TIMEx_HallSensor_Init), (8 bytes).
    Removing stm32g4xx_hal_tim_ex.o(.text.HAL_TIMEx_HallSensor_MspInit), (2 bytes).
    Removing stm32g4xx_hal_tim_ex.o(.ARM.exidx.text.HAL_TIMEx_HallSensor_MspInit), (8 bytes).
    Removing stm32g4xx_hal_tim_ex.o(.text.HAL_TIMEx_HallSensor_DeInit), (84 bytes).
    Removing stm32g4xx_hal_tim_ex.o(.ARM.exidx.text.HAL_TIMEx_HallSensor_DeInit), (8 bytes).
    Removing stm32g4xx_hal_tim_ex.o(.text.HAL_TIMEx_HallSensor_MspDeInit), (2 bytes).
    Removing stm32g4xx_hal_tim_ex.o(.ARM.exidx.text.HAL_TIMEx_HallSensor_MspDeInit), (8 bytes).
    Removing stm32g4xx_hal_tim_ex.o(.text.HAL_TIMEx_HallSensor_Start), (234 bytes).
    Removing stm32g4xx_hal_tim_ex.o(.ARM.exidx.text.HAL_TIMEx_HallSensor_Start), (8 bytes).
    Removing stm32g4xx_hal_tim_ex.o(.text.HAL_TIMEx_HallSensor_Stop), (70 bytes).
    Removing stm32g4xx_hal_tim_ex.o(.ARM.exidx.text.HAL_TIMEx_HallSensor_Stop), (8 bytes).
    Removing stm32g4xx_hal_tim_ex.o(.text.HAL_TIMEx_HallSensor_Start_IT), (248 bytes).
    Removing stm32g4xx_hal_tim_ex.o(.ARM.exidx.text.HAL_TIMEx_HallSensor_Start_IT), (8 bytes).
    Removing stm32g4xx_hal_tim_ex.o(.text.HAL_TIMEx_HallSensor_Stop_IT), (78 bytes).
    Removing stm32g4xx_hal_tim_ex.o(.ARM.exidx.text.HAL_TIMEx_HallSensor_Stop_IT), (8 bytes).
    Removing stm32g4xx_hal_tim_ex.o(.text.HAL_TIMEx_HallSensor_Start_DMA), (304 bytes).
    Removing stm32g4xx_hal_tim_ex.o(.ARM.exidx.text.HAL_TIMEx_HallSensor_Start_DMA), (8 bytes).
    Removing stm32g4xx_hal_tim_ex.o(.text.HAL_TIMEx_HallSensor_Stop_DMA), (78 bytes).
    Removing stm32g4xx_hal_tim_ex.o(.ARM.exidx.text.HAL_TIMEx_HallSensor_Stop_DMA), (8 bytes).
    Removing stm32g4xx_hal_tim_ex.o(.text.HAL_TIMEx_OCN_Start), (270 bytes).
    Removing stm32g4xx_hal_tim_ex.o(.ARM.exidx.text.HAL_TIMEx_OCN_Start), (8 bytes).
    Removing stm32g4xx_hal_tim_ex.o(.text.HAL_TIMEx_OCN_Stop), (150 bytes).
    Removing stm32g4xx_hal_tim_ex.o(.ARM.exidx.text.HAL_TIMEx_OCN_Stop), (8 bytes).
    Removing stm32g4xx_hal_tim_ex.o(.text.HAL_TIMEx_OCN_Start_IT), (318 bytes).
    Removing stm32g4xx_hal_tim_ex.o(.ARM.exidx.text.HAL_TIMEx_OCN_Start_IT), (8 bytes).
    Removing stm32g4xx_hal_tim_ex.o(.text.HAL_TIMEx_OCN_Stop_IT), (202 bytes).
    Removing stm32g4xx_hal_tim_ex.o(.ARM.exidx.text.HAL_TIMEx_OCN_Stop_IT), (8 bytes).
    Removing stm32g4xx_hal_tim_ex.o(.text.HAL_TIMEx_OCN_Start_DMA), (640 bytes).
    Removing stm32g4xx_hal_tim_ex.o(.ARM.exidx.text.HAL_TIMEx_OCN_Start_DMA), (8 bytes).
    Removing stm32g4xx_hal_tim_ex.o(.text.TIM_DMADelayPulseNCplt), (106 bytes).
    Removing stm32g4xx_hal_tim_ex.o(.ARM.exidx.text.TIM_DMADelayPulseNCplt), (8 bytes).
    Removing stm32g4xx_hal_tim_ex.o(.text.TIM_DMAErrorCCxN), (86 bytes).
    Removing stm32g4xx_hal_tim_ex.o(.ARM.exidx.text.TIM_DMAErrorCCxN), (8 bytes).
    Removing stm32g4xx_hal_tim_ex.o(.text.HAL_TIMEx_OCN_Stop_DMA), (180 bytes).
    Removing stm32g4xx_hal_tim_ex.o(.ARM.exidx.text.HAL_TIMEx_OCN_Stop_DMA), (8 bytes).
    Removing stm32g4xx_hal_tim_ex.o(.text.HAL_TIMEx_PWMN_Start), (270 bytes).
    Removing stm32g4xx_hal_tim_ex.o(.ARM.exidx.text.HAL_TIMEx_PWMN_Start), (8 bytes).
    Removing stm32g4xx_hal_tim_ex.o(.text.HAL_TIMEx_PWMN_Stop), (150 bytes).
    Removing stm32g4xx_hal_tim_ex.o(.ARM.exidx.text.HAL_TIMEx_PWMN_Stop), (8 bytes).
    Removing stm32g4xx_hal_tim_ex.o(.text.HAL_TIMEx_PWMN_Start_IT), (318 bytes).
    Removing stm32g4xx_hal_tim_ex.o(.ARM.exidx.text.HAL_TIMEx_PWMN_Start_IT), (8 bytes).
    Removing stm32g4xx_hal_tim_ex.o(.text.HAL_TIMEx_PWMN_Stop_IT), (202 bytes).
    Removing stm32g4xx_hal_tim_ex.o(.ARM.exidx.text.HAL_TIMEx_PWMN_Stop_IT), (8 bytes).
    Removing stm32g4xx_hal_tim_ex.o(.text.HAL_TIMEx_PWMN_Start_DMA), (640 bytes).
    Removing stm32g4xx_hal_tim_ex.o(.ARM.exidx.text.HAL_TIMEx_PWMN_Start_DMA), (8 bytes).
    Removing stm32g4xx_hal_tim_ex.o(.text.HAL_TIMEx_PWMN_Stop_DMA), (180 bytes).
    Removing stm32g4xx_hal_tim_ex.o(.ARM.exidx.text.HAL_TIMEx_PWMN_Stop_DMA), (8 bytes).
    Removing stm32g4xx_hal_tim_ex.o(.text.HAL_TIMEx_OnePulseN_Start), (126 bytes).
    Removing stm32g4xx_hal_tim_ex.o(.ARM.exidx.text.HAL_TIMEx_OnePulseN_Start), (8 bytes).
    Removing stm32g4xx_hal_tim_ex.o(.text.HAL_TIMEx_OnePulseN_Stop), (132 bytes).
    Removing stm32g4xx_hal_tim_ex.o(.ARM.exidx.text.HAL_TIMEx_OnePulseN_Stop), (8 bytes).
    Removing stm32g4xx_hal_tim_ex.o(.text.HAL_TIMEx_OnePulseN_Start_IT), (142 bytes).
    Removing stm32g4xx_hal_tim_ex.o(.ARM.exidx.text.HAL_TIMEx_OnePulseN_Start_IT), (8 bytes).
    Removing stm32g4xx_hal_tim_ex.o(.text.HAL_TIMEx_OnePulseN_Stop_IT), (148 bytes).
    Removing stm32g4xx_hal_tim_ex.o(.ARM.exidx.text.HAL_TIMEx_OnePulseN_Stop_IT), (8 bytes).
    Removing stm32g4xx_hal_tim_ex.o(.text.HAL_TIMEx_ConfigCommutEvent), (242 bytes).
    Removing stm32g4xx_hal_tim_ex.o(.ARM.exidx.text.HAL_TIMEx_ConfigCommutEvent), (8 bytes).
    Removing stm32g4xx_hal_tim_ex.o(.text.HAL_TIMEx_ConfigCommutEvent_IT), (242 bytes).
    Removing stm32g4xx_hal_tim_ex.o(.ARM.exidx.text.HAL_TIMEx_ConfigCommutEvent_IT), (8 bytes).
    Removing stm32g4xx_hal_tim_ex.o(.text.HAL_TIMEx_ConfigCommutEvent_DMA), (278 bytes).
    Removing stm32g4xx_hal_tim_ex.o(.ARM.exidx.text.HAL_TIMEx_ConfigCommutEvent_DMA), (8 bytes).
    Removing stm32g4xx_hal_tim_ex.o(.text.TIMEx_DMACommutationCplt), (12 bytes).
    Removing stm32g4xx_hal_tim_ex.o(.ARM.exidx.text.TIMEx_DMACommutationCplt), (8 bytes).
    Removing stm32g4xx_hal_tim_ex.o(.text.TIMEx_DMACommutationHalfCplt), (12 bytes).
    Removing stm32g4xx_hal_tim_ex.o(.ARM.exidx.text.TIMEx_DMACommutationHalfCplt), (8 bytes).
    Removing stm32g4xx_hal_tim_ex.o(.ARM.exidx.text.HAL_TIMEx_MasterConfigSynchronization), (8 bytes).
    Removing stm32g4xx_hal_tim_ex.o(.ARM.exidx.text.HAL_TIMEx_ConfigBreakDeadTime), (8 bytes).
    Removing stm32g4xx_hal_tim_ex.o(.ARM.exidx.text.HAL_TIMEx_ConfigBreakInput), (8 bytes).
    Removing stm32g4xx_hal_tim_ex.o(.text.HAL_TIMEx_RemapConfig), (34 bytes).
    Removing stm32g4xx_hal_tim_ex.o(.ARM.exidx.text.HAL_TIMEx_RemapConfig), (8 bytes).
    Removing stm32g4xx_hal_tim_ex.o(.text.HAL_TIMEx_TISelection), (146 bytes).
    Removing stm32g4xx_hal_tim_ex.o(.ARM.exidx.text.HAL_TIMEx_TISelection), (8 bytes).
    Removing stm32g4xx_hal_tim_ex.o(.text.HAL_TIMEx_GroupChannel5), (48 bytes).
    Removing stm32g4xx_hal_tim_ex.o(.ARM.exidx.text.HAL_TIMEx_GroupChannel5), (8 bytes).
    Removing stm32g4xx_hal_tim_ex.o(.text.HAL_TIMEx_DisarmBreakInput), (80 bytes).
    Removing stm32g4xx_hal_tim_ex.o(.ARM.exidx.text.HAL_TIMEx_DisarmBreakInput), (8 bytes).
    Removing stm32g4xx_hal_tim_ex.o(.text.HAL_TIMEx_ReArmBreakInput), (124 bytes).
    Removing stm32g4xx_hal_tim_ex.o(.ARM.exidx.text.HAL_TIMEx_ReArmBreakInput), (8 bytes).
    Removing stm32g4xx_hal_tim_ex.o(.text.HAL_TIMEx_DitheringEnable), (14 bytes).
    Removing stm32g4xx_hal_tim_ex.o(.ARM.exidx.text.HAL_TIMEx_DitheringEnable), (8 bytes).
    Removing stm32g4xx_hal_tim_ex.o(.text.HAL_TIMEx_DitheringDisable), (14 bytes).
    Removing stm32g4xx_hal_tim_ex.o(.ARM.exidx.text.HAL_TIMEx_DitheringDisable), (8 bytes).
    Removing stm32g4xx_hal_tim_ex.o(.text.HAL_TIMEx_OC_ConfigPulseOnCompare), (56 bytes).
    Removing stm32g4xx_hal_tim_ex.o(.ARM.exidx.text.HAL_TIMEx_OC_ConfigPulseOnCompare), (8 bytes).
    Removing stm32g4xx_hal_tim_ex.o(.text.HAL_TIMEx_ConfigSlaveModePreload), (16 bytes).
    Removing stm32g4xx_hal_tim_ex.o(.ARM.exidx.text.HAL_TIMEx_ConfigSlaveModePreload), (8 bytes).
    Removing stm32g4xx_hal_tim_ex.o(.text.HAL_TIMEx_EnableSlaveModePreload), (14 bytes).
    Removing stm32g4xx_hal_tim_ex.o(.ARM.exidx.text.HAL_TIMEx_EnableSlaveModePreload), (8 bytes).
    Removing stm32g4xx_hal_tim_ex.o(.text.HAL_TIMEx_DisableSlaveModePreload), (14 bytes).
    Removing stm32g4xx_hal_tim_ex.o(.ARM.exidx.text.HAL_TIMEx_DisableSlaveModePreload), (8 bytes).
    Removing stm32g4xx_hal_tim_ex.o(.text.HAL_TIMEx_EnableDeadTimePreload), (14 bytes).
    Removing stm32g4xx_hal_tim_ex.o(.ARM.exidx.text.HAL_TIMEx_EnableDeadTimePreload), (8 bytes).
    Removing stm32g4xx_hal_tim_ex.o(.text.HAL_TIMEx_DisableDeadTimePreload), (14 bytes).
    Removing stm32g4xx_hal_tim_ex.o(.ARM.exidx.text.HAL_TIMEx_DisableDeadTimePreload), (8 bytes).
    Removing stm32g4xx_hal_tim_ex.o(.text.HAL_TIMEx_ConfigDeadTime), (16 bytes).
    Removing stm32g4xx_hal_tim_ex.o(.ARM.exidx.text.HAL_TIMEx_ConfigDeadTime), (8 bytes).
    Removing stm32g4xx_hal_tim_ex.o(.text.HAL_TIMEx_ConfigAsymmetricalDeadTime), (16 bytes).
    Removing stm32g4xx_hal_tim_ex.o(.ARM.exidx.text.HAL_TIMEx_ConfigAsymmetricalDeadTime), (8 bytes).
    Removing stm32g4xx_hal_tim_ex.o(.text.HAL_TIMEx_EnableAsymmetricalDeadTime), (14 bytes).
    Removing stm32g4xx_hal_tim_ex.o(.ARM.exidx.text.HAL_TIMEx_EnableAsymmetricalDeadTime), (8 bytes).
    Removing stm32g4xx_hal_tim_ex.o(.text.HAL_TIMEx_DisableAsymmetricalDeadTime), (14 bytes).
    Removing stm32g4xx_hal_tim_ex.o(.ARM.exidx.text.HAL_TIMEx_DisableAsymmetricalDeadTime), (8 bytes).
    Removing stm32g4xx_hal_tim_ex.o(.text.HAL_TIMEx_ConfigEncoderIndex), (82 bytes).
    Removing stm32g4xx_hal_tim_ex.o(.ARM.exidx.text.HAL_TIMEx_ConfigEncoderIndex), (8 bytes).
    Removing stm32g4xx_hal_tim_ex.o(.text.HAL_TIMEx_EnableEncoderIndex), (14 bytes).
    Removing stm32g4xx_hal_tim_ex.o(.ARM.exidx.text.HAL_TIMEx_EnableEncoderIndex), (8 bytes).
    Removing stm32g4xx_hal_tim_ex.o(.text.HAL_TIMEx_DisableEncoderIndex), (14 bytes).
    Removing stm32g4xx_hal_tim_ex.o(.ARM.exidx.text.HAL_TIMEx_DisableEncoderIndex), (8 bytes).
    Removing stm32g4xx_hal_tim_ex.o(.text.HAL_TIMEx_EnableEncoderFirstIndex), (14 bytes).
    Removing stm32g4xx_hal_tim_ex.o(.ARM.exidx.text.HAL_TIMEx_EnableEncoderFirstIndex), (8 bytes).
    Removing stm32g4xx_hal_tim_ex.o(.text.HAL_TIMEx_DisableEncoderFirstIndex), (14 bytes).
    Removing stm32g4xx_hal_tim_ex.o(.ARM.exidx.text.HAL_TIMEx_DisableEncoderFirstIndex), (8 bytes).
    Removing stm32g4xx_hal_tim_ex.o(.text.HAL_TIMEx_CommutCallback), (2 bytes).
    Removing stm32g4xx_hal_tim_ex.o(.ARM.exidx.text.HAL_TIMEx_CommutCallback), (8 bytes).
    Removing stm32g4xx_hal_tim_ex.o(.text.HAL_TIMEx_CommutHalfCpltCallback), (2 bytes).
    Removing stm32g4xx_hal_tim_ex.o(.ARM.exidx.text.HAL_TIMEx_CommutHalfCpltCallback), (8 bytes).
    Removing stm32g4xx_hal_tim_ex.o(.text.HAL_TIMEx_BreakCallback), (2 bytes).
    Removing stm32g4xx_hal_tim_ex.o(.ARM.exidx.text.HAL_TIMEx_BreakCallback), (8 bytes).
    Removing stm32g4xx_hal_tim_ex.o(.text.HAL_TIMEx_Break2Callback), (2 bytes).
    Removing stm32g4xx_hal_tim_ex.o(.ARM.exidx.text.HAL_TIMEx_Break2Callback), (8 bytes).
    Removing stm32g4xx_hal_tim_ex.o(.text.HAL_TIMEx_EncoderIndexCallback), (2 bytes).
    Removing stm32g4xx_hal_tim_ex.o(.ARM.exidx.text.HAL_TIMEx_EncoderIndexCallback), (8 bytes).
    Removing stm32g4xx_hal_tim_ex.o(.text.HAL_TIMEx_DirectionChangeCallback), (2 bytes).
    Removing stm32g4xx_hal_tim_ex.o(.ARM.exidx.text.HAL_TIMEx_DirectionChangeCallback), (8 bytes).
    Removing stm32g4xx_hal_tim_ex.o(.text.HAL_TIMEx_IndexErrorCallback), (2 bytes).
    Removing stm32g4xx_hal_tim_ex.o(.ARM.exidx.text.HAL_TIMEx_IndexErrorCallback), (8 bytes).
    Removing stm32g4xx_hal_tim_ex.o(.text.HAL_TIMEx_TransitionErrorCallback), (2 bytes).
    Removing stm32g4xx_hal_tim_ex.o(.ARM.exidx.text.HAL_TIMEx_TransitionErrorCallback), (8 bytes).
    Removing stm32g4xx_hal_tim_ex.o(.text.HAL_TIMEx_HallSensor_GetState), (6 bytes).
    Removing stm32g4xx_hal_tim_ex.o(.ARM.exidx.text.HAL_TIMEx_HallSensor_GetState), (8 bytes).
    Removing stm32g4xx_hal_tim_ex.o(.text.HAL_TIMEx_GetChannelNState), (34 bytes).
    Removing stm32g4xx_hal_tim_ex.o(.ARM.exidx.text.HAL_TIMEx_GetChannelNState), (8 bytes).
    Removing stm32g4xx_hal_tim_ex.o(.rodata.cst16), (48 bytes).
    Removing stm32g4xx_hal_uart.o(.text), (0 bytes).
    Removing stm32g4xx_hal_uart.o(.ARM.exidx.text.HAL_UART_Init), (8 bytes).
    Removing stm32g4xx_hal_uart.o(.text.HAL_UART_MspInit), (2 bytes).
    Removing stm32g4xx_hal_uart.o(.ARM.exidx.text.HAL_UART_MspInit), (8 bytes).
    Removing stm32g4xx_hal_uart.o(.ARM.exidx.text.UART_AdvFeatureConfig), (8 bytes).
    Removing stm32g4xx_hal_uart.o(.ARM.exidx.text.UART_SetConfig), (8 bytes).
    Removing stm32g4xx_hal_uart.o(.ARM.exidx.text.UART_CheckIdleState), (8 bytes).
    Removing stm32g4xx_hal_uart.o(.text.HAL_HalfDuplex_Init), (108 bytes).
    Removing stm32g4xx_hal_uart.o(.ARM.exidx.text.HAL_HalfDuplex_Init), (8 bytes).
    Removing stm32g4xx_hal_uart.o(.text.HAL_LIN_Init), (134 bytes).
    Removing stm32g4xx_hal_uart.o(.ARM.exidx.text.HAL_LIN_Init), (8 bytes).
    Removing stm32g4xx_hal_uart.o(.text.HAL_MultiProcessor_Init), (132 bytes).
    Removing stm32g4xx_hal_uart.o(.ARM.exidx.text.HAL_MultiProcessor_Init), (8 bytes).
    Removing stm32g4xx_hal_uart.o(.text.HAL_UART_DeInit), (64 bytes).
    Removing stm32g4xx_hal_uart.o(.ARM.exidx.text.HAL_UART_DeInit), (8 bytes).
    Removing stm32g4xx_hal_uart.o(.text.HAL_UART_MspDeInit), (2 bytes).
    Removing stm32g4xx_hal_uart.o(.ARM.exidx.text.HAL_UART_MspDeInit), (8 bytes).
    Removing stm32g4xx_hal_uart.o(.text.HAL_UART_Transmit), (364 bytes).
    Removing stm32g4xx_hal_uart.o(.ARM.exidx.text.HAL_UART_Transmit), (8 bytes).
    Removing stm32g4xx_hal_uart.o(.ARM.exidx.text.UART_WaitOnFlagUntilTimeout), (8 bytes).
    Removing stm32g4xx_hal_uart.o(.text.HAL_UART_Receive), (280 bytes).
    Removing stm32g4xx_hal_uart.o(.ARM.exidx.text.HAL_UART_Receive), (8 bytes).
    Removing stm32g4xx_hal_uart.o(.text.HAL_UART_Transmit_IT), (294 bytes).
    Removing stm32g4xx_hal_uart.o(.ARM.exidx.text.HAL_UART_Transmit_IT), (8 bytes).
    Removing stm32g4xx_hal_uart.o(.text.UART_TxISR_16BIT_FIFOEN), (224 bytes).
    Removing stm32g4xx_hal_uart.o(.ARM.exidx.text.UART_TxISR_16BIT_FIFOEN), (8 bytes).
    Removing stm32g4xx_hal_uart.o(.text.UART_TxISR_8BIT_FIFOEN), (220 bytes).
    Removing stm32g4xx_hal_uart.o(.ARM.exidx.text.UART_TxISR_8BIT_FIFOEN), (8 bytes).
    Removing stm32g4xx_hal_uart.o(.text.UART_TxISR_16BIT), (204 bytes).
    Removing stm32g4xx_hal_uart.o(.ARM.exidx.text.UART_TxISR_16BIT), (8 bytes).
    Removing stm32g4xx_hal_uart.o(.text.UART_TxISR_8BIT), (200 bytes).
    Removing stm32g4xx_hal_uart.o(.ARM.exidx.text.UART_TxISR_8BIT), (8 bytes).
    Removing stm32g4xx_hal_uart.o(.text.HAL_UART_Receive_IT), (170 bytes).
    Removing stm32g4xx_hal_uart.o(.ARM.exidx.text.HAL_UART_Receive_IT), (8 bytes).
    Removing stm32g4xx_hal_uart.o(.text.UART_Start_Receive_IT), (610 bytes).
    Removing stm32g4xx_hal_uart.o(.ARM.exidx.text.UART_Start_Receive_IT), (8 bytes).
    Removing stm32g4xx_hal_uart.o(.text.HAL_UART_Transmit_DMA), (232 bytes).
    Removing stm32g4xx_hal_uart.o(.ARM.exidx.text.HAL_UART_Transmit_DMA), (8 bytes).
    Removing stm32g4xx_hal_uart.o(.text.UART_DMATransmitCplt), (176 bytes).
    Removing stm32g4xx_hal_uart.o(.ARM.exidx.text.UART_DMATransmitCplt), (8 bytes).
    Removing stm32g4xx_hal_uart.o(.text.UART_DMATxHalfCplt), (6 bytes).
    Removing stm32g4xx_hal_uart.o(.ARM.exidx.text.UART_DMATxHalfCplt), (8 bytes).
    Removing stm32g4xx_hal_uart.o(.text.UART_DMAError), (462 bytes).
    Removing stm32g4xx_hal_uart.o(.ARM.exidx.text.UART_DMAError), (8 bytes).
    Removing stm32g4xx_hal_uart.o(.text.HAL_UART_Receive_DMA), (496 bytes).
    Removing stm32g4xx_hal_uart.o(.ARM.exidx.text.HAL_UART_Receive_DMA), (8 bytes).
    Removing stm32g4xx_hal_uart.o(.text.UART_Start_Receive_DMA), (326 bytes).
    Removing stm32g4xx_hal_uart.o(.ARM.exidx.text.UART_Start_Receive_DMA), (8 bytes).
    Removing stm32g4xx_hal_uart.o(.text.HAL_UART_DMAPause), (338 bytes).
    Removing stm32g4xx_hal_uart.o(.ARM.exidx.text.HAL_UART_DMAPause), (8 bytes).
    Removing stm32g4xx_hal_uart.o(.text.HAL_UART_DMAResume), (330 bytes).
    Removing stm32g4xx_hal_uart.o(.ARM.exidx.text.HAL_UART_DMAResume), (8 bytes).
    Removing stm32g4xx_hal_uart.o(.text.HAL_UART_DMAStop), (652 bytes).
    Removing stm32g4xx_hal_uart.o(.ARM.exidx.text.HAL_UART_DMAStop), (8 bytes).
    Removing stm32g4xx_hal_uart.o(.text.HAL_UART_Abort), (516 bytes).
    Removing stm32g4xx_hal_uart.o(.ARM.exidx.text.HAL_UART_Abort), (8 bytes).
    Removing stm32g4xx_hal_uart.o(.text.HAL_UART_AbortTransmit), (300 bytes).
    Removing stm32g4xx_hal_uart.o(.ARM.exidx.text.HAL_UART_AbortTransmit), (8 bytes).
    Removing stm32g4xx_hal_uart.o(.text.HAL_UART_AbortReceive), (382 bytes).
    Removing stm32g4xx_hal_uart.o(.ARM.exidx.text.HAL_UART_AbortReceive), (8 bytes).
    Removing stm32g4xx_hal_uart.o(.text.HAL_UART_Abort_IT), (552 bytes).
    Removing stm32g4xx_hal_uart.o(.ARM.exidx.text.HAL_UART_Abort_IT), (8 bytes).
    Removing stm32g4xx_hal_uart.o(.text.UART_DMATxAbortCallback), (64 bytes).
    Removing stm32g4xx_hal_uart.o(.ARM.exidx.text.UART_DMATxAbortCallback), (8 bytes).
    Removing stm32g4xx_hal_uart.o(.text.UART_DMARxAbortCallback), (54 bytes).
    Removing stm32g4xx_hal_uart.o(.ARM.exidx.text.UART_DMARxAbortCallback), (8 bytes).
    Removing stm32g4xx_hal_uart.o(.text.HAL_UART_AbortCpltCallback), (2 bytes).
    Removing stm32g4xx_hal_uart.o(.ARM.exidx.text.HAL_UART_AbortCpltCallback), (8 bytes).
    Removing stm32g4xx_hal_uart.o(.text.HAL_UART_AbortTransmit_IT), (310 bytes).
    Removing stm32g4xx_hal_uart.o(.ARM.exidx.text.HAL_UART_AbortTransmit_IT), (8 bytes).
    Removing stm32g4xx_hal_uart.o(.text.UART_DMATxOnlyAbortCallback), (30 bytes).
    Removing stm32g4xx_hal_uart.o(.ARM.exidx.text.UART_DMATxOnlyAbortCallback), (8 bytes).
    Removing stm32g4xx_hal_uart.o(.text.HAL_UART_AbortTransmitCpltCallback), (2 bytes).
    Removing stm32g4xx_hal_uart.o(.ARM.exidx.text.HAL_UART_AbortTransmitCpltCallback), (8 bytes).
    Removing stm32g4xx_hal_uart.o(.text.HAL_UART_AbortReceive_IT), (406 bytes).
    Removing stm32g4xx_hal_uart.o(.ARM.exidx.text.HAL_UART_AbortReceive_IT), (8 bytes).
    Removing stm32g4xx_hal_uart.o(.text.UART_DMARxOnlyAbortCallback), (30 bytes).
    Removing stm32g4xx_hal_uart.o(.ARM.exidx.text.UART_DMARxOnlyAbortCallback), (8 bytes).
    Removing stm32g4xx_hal_uart.o(.text.HAL_UART_AbortReceiveCpltCallback), (2 bytes).
    Removing stm32g4xx_hal_uart.o(.ARM.exidx.text.HAL_UART_AbortReceiveCpltCallback), (8 bytes).
    Removing stm32g4xx_hal_uart.o(.text.HAL_UART_IRQHandler), (1614 bytes).
    Removing stm32g4xx_hal_uart.o(.ARM.exidx.text.HAL_UART_IRQHandler), (8 bytes).
    Removing stm32g4xx_hal_uart.o(.text.UART_DMAAbortOnError), (6 bytes).
    Removing stm32g4xx_hal_uart.o(.ARM.exidx.text.UART_DMAAbortOnError), (8 bytes).
    Removing stm32g4xx_hal_uart.o(.text.HAL_UART_ErrorCallback), (2 bytes).
    Removing stm32g4xx_hal_uart.o(.ARM.exidx.text.HAL_UART_ErrorCallback), (8 bytes).
    Removing stm32g4xx_hal_uart.o(.text.HAL_UARTEx_RxEventCallback), (2 bytes).
    Removing stm32g4xx_hal_uart.o(.ARM.exidx.text.HAL_UARTEx_RxEventCallback), (8 bytes).
    Removing stm32g4xx_hal_uart.o(.text.HAL_UART_TxCpltCallback), (2 bytes).
    Removing stm32g4xx_hal_uart.o(.ARM.exidx.text.HAL_UART_TxCpltCallback), (8 bytes).
    Removing stm32g4xx_hal_uart.o(.text.HAL_UART_TxHalfCpltCallback), (2 bytes).
    Removing stm32g4xx_hal_uart.o(.ARM.exidx.text.HAL_UART_TxHalfCpltCallback), (8 bytes).
    Removing stm32g4xx_hal_uart.o(.text.HAL_UART_RxCpltCallback), (2 bytes).
    Removing stm32g4xx_hal_uart.o(.ARM.exidx.text.HAL_UART_RxCpltCallback), (8 bytes).
    Removing stm32g4xx_hal_uart.o(.text.HAL_UART_RxHalfCpltCallback), (2 bytes).
    Removing stm32g4xx_hal_uart.o(.ARM.exidx.text.HAL_UART_RxHalfCpltCallback), (8 bytes).
    Removing stm32g4xx_hal_uart.o(.text.HAL_UART_ReceiverTimeout_Config), (28 bytes).
    Removing stm32g4xx_hal_uart.o(.ARM.exidx.text.HAL_UART_ReceiverTimeout_Config), (8 bytes).
    Removing stm32g4xx_hal_uart.o(.text.HAL_UART_EnableReceiverTimeout), (70 bytes).
    Removing stm32g4xx_hal_uart.o(.ARM.exidx.text.HAL_UART_EnableReceiverTimeout), (8 bytes).
    Removing stm32g4xx_hal_uart.o(.text.HAL_UART_DisableReceiverTimeout), (70 bytes).
    Removing stm32g4xx_hal_uart.o(.ARM.exidx.text.HAL_UART_DisableReceiverTimeout), (8 bytes).
    Removing stm32g4xx_hal_uart.o(.text.HAL_MultiProcessor_EnableMuteMode), (108 bytes).
    Removing stm32g4xx_hal_uart.o(.ARM.exidx.text.HAL_MultiProcessor_EnableMuteMode), (8 bytes).
    Removing stm32g4xx_hal_uart.o(.text.HAL_MultiProcessor_DisableMuteMode), (108 bytes).
    Removing stm32g4xx_hal_uart.o(.ARM.exidx.text.HAL_MultiProcessor_DisableMuteMode), (8 bytes).
    Removing stm32g4xx_hal_uart.o(.text.HAL_MultiProcessor_EnterMuteMode), (12 bytes).
    Removing stm32g4xx_hal_uart.o(.ARM.exidx.text.HAL_MultiProcessor_EnterMuteMode), (8 bytes).
    Removing stm32g4xx_hal_uart.o(.text.HAL_HalfDuplex_EnableTransmitter), (190 bytes).
    Removing stm32g4xx_hal_uart.o(.ARM.exidx.text.HAL_HalfDuplex_EnableTransmitter), (8 bytes).
    Removing stm32g4xx_hal_uart.o(.text.HAL_HalfDuplex_EnableReceiver), (190 bytes).
    Removing stm32g4xx_hal_uart.o(.ARM.exidx.text.HAL_HalfDuplex_EnableReceiver), (8 bytes).
    Removing stm32g4xx_hal_uart.o(.text.HAL_LIN_SendBreak), (44 bytes).
    Removing stm32g4xx_hal_uart.o(.ARM.exidx.text.HAL_LIN_SendBreak), (8 bytes).
    Removing stm32g4xx_hal_uart.o(.text.HAL_UART_GetState), (12 bytes).
    Removing stm32g4xx_hal_uart.o(.ARM.exidx.text.HAL_UART_GetState), (8 bytes).
    Removing stm32g4xx_hal_uart.o(.text.HAL_UART_GetError), (6 bytes).
    Removing stm32g4xx_hal_uart.o(.ARM.exidx.text.HAL_UART_GetError), (8 bytes).
    Removing stm32g4xx_hal_uart.o(.text.UART_RxISR_16BIT_FIFOEN), (798 bytes).
    Removing stm32g4xx_hal_uart.o(.ARM.exidx.text.UART_RxISR_16BIT_FIFOEN), (8 bytes).
    Removing stm32g4xx_hal_uart.o(.text.UART_RxISR_8BIT_FIFOEN), (802 bytes).
    Removing stm32g4xx_hal_uart.o(.ARM.exidx.text.UART_RxISR_8BIT_FIFOEN), (8 bytes).
    Removing stm32g4xx_hal_uart.o(.text.UART_RxISR_16BIT), (434 bytes).
    Removing stm32g4xx_hal_uart.o(.ARM.exidx.text.UART_RxISR_16BIT), (8 bytes).
    Removing stm32g4xx_hal_uart.o(.text.UART_RxISR_8BIT), (438 bytes).
    Removing stm32g4xx_hal_uart.o(.ARM.exidx.text.UART_RxISR_8BIT), (8 bytes).
    Removing stm32g4xx_hal_uart.o(.text.UART_DMAReceiveCplt), (384 bytes).
    Removing stm32g4xx_hal_uart.o(.ARM.exidx.text.UART_DMAReceiveCplt), (8 bytes).
    Removing stm32g4xx_hal_uart.o(.text.UART_DMARxHalfCplt), (54 bytes).
    Removing stm32g4xx_hal_uart.o(.ARM.exidx.text.UART_DMARxHalfCplt), (8 bytes).
    Removing stm32g4xx_hal_uart_ex.o(.text), (0 bytes).
    Removing stm32g4xx_hal_uart_ex.o(.text.HAL_RS485Ex_Init), (132 bytes).
    Removing stm32g4xx_hal_uart_ex.o(.ARM.exidx.text.HAL_RS485Ex_Init), (8 bytes).
    Removing stm32g4xx_hal_uart_ex.o(.text.HAL_UARTEx_WakeupCallback), (2 bytes).
    Removing stm32g4xx_hal_uart_ex.o(.ARM.exidx.text.HAL_UARTEx_WakeupCallback), (8 bytes).
    Removing stm32g4xx_hal_uart_ex.o(.text.HAL_UARTEx_RxFifoFullCallback), (2 bytes).
    Removing stm32g4xx_hal_uart_ex.o(.ARM.exidx.text.HAL_UARTEx_RxFifoFullCallback), (8 bytes).
    Removing stm32g4xx_hal_uart_ex.o(.text.HAL_UARTEx_TxFifoEmptyCallback), (2 bytes).
    Removing stm32g4xx_hal_uart_ex.o(.ARM.exidx.text.HAL_UARTEx_TxFifoEmptyCallback), (8 bytes).
    Removing stm32g4xx_hal_uart_ex.o(.text.HAL_MultiProcessorEx_AddressLength_Set), (46 bytes).
    Removing stm32g4xx_hal_uart_ex.o(.ARM.exidx.text.HAL_MultiProcessorEx_AddressLength_Set), (8 bytes).
    Removing stm32g4xx_hal_uart_ex.o(.text.HAL_UARTEx_StopModeWakeUpSourceConfig), (140 bytes).
    Removing stm32g4xx_hal_uart_ex.o(.ARM.exidx.text.HAL_UARTEx_StopModeWakeUpSourceConfig), (8 bytes).
    Removing stm32g4xx_hal_uart_ex.o(.text.HAL_UARTEx_EnableStopMode), (104 bytes).
    Removing stm32g4xx_hal_uart_ex.o(.ARM.exidx.text.HAL_UARTEx_EnableStopMode), (8 bytes).
    Removing stm32g4xx_hal_uart_ex.o(.text.HAL_UARTEx_DisableStopMode), (104 bytes).
    Removing stm32g4xx_hal_uart_ex.o(.ARM.exidx.text.HAL_UARTEx_DisableStopMode), (8 bytes).
    Removing stm32g4xx_hal_uart_ex.o(.text.HAL_UARTEx_EnableFifoMode), (122 bytes).
    Removing stm32g4xx_hal_uart_ex.o(.ARM.exidx.text.HAL_UARTEx_EnableFifoMode), (8 bytes).
    Removing stm32g4xx_hal_uart_ex.o(.ARM.exidx.text.HAL_UARTEx_DisableFifoMode), (8 bytes).
    Removing stm32g4xx_hal_uart_ex.o(.ARM.exidx.text.HAL_UARTEx_SetTxFifoThreshold), (8 bytes).
    Removing stm32g4xx_hal_uart_ex.o(.ARM.exidx.text.HAL_UARTEx_SetRxFifoThreshold), (8 bytes).
    Removing stm32g4xx_hal_uart_ex.o(.text.HAL_UARTEx_ReceiveToIdle), (446 bytes).
    Removing stm32g4xx_hal_uart_ex.o(.ARM.exidx.text.HAL_UARTEx_ReceiveToIdle), (8 bytes).
    Removing stm32g4xx_hal_uart_ex.o(.text.HAL_UARTEx_ReceiveToIdle_IT), (138 bytes).
    Removing stm32g4xx_hal_uart_ex.o(.ARM.exidx.text.HAL_UARTEx_ReceiveToIdle_IT), (8 bytes).
    Removing stm32g4xx_hal_uart_ex.o(.text.HAL_UARTEx_ReceiveToIdle_DMA), (152 bytes).
    Removing stm32g4xx_hal_uart_ex.o(.ARM.exidx.text.HAL_UARTEx_ReceiveToIdle_DMA), (8 bytes).
    Removing stm32g4xx_hal_uart_ex.o(.text.HAL_UARTEx_GetRxEventType), (4 bytes).
    Removing stm32g4xx_hal_uart_ex.o(.ARM.exidx.text.HAL_UARTEx_GetRxEventType), (8 bytes).
    Removing system_stm32g4xx.o(.text), (0 bytes).
    Removing system_stm32g4xx.o(.text.SystemInit), (18 bytes).
    Removing system_stm32g4xx.o(.ARM.exidx.text.SystemInit), (8 bytes).
    Removing system_stm32g4xx.o(.text.SystemCoreClockUpdate), (152 bytes).
    Removing system_stm32g4xx.o(.ARM.exidx.text.SystemCoreClockUpdate), (8 bytes).

1260 unused section(s) (total 87212 bytes) removed from the image.

==============================================================================

Image Symbol Table

    Local Symbols

    Symbol Name                              Value     Ov Type        Size  Object(Section)

    ../clib/microlib/division.c              0x00000000   Number         0  uldiv.o ABSOLUTE
    ../clib/microlib/init/entry.s            0x00000000   Number         0  entry.o ABSOLUTE
    ../clib/microlib/init/entry.s            0x00000000   Number         0  entry2.o ABSOLUTE
    ../clib/microlib/init/entry.s            0x00000000   Number         0  entry5.o ABSOLUTE
    ../clib/microlib/init/entry.s            0x00000000   Number         0  entry7a.o ABSOLUTE
    ../clib/microlib/init/entry.s            0x00000000   Number         0  entry7b.o ABSOLUTE
    ../clib/microlib/init/entry.s            0x00000000   Number         0  entry8a.o ABSOLUTE
    ../clib/microlib/init/entry.s            0x00000000   Number         0  entry8b.o ABSOLUTE
    ../clib/microlib/init/entry.s            0x00000000   Number         0  entry9a.o ABSOLUTE
    ../clib/microlib/init/entry.s            0x00000000   Number         0  entry9b.o ABSOLUTE
    ../clib/microlib/init/entry.s            0x00000000   Number         0  entry10a.o ABSOLUTE
    ../clib/microlib/init/entry.s            0x00000000   Number         0  entry10b.o ABSOLUTE
    ../clib/microlib/init/entry.s            0x00000000   Number         0  entry11a.o ABSOLUTE
    ../clib/microlib/init/entry.s            0x00000000   Number         0  entry11b.o ABSOLUTE
    ../clib/microlib/longlong.c              0x00000000   Number         0  llshl.o ABSOLUTE
    ../clib/microlib/longlong.c              0x00000000   Number         0  llushr.o ABSOLUTE
    ../clib/microlib/string/memset.c         0x00000000   Number         0  memseta.o ABSOLUTE
    adc.c                                    0x00000000   Number         0  adc.o ABSOLUTE
    dc.s                                     0x00000000   Number         0  dc.o ABSOLUTE
    dma.c                                    0x00000000   Number         0  dma.o ABSOLUTE
    gpio.c                                   0x00000000   Number         0  gpio.o ABSOLUTE
    handlers.s                               0x00000000   Number         0  handlers.o ABSOLUTE
    i2c.c                                    0x00000000   Number         0  i2c.o ABSOLUTE
    init.s                                   0x00000000   Number         0  init.o ABSOLUTE
    main.c                                   0x00000000   Number         0  main.o ABSOLUTE
    startup_stm32g474xx.s                    0x00000000   Number         0  startup_stm32g474xx.o ABSOLUTE
    stm32g4xx_hal.c                          0x00000000   Number         0  stm32g4xx_hal.o ABSOLUTE
    stm32g4xx_hal_adc.c                      0x00000000   Number         0  stm32g4xx_hal_adc.o ABSOLUTE
    stm32g4xx_hal_adc_ex.c                   0x00000000   Number         0  stm32g4xx_hal_adc_ex.o ABSOLUTE
    stm32g4xx_hal_cortex.c                   0x00000000   Number         0  stm32g4xx_hal_cortex.o ABSOLUTE
    stm32g4xx_hal_dma.c                      0x00000000   Number         0  stm32g4xx_hal_dma.o ABSOLUTE
    stm32g4xx_hal_dma_ex.c                   0x00000000   Number         0  stm32g4xx_hal_dma_ex.o ABSOLUTE
    stm32g4xx_hal_exti.c                     0x00000000   Number         0  stm32g4xx_hal_exti.o ABSOLUTE
    stm32g4xx_hal_flash.c                    0x00000000   Number         0  stm32g4xx_hal_flash.o ABSOLUTE
    stm32g4xx_hal_flash_ex.c                 0x00000000   Number         0  stm32g4xx_hal_flash_ex.o ABSOLUTE
    stm32g4xx_hal_flash_ramfunc.c            0x00000000   Number         0  stm32g4xx_hal_flash_ramfunc.o ABSOLUTE
    stm32g4xx_hal_gpio.c                     0x00000000   Number         0  stm32g4xx_hal_gpio.o ABSOLUTE
    stm32g4xx_hal_i2c.c                      0x00000000   Number         0  stm32g4xx_hal_i2c.o ABSOLUTE
    stm32g4xx_hal_i2c_ex.c                   0x00000000   Number         0  stm32g4xx_hal_i2c_ex.o ABSOLUTE
    stm32g4xx_hal_msp.c                      0x00000000   Number         0  stm32g4xx_hal_msp.o ABSOLUTE
    stm32g4xx_hal_pwr.c                      0x00000000   Number         0  stm32g4xx_hal_pwr.o ABSOLUTE
    stm32g4xx_hal_pwr_ex.c                   0x00000000   Number         0  stm32g4xx_hal_pwr_ex.o ABSOLUTE
    stm32g4xx_hal_rcc.c                      0x00000000   Number         0  stm32g4xx_hal_rcc.o ABSOLUTE
    stm32g4xx_hal_rcc_ex.c                   0x00000000   Number         0  stm32g4xx_hal_rcc_ex.o ABSOLUTE
    stm32g4xx_hal_tim.c                      0x00000000   Number         0  stm32g4xx_hal_tim.o ABSOLUTE
    stm32g4xx_hal_tim_ex.c                   0x00000000   Number         0  stm32g4xx_hal_tim_ex.o ABSOLUTE
    stm32g4xx_hal_uart.c                     0x00000000   Number         0  stm32g4xx_hal_uart.o ABSOLUTE
    stm32g4xx_hal_uart_ex.c                  0x00000000   Number         0  stm32g4xx_hal_uart_ex.o ABSOLUTE
    stm32g4xx_it.c                           0x00000000   Number         0  stm32g4xx_it.o ABSOLUTE
    stm32g4xx_ll_adc.c                       0x00000000   Number         0  stm32g4xx_ll_adc.o ABSOLUTE
    system_stm32g4xx.c                       0x00000000   Number         0  system_stm32g4xx.o ABSOLUTE
    tim.c                                    0x00000000   Number         0  tim.o ABSOLUTE
    usart.c                                  0x00000000   Number         0  usart.o ABSOLUTE
    .ARM.Collect$$$$00000000                 0x08000000   Section        0  entry.o(.ARM.Collect$$$$00000000)
    .ARM.Collect$$$$00000001                 0x08000000   Section        4  entry2.o(.ARM.Collect$$$$00000001)
    .ARM.Collect$$$$00000004                 0x08000004   Section        4  entry5.o(.ARM.Collect$$$$00000004)
    .ARM.Collect$$$$00000008                 0x08000008   Section        0  entry7b.o(.ARM.Collect$$$$00000008)
    .ARM.Collect$$$$0000000A                 0x08000008   Section        0  entry8b.o(.ARM.Collect$$$$0000000A)
    .ARM.Collect$$$$0000000B                 0x08000008   Section        8  entry9a.o(.ARM.Collect$$$$0000000B)
    __lit__00000000                          0x08000010   Data           4  entry2.o(.ARM.Collect$$$$00002712)
    .ARM.Collect$$$$0000000D                 0x08000010   Section        0  entry10a.o(.ARM.Collect$$$$0000000D)
    .ARM.Collect$$$$0000000F                 0x08000010   Section        0  entry11a.o(.ARM.Collect$$$$0000000F)
    .ARM.Collect$$$$00002712                 0x08000010   Section        4  entry2.o(.ARM.Collect$$$$00002712)
    .text                                    0x08000014   Section        0  uldiv.o(.text)
    .text                                    0x08000076   Section        0  memseta.o(.text)
    .text                                    0x0800009a   Section        0  llshl.o(.text)
    .text                                    0x080000b8   Section        0  llushr.o(.text)
    .text                                    0x080000d8   Section       48  init.o(.text)
    [Anonymous Symbol]                       0x08000108   Section        0  main.o(.text.Error_Handler)
    [Anonymous Symbol]                       0x08000114   Section        0  stm32g4xx_hal_adc_ex.o(.text.HAL_ADCEx_MultiModeConfigChannel)
    [Anonymous Symbol]                       0x08000248   Section        0  stm32g4xx_hal_adc.o(.text.HAL_ADC_ConfigChannel)
    [Anonymous Symbol]                       0x0800063c   Section        0  stm32g4xx_hal_adc.o(.text.HAL_ADC_Init)
    [Anonymous Symbol]                       0x08000894   Section        0  adc.o(.text.HAL_ADC_MspInit)
    [Anonymous Symbol]                       0x08000a50   Section        0  stm32g4xx_hal_dma.o(.text.HAL_DMA_Init)
    [Anonymous Symbol]                       0x08000b74   Section        0  stm32g4xx_hal_gpio.o(.text.HAL_GPIO_Init)
    [Anonymous Symbol]                       0x08000d54   Section        0  stm32g4xx_hal_gpio.o(.text.HAL_GPIO_WritePin)
    [Anonymous Symbol]                       0x08000d60   Section        0  stm32g4xx_hal.o(.text.HAL_GetTick)
    [Anonymous Symbol]                       0x08000d6c   Section        0  stm32g4xx_hal_i2c_ex.o(.text.HAL_I2CEx_ConfigAnalogFilter)
    [Anonymous Symbol]                       0x08000db8   Section        0  stm32g4xx_hal_i2c_ex.o(.text.HAL_I2CEx_ConfigDigitalFilter)
    [Anonymous Symbol]                       0x08000e00   Section        0  stm32g4xx_hal_i2c.o(.text.HAL_I2C_Init)
    [Anonymous Symbol]                       0x08000eb0   Section        0  i2c.o(.text.HAL_I2C_MspInit)
    [Anonymous Symbol]                       0x08000f48   Section        0  stm32g4xx_hal.o(.text.HAL_Init)
    [Anonymous Symbol]                       0x08000f78   Section        0  stm32g4xx_hal.o(.text.HAL_InitTick)
    [Anonymous Symbol]                       0x08000fc8   Section        0  stm32g4xx_hal_msp.o(.text.HAL_MspInit)
    [Anonymous Symbol]                       0x08000ffc   Section        0  stm32g4xx_hal_cortex.o(.text.HAL_NVIC_EnableIRQ)
    [Anonymous Symbol]                       0x08001020   Section        0  stm32g4xx_hal_cortex.o(.text.HAL_NVIC_SetPriority)
    [Anonymous Symbol]                       0x08001078   Section        0  stm32g4xx_hal_cortex.o(.text.HAL_NVIC_SetPriorityGrouping)
    [Anonymous Symbol]                       0x08001098   Section        0  stm32g4xx_hal_pwr_ex.o(.text.HAL_PWREx_ControlVoltageScaling)
    [Anonymous Symbol]                       0x080011a8   Section        0  stm32g4xx_hal_pwr_ex.o(.text.HAL_PWREx_DisableUCPDDeadBattery)
    [Anonymous Symbol]                       0x080011bc   Section        0  stm32g4xx_hal_rcc_ex.o(.text.HAL_RCCEx_PeriphCLKConfig)
    [Anonymous Symbol]                       0x08001494   Section        0  stm32g4xx_hal_rcc.o(.text.HAL_RCC_ClockConfig)
    [Anonymous Symbol]                       0x08001798   Section        0  stm32g4xx_hal_rcc.o(.text.HAL_RCC_GetPCLK1Freq)
    [Anonymous Symbol]                       0x080017c4   Section        0  stm32g4xx_hal_rcc.o(.text.HAL_RCC_GetPCLK2Freq)
    [Anonymous Symbol]                       0x080017f0   Section        0  stm32g4xx_hal_rcc.o(.text.HAL_RCC_GetSysClockFreq)
    [Anonymous Symbol]                       0x08001874   Section        0  stm32g4xx_hal_rcc.o(.text.HAL_RCC_OscConfig)
    [Anonymous Symbol]                       0x08001d44   Section        0  stm32g4xx_hal_cortex.o(.text.HAL_SYSTICK_Config)
    [Anonymous Symbol]                       0x08001d70   Section        0  stm32g4xx_hal_tim_ex.o(.text.HAL_TIMEx_ConfigBreakDeadTime)
    [Anonymous Symbol]                       0x08001e44   Section        0  stm32g4xx_hal_tim_ex.o(.text.HAL_TIMEx_ConfigBreakInput)
    [Anonymous Symbol]                       0x08001f60   Section        0  stm32g4xx_hal_tim_ex.o(.text.HAL_TIMEx_MasterConfigSynchronization)
    [Anonymous Symbol]                       0x08002040   Section        0  stm32g4xx_hal_tim.o(.text.HAL_TIM_Base_Init)
    [Anonymous Symbol]                       0x080020a4   Section        0  tim.o(.text.HAL_TIM_Base_MspInit)
    [Anonymous Symbol]                       0x080021c4   Section        0  stm32g4xx_hal_tim.o(.text.HAL_TIM_ConfigClockSource)
    [Anonymous Symbol]                       0x08002424   Section        0  stm32g4xx_hal_tim.o(.text.HAL_TIM_PWM_ConfigChannel)
    [Anonymous Symbol]                       0x08002834   Section        0  stm32g4xx_hal_tim.o(.text.HAL_TIM_PWM_Init)
    [Anonymous Symbol]                       0x08002898   Section        0  stm32g4xx_hal_tim.o(.text.HAL_TIM_PWM_MspInit)
    [Anonymous Symbol]                       0x0800289c   Section        0  stm32g4xx_hal_tim.o(.text.HAL_TIM_SlaveConfigSynchro)
    [Anonymous Symbol]                       0x080028f4   Section        0  stm32g4xx_hal_uart_ex.o(.text.HAL_UARTEx_DisableFifoMode)
    [Anonymous Symbol]                       0x0800292c   Section        0  stm32g4xx_hal_uart_ex.o(.text.HAL_UARTEx_SetRxFifoThreshold)
    [Anonymous Symbol]                       0x080029b8   Section        0  stm32g4xx_hal_uart_ex.o(.text.HAL_UARTEx_SetTxFifoThreshold)
    [Anonymous Symbol]                       0x08002a44   Section        0  stm32g4xx_hal_uart.o(.text.HAL_UART_Init)
    [Anonymous Symbol]                       0x08002aa8   Section        0  usart.o(.text.HAL_UART_MspInit)
    [Anonymous Symbol]                       0x08002b64   Section        0  adc.o(.text.MX_ADC1_Init)
    [Anonymous Symbol]                       0x08002cbc   Section        0  adc.o(.text.MX_ADC2_Init)
    [Anonymous Symbol]                       0x08002d60   Section        0  dma.o(.text.MX_DMA_Init)
    [Anonymous Symbol]                       0x08002db8   Section        0  gpio.o(.text.MX_GPIO_Init)
    [Anonymous Symbol]                       0x08002e58   Section        0  i2c.o(.text.MX_I2C3_Init)
    [Anonymous Symbol]                       0x08002ec4   Section        0  tim.o(.text.MX_TIM1_Init)
    [Anonymous Symbol]                       0x080030bc   Section        0  tim.o(.text.MX_TIM2_Init)
    [Anonymous Symbol]                       0x08003154   Section        0  tim.o(.text.MX_TIM3_Init)
    [Anonymous Symbol]                       0x080031d0   Section        0  usart.o(.text.MX_USART3_UART_Init)
    [Anonymous Symbol]                       0x08003254   Section        0  stm32g4xx_hal_tim.o(.text.TIM_Base_SetConfig)
    TIM_SlaveTimer_SetConfig                 0x0800339d   Thumb Code   504  stm32g4xx_hal_tim.o(.text.TIM_SlaveTimer_SetConfig)
    [Anonymous Symbol]                       0x0800339c   Section        0  stm32g4xx_hal_tim.o(.text.TIM_SlaveTimer_SetConfig)
    [Anonymous Symbol]                       0x08003594   Section        0  stm32g4xx_hal_uart.o(.text.UART_AdvFeatureConfig)
    [Anonymous Symbol]                       0x0800367c   Section        0  stm32g4xx_hal_uart.o(.text.UART_CheckIdleState)
    [Anonymous Symbol]                       0x080037e8   Section        0  stm32g4xx_hal_uart.o(.text.UART_SetConfig)
    [Anonymous Symbol]                       0x08003a9c   Section        0  stm32g4xx_hal_uart.o(.text.UART_WaitOnFlagUntilTimeout)
    [Anonymous Symbol]                       0x08003dd4   Section        0  main.o(.text.main)
    i.__scatterload_copy                     0x08003e62   Section       14  handlers.o(i.__scatterload_copy)
    i.__scatterload_null                     0x08003e70   Section        2  handlers.o(i.__scatterload_null)
    i.__scatterload_zeroinit                 0x08003e72   Section       14  handlers.o(i.__scatterload_zeroinit)
    .Lswitch.table.UART_SetConfig.5          0x08003eb0   Data          16  stm32g4xx_hal_uart.o(.rodata.cst16)
    UARTEx_SetNbDataToProcess.numerator      0x08003ec0   Data           8  stm32g4xx_hal_uart_ex.o(.rodata.cst8)
    [Anonymous Symbol]                       0x08003ec0   Section        0  stm32g4xx_hal_uart_ex.o(.rodata.cst8)
    UARTEx_SetNbDataToProcess.denominator    0x08003ec8   Data           8  stm32g4xx_hal_uart_ex.o(.rodata.cst8)
    .L_MergedGlobals                         0x20000000   Data           8  stm32g4xx_hal.o(.data..L_MergedGlobals)
    [Anonymous Symbol]                       0x20000000   Section        0  stm32g4xx_hal.o(.data..L_MergedGlobals)
    .L_MergedGlobals                         0x20000010   Data         100  adc.o(.bss..L_MergedGlobals)
    HAL_RCC_ADC12_CLK_ENABLED                0x20000010   Data           4  adc.o(.bss..L_MergedGlobals)
    [Anonymous Symbol]                       0x20000010   Section        0  adc.o(.bss..L_MergedGlobals)
    STACK                                    0x20000380   Section     1024  startup_stm32g474xx.o(STACK)

    Global Symbols

    Symbol Name                              Value     Ov Type        Size  Object(Section)

    BuildAttributes$$THM_ISAv4$E$P$D$K$B$S$7EM$VFPi3$EXTD16$VFPS$VFMA$PE$A:L22UL41UL21$X:L11$S22US41US21$IEEE1$IW$~IW$USESV6$~STKCKD$USESV7$~SHL$OTIME$EBA8$MICROLIB$REQ8$PRES8$EABIv2 0x00000000   Number         0  anon$$obj.o ABSOLUTE
    __cpp_initialize__aeabi_                  - Undefined Weak Reference
    __cxa_finalize                            - Undefined Weak Reference
    __decompress                              - Undefined Weak Reference
    _clock_init                               - Undefined Weak Reference
    _microlib_exit                            - Undefined Weak Reference
    __Vectors_Size                           0x000001d8   Number         0  startup_stm32g474xx.o ABSOLUTE
    __main                                   0x08000001   Thumb Code     0  entry.o(.ARM.Collect$$$$00000000)
    _main_stk                                0x08000001   Thumb Code     0  entry2.o(.ARM.Collect$$$$00000001)
    _main_scatterload                        0x08000005   Thumb Code     0  entry5.o(.ARM.Collect$$$$00000004)
    __main_after_scatterload                 0x08000009   Thumb Code     0  entry5.o(.ARM.Collect$$$$00000004)
    _main_clock                              0x08000009   Thumb Code     0  entry7b.o(.ARM.Collect$$$$00000008)
    _main_cpp_init                           0x08000009   Thumb Code     0  entry8b.o(.ARM.Collect$$$$0000000A)
    _main_init                               0x08000009   Thumb Code     0  entry9a.o(.ARM.Collect$$$$0000000B)
    __rt_final_cpp                           0x08000011   Thumb Code     0  entry10a.o(.ARM.Collect$$$$0000000D)
    __rt_final_exit                          0x08000011   Thumb Code     0  entry11a.o(.ARM.Collect$$$$0000000F)
    __aeabi_uldivmod                         0x08000015   Thumb Code    98  uldiv.o(.text)
    __aeabi_memset                           0x08000077   Thumb Code    14  memseta.o(.text)
    __aeabi_memset4                          0x08000077   Thumb Code     0  memseta.o(.text)
    __aeabi_memset8                          0x08000077   Thumb Code     0  memseta.o(.text)
    __aeabi_memclr                           0x08000085   Thumb Code     4  memseta.o(.text)
    __aeabi_memclr4                          0x08000085   Thumb Code     0  memseta.o(.text)
    __aeabi_memclr8                          0x08000085   Thumb Code     0  memseta.o(.text)
    _memset$wrapper                          0x08000089   Thumb Code    18  memseta.o(.text)
    __aeabi_llsl                             0x0800009b   Thumb Code    30  llshl.o(.text)
    _ll_shift_l                              0x0800009b   Thumb Code     0  llshl.o(.text)
    __aeabi_llsr                             0x080000b9   Thumb Code    32  llushr.o(.text)
    _ll_ushift_r                             0x080000b9   Thumb Code     0  llushr.o(.text)
    __scatterload                            0x080000d9   Thumb Code    38  init.o(.text)
    __scatterload_rt2                        0x080000d9   Thumb Code     0  init.o(.text)
    Error_Handler                            0x08000109   Thumb Code    10  main.o(.text.Error_Handler)
    HAL_ADCEx_MultiModeConfigChannel         0x08000115   Thumb Code   308  stm32g4xx_hal_adc_ex.o(.text.HAL_ADCEx_MultiModeConfigChannel)
    HAL_ADC_ConfigChannel                    0x08000249   Thumb Code  1012  stm32g4xx_hal_adc.o(.text.HAL_ADC_ConfigChannel)
    HAL_ADC_Init                             0x0800063d   Thumb Code   598  stm32g4xx_hal_adc.o(.text.HAL_ADC_Init)
    HAL_ADC_MspInit                          0x08000895   Thumb Code   444  adc.o(.text.HAL_ADC_MspInit)
    HAL_DMA_Init                             0x08000a51   Thumb Code   292  stm32g4xx_hal_dma.o(.text.HAL_DMA_Init)
    HAL_GPIO_Init                            0x08000b75   Thumb Code   478  stm32g4xx_hal_gpio.o(.text.HAL_GPIO_Init)
    HAL_GPIO_WritePin                        0x08000d55   Thumb Code    12  stm32g4xx_hal_gpio.o(.text.HAL_GPIO_WritePin)
    HAL_GetTick                              0x08000d61   Thumb Code    12  stm32g4xx_hal.o(.text.HAL_GetTick)
    HAL_I2CEx_ConfigAnalogFilter             0x08000d6d   Thumb Code    74  stm32g4xx_hal_i2c_ex.o(.text.HAL_I2CEx_ConfigAnalogFilter)
    HAL_I2CEx_ConfigDigitalFilter            0x08000db9   Thumb Code    72  stm32g4xx_hal_i2c_ex.o(.text.HAL_I2CEx_ConfigDigitalFilter)
    HAL_I2C_Init                             0x08000e01   Thumb Code   176  stm32g4xx_hal_i2c.o(.text.HAL_I2C_Init)
    HAL_I2C_MspInit                          0x08000eb1   Thumb Code   150  i2c.o(.text.HAL_I2C_MspInit)
    HAL_Init                                 0x08000f49   Thumb Code    46  stm32g4xx_hal.o(.text.HAL_Init)
    HAL_InitTick                             0x08000f79   Thumb Code    80  stm32g4xx_hal.o(.text.HAL_InitTick)
    HAL_MspInit                              0x08000fc9   Thumb Code    52  stm32g4xx_hal_msp.o(.text.HAL_MspInit)
    HAL_NVIC_EnableIRQ                       0x08000ffd   Thumb Code    34  stm32g4xx_hal_cortex.o(.text.HAL_NVIC_EnableIRQ)
    HAL_NVIC_SetPriority                     0x08001021   Thumb Code    86  stm32g4xx_hal_cortex.o(.text.HAL_NVIC_SetPriority)
    HAL_NVIC_SetPriorityGrouping             0x08001079   Thumb Code    32  stm32g4xx_hal_cortex.o(.text.HAL_NVIC_SetPriorityGrouping)
    HAL_PWREx_ControlVoltageScaling          0x08001099   Thumb Code   270  stm32g4xx_hal_pwr_ex.o(.text.HAL_PWREx_ControlVoltageScaling)
    HAL_PWREx_DisableUCPDDeadBattery         0x080011a9   Thumb Code    18  stm32g4xx_hal_pwr_ex.o(.text.HAL_PWREx_DisableUCPDDeadBattery)
    HAL_RCCEx_PeriphCLKConfig                0x080011bd   Thumb Code   726  stm32g4xx_hal_rcc_ex.o(.text.HAL_RCCEx_PeriphCLKConfig)
    HAL_RCC_ClockConfig                      0x08001495   Thumb Code   772  stm32g4xx_hal_rcc.o(.text.HAL_RCC_ClockConfig)
    HAL_RCC_GetPCLK1Freq                     0x08001799   Thumb Code    42  stm32g4xx_hal_rcc.o(.text.HAL_RCC_GetPCLK1Freq)
    HAL_RCC_GetPCLK2Freq                     0x080017c5   Thumb Code    42  stm32g4xx_hal_rcc.o(.text.HAL_RCC_GetPCLK2Freq)
    HAL_RCC_GetSysClockFreq                  0x080017f1   Thumb Code   130  stm32g4xx_hal_rcc.o(.text.HAL_RCC_GetSysClockFreq)
    HAL_RCC_OscConfig                        0x08001875   Thumb Code  1230  stm32g4xx_hal_rcc.o(.text.HAL_RCC_OscConfig)
    HAL_SYSTICK_Config                       0x08001d45   Thumb Code    44  stm32g4xx_hal_cortex.o(.text.HAL_SYSTICK_Config)
    HAL_TIMEx_ConfigBreakDeadTime            0x08001d71   Thumb Code   212  stm32g4xx_hal_tim_ex.o(.text.HAL_TIMEx_ConfigBreakDeadTime)
    HAL_TIMEx_ConfigBreakInput               0x08001e45   Thumb Code   284  stm32g4xx_hal_tim_ex.o(.text.HAL_TIMEx_ConfigBreakInput)
    HAL_TIMEx_MasterConfigSynchronization    0x08001f61   Thumb Code   222  stm32g4xx_hal_tim_ex.o(.text.HAL_TIMEx_MasterConfigSynchronization)
    HAL_TIM_Base_Init                        0x08002041   Thumb Code    98  stm32g4xx_hal_tim.o(.text.HAL_TIM_Base_Init)
    HAL_TIM_Base_MspInit                     0x080020a5   Thumb Code   288  tim.o(.text.HAL_TIM_Base_MspInit)
    HAL_TIM_ConfigClockSource                0x080021c5   Thumb Code   608  stm32g4xx_hal_tim.o(.text.HAL_TIM_ConfigClockSource)
    HAL_TIM_PWM_ConfigChannel                0x08002425   Thumb Code  1040  stm32g4xx_hal_tim.o(.text.HAL_TIM_PWM_ConfigChannel)
    HAL_TIM_PWM_Init                         0x08002835   Thumb Code    98  stm32g4xx_hal_tim.o(.text.HAL_TIM_PWM_Init)
    HAL_TIM_PWM_MspInit                      0x08002899   Thumb Code     2  stm32g4xx_hal_tim.o(.text.HAL_TIM_PWM_MspInit)
    HAL_TIM_SlaveConfigSynchro               0x0800289d   Thumb Code    88  stm32g4xx_hal_tim.o(.text.HAL_TIM_SlaveConfigSynchro)
    HAL_UARTEx_DisableFifoMode               0x080028f5   Thumb Code    54  stm32g4xx_hal_uart_ex.o(.text.HAL_UARTEx_DisableFifoMode)
    HAL_UARTEx_SetRxFifoThreshold            0x0800292d   Thumb Code   140  stm32g4xx_hal_uart_ex.o(.text.HAL_UARTEx_SetRxFifoThreshold)
    HAL_UARTEx_SetTxFifoThreshold            0x080029b9   Thumb Code   140  stm32g4xx_hal_uart_ex.o(.text.HAL_UARTEx_SetTxFifoThreshold)
    HAL_UART_Init                            0x08002a45   Thumb Code   100  stm32g4xx_hal_uart.o(.text.HAL_UART_Init)
    HAL_UART_MspInit                         0x08002aa9   Thumb Code   186  usart.o(.text.HAL_UART_MspInit)
    MX_ADC1_Init                             0x08002b65   Thumb Code   344  adc.o(.text.MX_ADC1_Init)
    MX_ADC2_Init                             0x08002cbd   Thumb Code   162  adc.o(.text.MX_ADC2_Init)
    MX_DMA_Init                              0x08002d61   Thumb Code    86  dma.o(.text.MX_DMA_Init)
    MX_GPIO_Init                             0x08002db9   Thumb Code   158  gpio.o(.text.MX_GPIO_Init)
    MX_I2C3_Init                             0x08002e59   Thumb Code   108  i2c.o(.text.MX_I2C3_Init)
    MX_TIM1_Init                             0x08002ec5   Thumb Code   504  tim.o(.text.MX_TIM1_Init)
    MX_TIM2_Init                             0x080030bd   Thumb Code   150  tim.o(.text.MX_TIM2_Init)
    MX_TIM3_Init                             0x08003155   Thumb Code   122  tim.o(.text.MX_TIM3_Init)
    MX_USART3_UART_Init                      0x080031d1   Thumb Code   130  usart.o(.text.MX_USART3_UART_Init)
    TIM_Base_SetConfig                       0x08003255   Thumb Code   328  stm32g4xx_hal_tim.o(.text.TIM_Base_SetConfig)
    UART_AdvFeatureConfig                    0x08003595   Thumb Code   230  stm32g4xx_hal_uart.o(.text.UART_AdvFeatureConfig)
    UART_CheckIdleState                      0x0800367d   Thumb Code   362  stm32g4xx_hal_uart.o(.text.UART_CheckIdleState)
    UART_SetConfig                           0x080037e9   Thumb Code   676  stm32g4xx_hal_uart.o(.text.UART_SetConfig)
    UART_WaitOnFlagUntilTimeout              0x08003a9d   Thumb Code   822  stm32g4xx_hal_uart.o(.text.UART_WaitOnFlagUntilTimeout)
    main                                     0x08003dd5   Thumb Code   142  main.o(.text.main)
    __scatterload_copy                       0x08003e63   Thumb Code    14  handlers.o(i.__scatterload_copy)
    __scatterload_null                       0x08003e71   Thumb Code     2  handlers.o(i.__scatterload_null)
    __scatterload_zeroinit                   0x08003e73   Thumb Code    14  handlers.o(i.__scatterload_zeroinit)
    AHBPrescTable                            0x08003e80   Data          16  system_stm32g4xx.o(.rodata.AHBPrescTable)
    APBPrescTable                            0x08003e90   Data           8  system_stm32g4xx.o(.rodata.APBPrescTable)
    UARTPrescTable                           0x08003e98   Data          24  stm32g4xx_hal_uart.o(.rodata.UARTPrescTable)
    Region$$Table$$Base                      0x08003ed0   Number         0  anon$$obj.o(Region$$Table)
    Region$$Table$$Limit                     0x08003ef0   Number         0  anon$$obj.o(Region$$Table)
    uwTickPrio                               0x20000000   Data           4  stm32g4xx_hal.o(.data..L_MergedGlobals)
    uwTickFreq                               0x20000004   Data           4  stm32g4xx_hal.o(.data..L_MergedGlobals)
    SystemCoreClock                          0x20000008   Data           4  system_stm32g4xx.o(.data.SystemCoreClock)
    hdma_adc1                                0x20000014   Data          96  adc.o(.bss..L_MergedGlobals)
    hadc1                                    0x20000074   Data         108  adc.o(.bss.hadc1)
    hadc2                                    0x200000e0   Data         108  adc.o(.bss.hadc2)
    hdma_adc2                                0x2000014c   Data          96  adc.o(.bss.hdma_adc2)
    hi2c3                                    0x200001ac   Data          84  i2c.o(.bss.hi2c3)
    htim1                                    0x20000200   Data          76  tim.o(.bss.htim1)
    htim2                                    0x2000024c   Data          76  tim.o(.bss.htim2)
    htim3                                    0x20000298   Data          76  tim.o(.bss.htim3)
    huart3                                   0x200002e4   Data         148  usart.o(.bss.huart3)
    uwTick                                   0x20000378   Data           4  stm32g4xx_hal.o(.bss.uwTick)
    __initial_sp                             0x20000780   Data           0  startup_stm32g474xx.o(STACK)



==============================================================================

Memory Map of the image

  Image Entry point : 0x08000001

  Load Region LR_IROM1 (Base: 0x08000000, Size: 0x00003f00, Max: 0x00020000, ABSOLUTE)

    Execution Region ER_IROM1 (Exec base: 0x08000000, Load base: 0x08000000, Size: 0x00003ef0, Max: 0x00020000, ABSOLUTE)

    Exec Addr    Load Addr    Size         Type   Attr      Idx    E Section Name        Object

    0x08000000   0x08000000   0x00000000   Code   RO         1555  * .ARM.Collect$$$$00000000  mc_w.l(entry.o)
    0x08000000   0x08000000   0x00000004   Code   RO         1562    .ARM.Collect$$$$00000001  mc_w.l(entry2.o)
    0x08000004   0x08000004   0x00000004   Code   RO         1565    .ARM.Collect$$$$00000004  mc_w.l(entry5.o)
    0x08000008   0x08000008   0x00000000   Code   RO         1567    .ARM.Collect$$$$00000008  mc_w.l(entry7b.o)
    0x08000008   0x08000008   0x00000000   Code   RO         1569    .ARM.Collect$$$$0000000A  mc_w.l(entry8b.o)
    0x08000008   0x08000008   0x00000008   Code   RO         1570    .ARM.Collect$$$$0000000B  mc_w.l(entry9a.o)
    0x08000010   0x08000010   0x00000000   Code   RO         1572    .ARM.Collect$$$$0000000D  mc_w.l(entry10a.o)
    0x08000010   0x08000010   0x00000000   Code   RO         1574    .ARM.Collect$$$$0000000F  mc_w.l(entry11a.o)
    0x08000010   0x08000010   0x00000004   Code   RO         1563    .ARM.Collect$$$$00002712  mc_w.l(entry2.o)
    0x08000014   0x08000014   0x00000062   Code   RO         1558    .text               mc_w.l(uldiv.o)
    0x08000076   0x08000076   0x00000024   Code   RO         1560    .text               mc_w.l(memseta.o)
    0x0800009a   0x0800009a   0x0000001e   Code   RO         1576    .text               mc_w.l(llshl.o)
    0x080000b8   0x080000b8   0x00000020   Code   RO         1578    .text               mc_w.l(llushr.o)
    0x080000d8   0x080000d8   0x00000030   Code   RO         1580    .text               mc_w.l(init.o)
    0x08000108   0x08000108   0x0000000a   Code   RO           15    .text.Error_Handler  main.o
    0x08000112   0x08000112   0x00000002   PAD
    0x08000114   0x08000114   0x00000134   Code   RO          274    .text.HAL_ADCEx_MultiModeConfigChannel  stm32g4xx_hal_adc_ex.o
    0x08000248   0x08000248   0x000003f4   Code   RO          214    .text.HAL_ADC_ConfigChannel  stm32g4xx_hal_adc.o
    0x0800063c   0x0800063c   0x00000256   Code   RO          162    .text.HAL_ADC_Init  stm32g4xx_hal_adc.o
    0x08000892   0x08000892   0x00000002   PAD
    0x08000894   0x08000894   0x000001bc   Code   RO           39    .text.HAL_ADC_MspInit  adc.o
    0x08000a50   0x08000a50   0x00000124   Code   RO          586    .text.HAL_DMA_Init  stm32g4xx_hal_dma.o
    0x08000b74   0x08000b74   0x000001de   Code   RO          536    .text.HAL_GPIO_Init  stm32g4xx_hal_gpio.o
    0x08000d52   0x08000d52   0x00000002   PAD
    0x08000d54   0x08000d54   0x0000000c   Code   RO          542    .text.HAL_GPIO_WritePin  stm32g4xx_hal_gpio.o
    0x08000d60   0x08000d60   0x0000000c   Code   RO          305    .text.HAL_GetTick   stm32g4xx_hal.o
    0x08000d6c   0x08000d6c   0x0000004a   Code   RO          962    .text.HAL_I2CEx_ConfigAnalogFilter  stm32g4xx_hal_i2c_ex.o
    0x08000db6   0x08000db6   0x00000002   PAD
    0x08000db8   0x08000db8   0x00000048   Code   RO          964    .text.HAL_I2CEx_ConfigDigitalFilter  stm32g4xx_hal_i2c_ex.o
    0x08000e00   0x08000e00   0x000000b0   Code   RO          808    .text.HAL_I2C_Init  stm32g4xx_hal_i2c.o
    0x08000eb0   0x08000eb0   0x00000096   Code   RO           66    .text.HAL_I2C_MspInit  i2c.o
    0x08000f46   0x08000f46   0x00000002   PAD
    0x08000f48   0x08000f48   0x0000002e   Code   RO          293    .text.HAL_Init      stm32g4xx_hal.o
    0x08000f76   0x08000f76   0x00000002   PAD
    0x08000f78   0x08000f78   0x00000050   Code   RO          295    .text.HAL_InitTick  stm32g4xx_hal.o
    0x08000fc8   0x08000fc8   0x00000034   Code   RO          154    .text.HAL_MspInit   stm32g4xx_hal_msp.o
    0x08000ffc   0x08000ffc   0x00000022   Code   RO          762    .text.HAL_NVIC_EnableIRQ  stm32g4xx_hal_cortex.o
    0x0800101e   0x0800101e   0x00000002   PAD
    0x08001020   0x08001020   0x00000056   Code   RO          760    .text.HAL_NVIC_SetPriority  stm32g4xx_hal_cortex.o
    0x08001076   0x08001076   0x00000002   PAD
    0x08001078   0x08001078   0x00000020   Code   RO          758    .text.HAL_NVIC_SetPriorityGrouping  stm32g4xx_hal_cortex.o
    0x08001098   0x08001098   0x0000010e   Code   RO          678    .text.HAL_PWREx_ControlVoltageScaling  stm32g4xx_hal_pwr_ex.o
    0x080011a6   0x080011a6   0x00000002   PAD
    0x080011a8   0x080011a8   0x00000012   Code   RO          748    .text.HAL_PWREx_DisableUCPDDeadBattery  stm32g4xx_hal_pwr_ex.o
    0x080011ba   0x080011ba   0x00000002   PAD
    0x080011bc   0x080011bc   0x000002d6   Code   RO          417    .text.HAL_RCCEx_PeriphCLKConfig  stm32g4xx_hal_rcc_ex.o
    0x08001492   0x08001492   0x00000002   PAD
    0x08001494   0x08001494   0x00000304   Code   RO          383    .text.HAL_RCC_ClockConfig  stm32g4xx_hal_rcc.o
    0x08001798   0x08001798   0x0000002a   Code   RO          391    .text.HAL_RCC_GetPCLK1Freq  stm32g4xx_hal_rcc.o
    0x080017c2   0x080017c2   0x00000002   PAD
    0x080017c4   0x080017c4   0x0000002a   Code   RO          393    .text.HAL_RCC_GetPCLK2Freq  stm32g4xx_hal_rcc.o
    0x080017ee   0x080017ee   0x00000002   PAD
    0x080017f0   0x080017f0   0x00000082   Code   RO          385    .text.HAL_RCC_GetSysClockFreq  stm32g4xx_hal_rcc.o
    0x08001872   0x08001872   0x00000002   PAD
    0x08001874   0x08001874   0x000004ce   Code   RO          381    .text.HAL_RCC_OscConfig  stm32g4xx_hal_rcc.o
    0x08001d42   0x08001d42   0x00000002   PAD
    0x08001d44   0x08001d44   0x0000002c   Code   RO          770    .text.HAL_SYSTICK_Config  stm32g4xx_hal_cortex.o
    0x08001d70   0x08001d70   0x000000d4   Code   RO         1279    .text.HAL_TIMEx_ConfigBreakDeadTime  stm32g4xx_hal_tim_ex.o
    0x08001e44   0x08001e44   0x0000011c   Code   RO         1281    .text.HAL_TIMEx_ConfigBreakInput  stm32g4xx_hal_tim_ex.o
    0x08001f60   0x08001f60   0x000000de   Code   RO         1277    .text.HAL_TIMEx_MasterConfigSynchronization  stm32g4xx_hal_tim_ex.o
    0x0800203e   0x0800203e   0x00000002   PAD
    0x08002040   0x08002040   0x00000062   Code   RO          982    .text.HAL_TIM_Base_Init  stm32g4xx_hal_tim.o
    0x080020a2   0x080020a2   0x00000002   PAD
    0x080020a4   0x080020a4   0x00000120   Code   RO           87    .text.HAL_TIM_Base_MspInit  tim.o
    0x080021c4   0x080021c4   0x00000260   Code   RO         1162    .text.HAL_TIM_ConfigClockSource  stm32g4xx_hal_tim.o
    0x08002424   0x08002424   0x00000410   Code   RO         1136    .text.HAL_TIM_PWM_ConfigChannel  stm32g4xx_hal_tim.o
    0x08002834   0x08002834   0x00000062   Code   RO         1036    .text.HAL_TIM_PWM_Init  stm32g4xx_hal_tim.o
    0x08002896   0x08002896   0x00000002   PAD
    0x08002898   0x08002898   0x00000002   Code   RO         1038    .text.HAL_TIM_PWM_MspInit  stm32g4xx_hal_tim.o
    0x0800289a   0x0800289a   0x00000002   PAD
    0x0800289c   0x0800289c   0x00000058   Code   RO         1166    .text.HAL_TIM_SlaveConfigSynchro  stm32g4xx_hal_tim.o
    0x080028f4   0x080028f4   0x00000036   Code   RO         1518    .text.HAL_UARTEx_DisableFifoMode  stm32g4xx_hal_uart_ex.o
    0x0800292a   0x0800292a   0x00000002   PAD
    0x0800292c   0x0800292c   0x0000008c   Code   RO         1522    .text.HAL_UARTEx_SetRxFifoThreshold  stm32g4xx_hal_uart_ex.o
    0x080029b8   0x080029b8   0x0000008c   Code   RO         1520    .text.HAL_UARTEx_SetTxFifoThreshold  stm32g4xx_hal_uart_ex.o
    0x08002a44   0x08002a44   0x00000064   Code   RO         1356    .text.HAL_UART_Init  stm32g4xx_hal_uart.o
    0x08002aa8   0x08002aa8   0x000000ba   Code   RO          104    .text.HAL_UART_MspInit  usart.o
    0x08002b62   0x08002b62   0x00000002   PAD
    0x08002b64   0x08002b64   0x00000158   Code   RO           35    .text.MX_ADC1_Init  adc.o
    0x08002cbc   0x08002cbc   0x000000a2   Code   RO           37    .text.MX_ADC2_Init  adc.o
    0x08002d5e   0x08002d5e   0x00000002   PAD
    0x08002d60   0x08002d60   0x00000056   Code   RO           55    .text.MX_DMA_Init   dma.o
    0x08002db6   0x08002db6   0x00000002   PAD
    0x08002db8   0x08002db8   0x0000009e   Code   RO           26    .text.MX_GPIO_Init  gpio.o
    0x08002e56   0x08002e56   0x00000002   PAD
    0x08002e58   0x08002e58   0x0000006c   Code   RO           64    .text.MX_I2C3_Init  i2c.o
    0x08002ec4   0x08002ec4   0x000001f8   Code   RO           79    .text.MX_TIM1_Init  tim.o
    0x080030bc   0x080030bc   0x00000096   Code   RO           83    .text.MX_TIM2_Init  tim.o
    0x08003152   0x08003152   0x00000002   PAD
    0x08003154   0x08003154   0x0000007a   Code   RO           85    .text.MX_TIM3_Init  tim.o
    0x080031ce   0x080031ce   0x00000002   PAD
    0x080031d0   0x080031d0   0x00000082   Code   RO          102    .text.MX_USART3_UART_Init  usart.o
    0x08003252   0x08003252   0x00000002   PAD
    0x08003254   0x08003254   0x00000148   Code   RO          986    .text.TIM_Base_SetConfig  stm32g4xx_hal_tim.o
    0x0800339c   0x0800339c   0x000001f8   Code   RO         1168    .text.TIM_SlaveTimer_SetConfig  stm32g4xx_hal_tim.o
    0x08003594   0x08003594   0x000000e6   Code   RO         1360    .text.UART_AdvFeatureConfig  stm32g4xx_hal_uart.o
    0x0800367a   0x0800367a   0x00000002   PAD
    0x0800367c   0x0800367c   0x0000016a   Code   RO         1364    .text.UART_CheckIdleState  stm32g4xx_hal_uart.o
    0x080037e6   0x080037e6   0x00000002   PAD
    0x080037e8   0x080037e8   0x000002b4   Code   RO         1362    .text.UART_SetConfig  stm32g4xx_hal_uart.o
    0x08003a9c   0x08003a9c   0x00000336   Code   RO         1378    .text.UART_WaitOnFlagUntilTimeout  stm32g4xx_hal_uart.o
    0x08003dd2   0x08003dd2   0x00000002   PAD
    0x08003dd4   0x08003dd4   0x0000008e   Code   RO           11    .text.main          main.o
    0x08003e62   0x08003e62   0x0000000e   Code   RO         1584    i.__scatterload_copy  mc_w.l(handlers.o)
    0x08003e70   0x08003e70   0x00000002   Code   RO         1585    i.__scatterload_null  mc_w.l(handlers.o)
    0x08003e72   0x08003e72   0x0000000e   Code   RO         1586    i.__scatterload_zeroinit  mc_w.l(handlers.o)
    0x08003e80   0x08003e80   0x00000010   Data   RO         1546    .rodata.AHBPrescTable  system_stm32g4xx.o
    0x08003e90   0x08003e90   0x00000008   Data   RO         1547    .rodata.APBPrescTable  system_stm32g4xx.o
    0x08003e98   0x08003e98   0x00000018   Data   RO         1490    .rodata.UARTPrescTable  stm32g4xx_hal_uart.o
    0x08003eb0   0x08003eb0   0x00000010   Data   RO         1491    .rodata.cst16       stm32g4xx_hal_uart.o
    0x08003ec0   0x08003ec0   0x00000010   Data   RO         1532    .rodata.cst8        stm32g4xx_hal_uart_ex.o
    0x08003ed0   0x08003ed0   0x00000020   Data   RO         1583    Region$$Table       anon$$obj.o


    Execution Region RW_IRAM1 (Exec base: 0x20000000, Load base: 0x08003ef0, Size: 0x00000780, Max: 0x00020000, ABSOLUTE)

    Exec Addr    Load Addr    Size         Type   Attr      Idx    E Section Name        Object

    0x20000000   0x08003ef0   0x00000008   Data   RW          370    .data..L_MergedGlobals  stm32g4xx_hal.o
    0x20000008   0x08003ef8   0x00000004   Data   RW         1545    .data.SystemCoreClock  system_stm32g4xx.o
    0x2000000c   0x08003efc   0x00000004   PAD
    0x20000010        -       0x00000064   Zero   RW           46    .bss..L_MergedGlobals  adc.o
    0x20000074        -       0x0000006c   Zero   RW           43    .bss.hadc1          adc.o
    0x200000e0        -       0x0000006c   Zero   RW           44    .bss.hadc2          adc.o
    0x2000014c        -       0x00000060   Zero   RW           45    .bss.hdma_adc2      adc.o
    0x200001ac        -       0x00000054   Zero   RW           70    .bss.hi2c3          i2c.o
    0x20000200        -       0x0000004c   Zero   RW           91    .bss.htim1          tim.o
    0x2000024c        -       0x0000004c   Zero   RW           92    .bss.htim2          tim.o
    0x20000298        -       0x0000004c   Zero   RW           93    .bss.htim3          tim.o
    0x200002e4        -       0x00000094   Zero   RW          108    .bss.huart3         usart.o
    0x20000378        -       0x00000004   Zero   RW          369    .bss.uwTick         stm32g4xx_hal.o
    0x2000037c   0x08003efc   0x00000004   PAD
    0x20000380        -       0x00000400   Zero   RW            1    STACK               startup_stm32g474xx.o


==============================================================================

Image component sizes


      Code (inc. data)   RO Data    RW Data    ZI Data      Debug   Object Name

       950          0          0          0        412      10518   adc.o
        86          0          0          0          0       4146   dma.o
       158          0          0          0          0       2419   gpio.o
       258          0          0          0         84       6792   i2c.o
       152          0          0          0          0       3050   main.o
         0          0          0          0       1024          0   startup_stm32g474xx.o
       138          0          0          8          4      10073   stm32g4xx_hal.o
      1610          0          0          0          0      28776   stm32g4xx_hal_adc.o
       308          0          0          0          0      24088   stm32g4xx_hal_adc_ex.o
       196          0          0          0          0      11115   stm32g4xx_hal_cortex.o
       292          0          0          0          0       9261   stm32g4xx_hal_dma.o
       490          0          0          0          0       5416   stm32g4xx_hal_gpio.o
       176          0          0          0          0      63030   stm32g4xx_hal_i2c.o
       146          0          0          0          0       6577   stm32g4xx_hal_i2c_ex.o
        52          0          0          0          0       1778   stm32g4xx_hal_msp.o
       288          0          0          0          0       9318   stm32g4xx_hal_pwr_ex.o
      2216          0          0          0          0      10372   stm32g4xx_hal_rcc.o
       726          0          0          0          0      11458   stm32g4xx_hal_rcc_ex.o
      2766         14          0          0          0      63914   stm32g4xx_hal_tim.o
       718         64          0          0          0      30982   stm32g4xx_hal_tim_ex.o
      2206         48         40          0          0      42978   stm32g4xx_hal_uart.o
       334          0         16          0          0      11315   stm32g4xx_hal_uart_ex.o
         0          0         24          4          0       2758   system_stm32g4xx.o
      1064          0          0          0        228      12238   tim.o
       316          0          0          0        148       6968   usart.o

    ----------------------------------------------------------------------
     15706        126        112         12       1908     389340   Object Totals
         0          0         32          0          0          0   (incl. Generated)
        60          0          0          0          8          0   (incl. Padding)

    ----------------------------------------------------------------------

      Code (inc. data)   RO Data    RW Data    ZI Data      Debug   Library Member Name

         0          0          0          0          0          0   entry.o
         0          0          0          0          0          0   entry10a.o
         0          0          0          0          0          0   entry11a.o
         8          4          0          0          0          0   entry2.o
         4          0          0          0          0          0   entry5.o
         0          0          0          0          0          0   entry7b.o
         0          0          0          0          0          0   entry8b.o
         8          4          0          0          0          0   entry9a.o
        30          0          0          0          0          0   handlers.o
        48         10          0          0          0         68   init.o
        30          0          0          0          0         68   llshl.o
        32          0          0          0          0         68   llushr.o
        36          0          0          0          0        108   memseta.o
        98          0          0          0          0         92   uldiv.o

    ----------------------------------------------------------------------
       294         18          0          0          0        404   Library Totals
         0          0          0          0          0          0   (incl. Padding)

    ----------------------------------------------------------------------

      Code (inc. data)   RO Data    RW Data    ZI Data      Debug   Library Name

       294         18          0          0          0        404   mc_w.l

    ----------------------------------------------------------------------
       294         18          0          0          0        404   Library Totals

    ----------------------------------------------------------------------

==============================================================================


      Code (inc. data)   RO Data    RW Data    ZI Data      Debug   

     16000        144        112         12       1908     389404   Grand Totals
     16000        144        112         12       1908     389404   ELF Image Totals
     16000        144        112         12          0          0   ROM Totals

==============================================================================

    Total RO  Size (Code + RO Data)                16112 (  15.73kB)
    Total RW  Size (RW Data + ZI Data)              1920 (   1.88kB)
    Total ROM Size (Code + RO Data + RW Data)      16124 (  15.75kB)

==============================================================================

