<html>
<body>
<pre>
<h1>礦ision Build Log</h1>
<h2>Tool Versions:</h2>
IDE-Version: μVision V5.43.1.0
Copyright (C) 2025 ARM Ltd and ARM Germany GmbH. All rights reserved.
License Information: 1 1, 1, LIC=9WSKC-7L04B-GK9BG-VMIV9-4SU4M-6GY9V
 
Tool Versions:
Toolchain:       MDK-ARM Plus  Version: 5.43.0.0
Toolchain Path:  D:\STM32 HAL\keil\ARM\ARMCLANG\Bin
C Compiler:      ArmClang.exe V6.24
Assembler:       Armasm.exe V6.24
Linker/Locator:  ArmLink.exe V6.24
Library Manager: ArmAr.exe V6.24
Hex Converter:   FromElf.exe V6.24
CPU DLL:         SARMCM3.DLL V5.43.0.0
Dialog DLL:      DARMCM1.DLL V1.19.6.0
Target DLL:      CMSIS_AGDI.dll V1.33.24.0
Dialog DLL:      TARMCM1.DLL V1.14.6.0
 
<h2>Project:</h2>
D:\Desktop\user\工科赛—电机电压电流采样\STM32G0_GKS校赛定稿\STM32G0_GKS校赛定稿\MDK-ARM\STM32G0_GetADC.uvprojx
Project File Date:  11/11/2025

<h2>Output:</h2>
*** Using Compiler 'V6.24', folder: 'D:\STM32 HAL\keil\ARM\ARMCLANG\Bin'
Rebuild target 'STM32G0_GetADC'
compiling dma.c...
compiling main.c...
compiling gpio.c...
compiling stm32g0xx_ll_adc.c...
compiling stm32g0xx_hal_msp.c...
compiling adc.c...
compiling stm32g0xx_hal_rcc.c...
compiling stm32g0xx_it.c...
assembling startup_stm32g030xx.s...
compiling stm32g0xx_hal_adc_ex.c...
compiling usart.c...
compiling stm32g0xx_hal_adc.c...
compiling stm32g0xx_ll_rcc.c...
compiling stm32g0xx_hal_rcc_ex.c...
compiling stm32g0xx_hal_flash.c...
compiling stm32g0xx_hal_flash_ex.c...
compiling stm32g0xx_hal_gpio.c...
compiling stm32g0xx_hal_dma.c...
compiling stm32g0xx_hal_dma_ex.c...
compiling stm32g0xx_hal_pwr.c...
compiling stm32g0xx_hal_pwr_ex.c...
compiling stm32g0xx_hal_cortex.c...
compiling stm32g0xx_hal.c...
compiling stm32g0xx_hal_exti.c...
compiling system_stm32g0xx.c...
compiling stm32g0xx_hal_uart_ex.c...
compiling stm32g0xx_hal_uart.c...
linking...
Program Size: Code=19396 RO-data=376 RW-data=16 ZI-data=2064  
FromELF: creating hex file...
"STM32G0_GetADC\STM32G0_GetADC.axf" - 0 Error(s), 0 Warning(s).

<h2>Software Packages used:</h2>

Package Vendor: ARM
                https://www.keil.com/pack/ARM.CMSIS.6.2.0.pack
                ARM::CMSIS@6.2.0
                CMSIS (Common Microcontroller Software Interface Standard)
   * Component: CORE Version: 6.1.1

Package Vendor: Keil
                https://www.keil.com/pack/Keil.STM32G0xx_DFP.2.1.0.pack
                Keil::STM32G0xx_DFP@2.1.0
                STMicroelectronics STM32G0 Series Device Support

<h2>Collection of Component include folders:</h2>
  ./RTE/_STM32G0_GetADC
  D:/STM32 HAL/ARM/CMSIS/6.2.0/CMSIS/Core/Include

<h2>Collection of Component Files used:</h2>

   * Component: ARM::CMSIS:CORE@6.1.1
      Include file:  CMSIS/Core/Include/tz_context.h
Build Time Elapsed:  00:00:02
</pre>
</body>
</html>
