Component: Arm Compiler for Embedded 6.24 Tool: armlink [5f371500]

==============================================================================

Section Cross References

    startup_stm32g030xx.o(RESET) refers to startup_stm32g030xx.o(STACK) for __initial_sp
    startup_stm32g030xx.o(RESET) refers to startup_stm32g030xx.o(.text) for Reset_Handler
    startup_stm32g030xx.o(RESET) refers to stm32g0xx_it.o(.text.NMI_Handler) for NMI_Handler
    startup_stm32g030xx.o(RESET) refers to stm32g0xx_it.o(.text.HardFault_Handler) for HardFault_Handler
    startup_stm32g030xx.o(RESET) refers to stm32g0xx_it.o(.text.SVC_Handler) for SVC_Handler
    startup_stm32g030xx.o(RESET) refers to stm32g0xx_it.o(.text.PendSV_Handler) for PendSV_Handler
    startup_stm32g030xx.o(RESET) refers to stm32g0xx_it.o(.text.SysTick_Handler) for SysTick_Handler
    startup_stm32g030xx.o(.text) refers to system_stm32g0xx.o(.text.SystemInit) for SystemInit
    startup_stm32g030xx.o(.text) refers to entry.o(.ARM.Collect$$$$00000000) for __main
    main.o(.text.vol_avg_filter) refers to idiv_div0.o(.text) for __aeabi_idivmod
    main.o(.text.vol_avg_filter) refers to fadd.o(.text) for __aeabi_fadd
    main.o(.text.vol_avg_filter) refers to fdiv.o(.text) for __aeabi_fdiv
    main.o(.text.vol_avg_filter) refers to main.o(.bss.vol_avg_index) for vol_avg_index
    main.o(.text.vol_avg_filter) refers to main.o(.bss.vol_avg_buf) for vol_avg_buf
    main.o(.ARM.exidx.text.vol_avg_filter) refers to main.o(.text.vol_avg_filter) for [Anonymous Symbol]
    main.o(.text.curr_avg_filter) refers to idiv_div0.o(.text) for __aeabi_idivmod
    main.o(.text.curr_avg_filter) refers to fadd.o(.text) for __aeabi_fadd
    main.o(.text.curr_avg_filter) refers to fdiv.o(.text) for __aeabi_fdiv
    main.o(.text.curr_avg_filter) refers to main.o(.bss.curr_avg_index) for curr_avg_index
    main.o(.text.curr_avg_filter) refers to main.o(.bss.curr_avg_buf) for curr_avg_buf
    main.o(.ARM.exidx.text.curr_avg_filter) refers to main.o(.text.curr_avg_filter) for [Anonymous Symbol]
    main.o(.text.vol_median_avg_filter) refers to idiv_div0.o(.text) for __aeabi_idivmod
    main.o(.text.vol_median_avg_filter) refers to main.o(.text.select_sort) for select_sort
    main.o(.text.vol_median_avg_filter) refers to fadd.o(.text) for __aeabi_fadd
    main.o(.text.vol_median_avg_filter) refers to fdiv.o(.text) for __aeabi_fdiv
    main.o(.text.vol_median_avg_filter) refers to main.o(.bss.vol_count) for vol_count
    main.o(.text.vol_median_avg_filter) refers to main.o(.bss.vol_buf) for vol_buf
    main.o(.ARM.exidx.text.vol_median_avg_filter) refers to main.o(.text.vol_median_avg_filter) for [Anonymous Symbol]
    main.o(.text.select_sort) refers to fcmpge.o(.text) for __aeabi_fcmpge
    main.o(.ARM.exidx.text.select_sort) refers to main.o(.text.select_sort) for [Anonymous Symbol]
    main.o(.text.curr_median_avg_filter) refers to idiv_div0.o(.text) for __aeabi_idivmod
    main.o(.text.curr_median_avg_filter) refers to main.o(.text.select_sort) for select_sort
    main.o(.text.curr_median_avg_filter) refers to fadd.o(.text) for __aeabi_fadd
    main.o(.text.curr_median_avg_filter) refers to fdiv.o(.text) for __aeabi_fdiv
    main.o(.text.curr_median_avg_filter) refers to main.o(.bss.curr_count) for curr_count
    main.o(.text.curr_median_avg_filter) refers to main.o(.bss.curr_buf) for curr_buf
    main.o(.ARM.exidx.text.curr_median_avg_filter) refers to main.o(.text.curr_median_avg_filter) for [Anonymous Symbol]
    main.o(.text.V_zero_calib_avg_filter) refers to idiv_div0.o(.text) for __aeabi_idivmod
    main.o(.text.V_zero_calib_avg_filter) refers to fadd.o(.text) for __aeabi_fadd
    main.o(.text.V_zero_calib_avg_filter) refers to fdiv.o(.text) for __aeabi_fdiv
    main.o(.text.V_zero_calib_avg_filter) refers to main.o(.bss.v_zero_avg_index) for v_zero_avg_index
    main.o(.text.V_zero_calib_avg_filter) refers to main.o(.bss.v_zero_avg_buf) for v_zero_avg_buf
    main.o(.ARM.exidx.text.V_zero_calib_avg_filter) refers to main.o(.text.V_zero_calib_avg_filter) for [Anonymous Symbol]
    main.o(.text.I_zero_calib_avg_filter) refers to idiv_div0.o(.text) for __aeabi_idivmod
    main.o(.text.I_zero_calib_avg_filter) refers to fadd.o(.text) for __aeabi_fadd
    main.o(.text.I_zero_calib_avg_filter) refers to fdiv.o(.text) for __aeabi_fdiv
    main.o(.text.I_zero_calib_avg_filter) refers to main.o(.bss.i_zero_avg_index) for i_zero_avg_index
    main.o(.text.I_zero_calib_avg_filter) refers to main.o(.bss.i_zero_avg_buf) for i_zero_avg_buf
    main.o(.ARM.exidx.text.I_zero_calib_avg_filter) refers to main.o(.text.I_zero_calib_avg_filter) for [Anonymous Symbol]
    main.o(.text.main) refers to stm32g0xx_hal.o(.text.HAL_Init) for HAL_Init
    main.o(.text.main) refers to main.o(.text.SystemClock_Config) for SystemClock_Config
    main.o(.text.main) refers to gpio.o(.text.MX_GPIO_Init) for MX_GPIO_Init
    main.o(.text.main) refers to dma.o(.text.MX_DMA_Init) for MX_DMA_Init
[...]
    Removing stm32g0xx_hal_uart_ex.o(.ARM.exidx.text.HAL_RS485Ex_Init), (8 bytes).
    Removing stm32g0xx_hal_uart_ex.o(.text.HAL_UARTEx_WakeupCallback), (8 bytes).
    Removing stm32g0xx_hal_uart_ex.o(.ARM.exidx.text.HAL_UARTEx_WakeupCallback), (8 bytes).
    Removing stm32g0xx_hal_uart_ex.o(.text.HAL_UARTEx_RxFifoFullCallback), (8 bytes).
    Removing stm32g0xx_hal_uart_ex.o(.ARM.exidx.text.HAL_UARTEx_RxFifoFullCallback), (8 bytes).
    Removing stm32g0xx_hal_uart_ex.o(.text.HAL_UARTEx_TxFifoEmptyCallback), (8 bytes).
    Removing stm32g0xx_hal_uart_ex.o(.ARM.exidx.text.HAL_UARTEx_TxFifoEmptyCallback), (8 bytes).
    Removing stm32g0xx_hal_uart_ex.o(.text.HAL_MultiProcessorEx_AddressLength_Set), (94 bytes).
    Removing stm32g0xx_hal_uart_ex.o(.ARM.exidx.text.HAL_MultiProcessorEx_AddressLength_Set), (8 bytes).
    Removing stm32g0xx_hal_uart_ex.o(.text.HAL_UARTEx_StopModeWakeUpSourceConfig), (208 bytes).
    Removing stm32g0xx_hal_uart_ex.o(.ARM.exidx.text.HAL_UARTEx_StopModeWakeUpSourceConfig), (8 bytes).
    Removing stm32g0xx_hal_uart_ex.o(.text.UARTEx_Wakeup_AddressConfig), (58 bytes).
    Removing stm32g0xx_hal_uart_ex.o(.ARM.exidx.text.UARTEx_Wakeup_AddressConfig), (8 bytes).
    Removing stm32g0xx_hal_uart_ex.o(.text.HAL_UARTEx_EnableStopMode), (112 bytes).
    Removing stm32g0xx_hal_uart_ex.o(.ARM.exidx.text.HAL_UARTEx_EnableStopMode), (8 bytes).
    Removing stm32g0xx_hal_uart_ex.o(.text.HAL_UARTEx_DisableStopMode), (112 bytes).
    Removing stm32g0xx_hal_uart_ex.o(.ARM.exidx.text.HAL_UARTEx_DisableStopMode), (8 bytes).
    Removing stm32g0xx_hal_uart_ex.o(.text.HAL_UARTEx_EnableFifoMode), (132 bytes).
    Removing stm32g0xx_hal_uart_ex.o(.ARM.exidx.text.HAL_UARTEx_EnableFifoMode), (8 bytes).
    Removing stm32g0xx_hal_uart_ex.o(.ARM.exidx.text.UARTEx_SetNbDataToProcess), (8 bytes).
    Removing stm32g0xx_hal_uart_ex.o(.ARM.exidx.text.HAL_UARTEx_DisableFifoMode), (8 bytes).
    Removing stm32g0xx_hal_uart_ex.o(.ARM.exidx.text.HAL_UARTEx_SetTxFifoThreshold), (8 bytes).
    Removing stm32g0xx_hal_uart_ex.o(.ARM.exidx.text.HAL_UARTEx_SetRxFifoThreshold), (8 bytes).
    Removing stm32g0xx_hal_uart_ex.o(.text.HAL_UARTEx_ReceiveToIdle), (624 bytes).
    Removing stm32g0xx_hal_uart_ex.o(.ARM.exidx.text.HAL_UARTEx_ReceiveToIdle), (8 bytes).
    Removing stm32g0xx_hal_uart_ex.o(.text.HAL_UARTEx_ReceiveToIdle_IT), (224 bytes).
    Removing stm32g0xx_hal_uart_ex.o(.ARM.exidx.text.HAL_UARTEx_ReceiveToIdle_IT), (8 bytes).
    Removing stm32g0xx_hal_uart_ex.o(.text.HAL_UARTEx_ReceiveToIdle_DMA), (234 bytes).
    Removing stm32g0xx_hal_uart_ex.o(.ARM.exidx.text.HAL_UARTEx_ReceiveToIdle_DMA), (8 bytes).
    Removing stm32g0xx_hal_uart_ex.o(.text.HAL_UARTEx_GetRxEventType), (12 bytes).
    Removing stm32g0xx_hal_uart_ex.o(.ARM.exidx.text.HAL_UARTEx_GetRxEventType), (8 bytes).
    Removing system_stm32g0xx.o(.text), (0 bytes).
    Removing system_stm32g0xx.o(.ARM.exidx.text.SystemInit), (8 bytes).
    Removing system_stm32g0xx.o(.text.SystemCoreClockUpdate), (380 bytes).
    Removing system_stm32g0xx.o(.ARM.exidx.text.SystemCoreClockUpdate), (8 bytes).

679 unused section(s) (total 37446 bytes) removed from the image.

==============================================================================

Image Symbol Table

    Local Symbols

    Symbol Name                              Value     Ov Type        Size  Object(Section)

    ../clib/division.s                       0x00000000   Number         0  aeabi_sdiv.o ABSOLUTE
    ../clib/division.s                       0x00000000   Number         0  aeabi_sdiv_div0.o ABSOLUTE
    ../clib/microlib/division.c              0x00000000   Number         0  uidiv.o ABSOLUTE
    ../clib/microlib/division.c              0x00000000   Number         0  idiv.o ABSOLUTE
    ../clib/microlib/division.c              0x00000000   Number         0  uidiv_div0.o ABSOLUTE
    ../clib/microlib/division.c              0x00000000   Number         0  idiv_div0.o ABSOLUTE
    ../clib/microlib/division.c              0x00000000   Number         0  idiv0.o ABSOLUTE
    ../clib/microlib/division.c              0x00000000   Number         0  uldiv.o ABSOLUTE
    ../clib/microlib/init/entry.s            0x00000000   Number         0  entry.o ABSOLUTE
    ../clib/microlib/init/entry.s            0x00000000   Number         0  entry2.o ABSOLUTE
    ../clib/microlib/init/entry.s            0x00000000   Number         0  entry5.o ABSOLUTE
    ../clib/microlib/init/entry.s            0x00000000   Number         0  entry7a.o ABSOLUTE
    ../clib/microlib/init/entry.s            0x00000000   Number         0  entry7b.o ABSOLUTE
    ../clib/microlib/init/entry.s            0x00000000   Number         0  entry8a.o ABSOLUTE
    ../clib/microlib/init/entry.s            0x00000000   Number         0  entry8b.o ABSOLUTE
    ../clib/microlib/init/entry.s            0x00000000   Number         0  entry9a.o ABSOLUTE
    ../clib/microlib/init/entry.s            0x00000000   Number         0  entry9b.o ABSOLUTE
    ../clib/microlib/init/entry.s            0x00000000   Number         0  entry10a.o ABSOLUTE
    ../clib/microlib/init/entry.s            0x00000000   Number         0  entry10b.o ABSOLUTE
    ../clib/microlib/init/entry.s            0x00000000   Number         0  entry11a.o ABSOLUTE
    ../clib/microlib/init/entry.s            0x00000000   Number         0  entry11b.o ABSOLUTE
    ../clib/microlib/longlong.c              0x00000000   Number         0  llshl.o ABSOLUTE
    ../clib/microlib/longlong.c              0x00000000   Number         0  llsshr.o ABSOLUTE
    ../clib/microlib/longlong.c              0x00000000   Number         0  llushr.o ABSOLUTE
    ../clib/microlib/printf/printf.c         0x00000000   Number         0  printfa.o ABSOLUTE
    ../clib/microlib/stdio/streams.c         0x00000000   Number         0  stdout.o ABSOLUTE
    ../clib/microlib/string/memset.c         0x00000000   Number         0  memseta.o ABSOLUTE
    ../clib/microlib/stubs.s                 0x00000000   Number         0  iusefp.o ABSOLUTE
    ../fplib/microlib/d2f.c                  0x00000000   Number         0  d2f.o ABSOLUTE
    ../fplib/microlib/f2d.c                  0x00000000   Number         0  f2d.o ABSOLUTE
    ../fplib/microlib/fpadd.c                0x00000000   Number         0  fadd.o ABSOLUTE
    ../fplib/microlib/fpadd.c                0x00000000   Number         0  dadd.o ABSOLUTE
    ../fplib/microlib/fpcmp.c                0x00000000   Number         0  fcmple.o ABSOLUTE
    ../fplib/microlib/fpcmp.c                0x00000000   Number         0  fcmpge.o ABSOLUTE
    ../fplib/microlib/fpdiv.c                0x00000000   Number         0  fdiv.o ABSOLUTE
    ../fplib/microlib/fpdiv.c                0x00000000   Number         0  ddiv.o ABSOLUTE
    ../fplib/microlib/fpepilogue.c           0x00000000   Number         0  fepilogue.o ABSOLUTE
    ../fplib/microlib/fpepilogue.c           0x00000000   Number         0  depilogue.o ABSOLUTE
    ../fplib/microlib/fpfix.c                0x00000000   Number         0  dfixul.o ABSOLUTE
    ../fplib/microlib/fpflt.c                0x00000000   Number         0  fflti.o ABSOLUTE
    ../fplib/microlib/fpmul.c                0x00000000   Number         0  fmul.o ABSOLUTE
    ../fplib/microlib/fpmul.c                0x00000000   Number         0  dmul.o ABSOLUTE
    adc.c                                    0x00000000   Number         0  adc.o ABSOLUTE
    cdrcmple.s                               0x00000000   Number         0  cdrcmple.o ABSOLUTE
    dc.s                                     0x00000000   Number         0  dc.o ABSOLUTE
    dma.c                                    0x00000000   Number         0  dma.o ABSOLUTE
    gpio.c                                   0x00000000   Number         0  gpio.o ABSOLUTE
    handlers.s                               0x00000000   Number         0  handlers.o ABSOLUTE
    init.s                                   0x00000000   Number         0  init.o ABSOLUTE
    main.c                                   0x00000000   Number         0  main.o ABSOLUTE
    startup_stm32g030xx.s                    0x00000000   Number         0  startup_stm32g030xx.o ABSOLUTE
    stm32g0xx_hal.c                          0x00000000   Number         0  stm32g0xx_hal.o ABSOLUTE
    stm32g0xx_hal_adc.c                      0x00000000   Number         0  stm32g0xx_hal_adc.o ABSOLUTE
    stm32g0xx_hal_adc_ex.c                   0x00000000   Number         0  stm32g0xx_hal_adc_ex.o ABSOLUTE
    stm32g0xx_hal_cortex.c                   0x00000000   Number         0  stm32g0xx_hal_cortex.o ABSOLUTE
    stm32g0xx_hal_dma.c                      0x00000000   Number         0  stm32g0xx_hal_dma.o ABSOLUTE
    stm32g0xx_hal_dma_ex.c                   0x00000000   Number         0  stm32g0xx_hal_dma_ex.o ABSOLUTE
    stm32g0xx_hal_exti.c                     0x00000000   Number         0  stm32g0xx_hal_exti.o ABSOLUTE
    stm32g0xx_hal_flash.c                    0x00000000   Number         0  stm32g0xx_hal_flash.o ABSOLUTE
    stm32g0xx_hal_flash_ex.c                 0x00000000   Number         0  stm32g0xx_hal_flash_ex.o ABSOLUTE
    stm32g0xx_hal_gpio.c                     0x00000000   Number         0  stm32g0xx_hal_gpio.o ABSOLUTE
    stm32g0xx_hal_msp.c                      0x00000000   Number         0  stm32g0xx_hal_msp.o ABSOLUTE
    stm32g0xx_hal_pwr.c                      0x00000000   Number         0  stm32g0xx_hal_pwr.o ABSOLUTE
    stm32g0xx_hal_pwr_ex.c                   0x00000000   Number         0  stm32g0xx_hal_pwr_ex.o ABSOLUTE
    stm32g0xx_hal_rcc.c                      0x00000000   Number         0  stm32g0xx_hal_rcc.o ABSOLUTE
    stm32g0xx_hal_rcc_ex.c                   0x00000000   Number         0  stm32g0xx_hal_rcc_ex.o ABSOLUTE
    stm32g0xx_hal_uart.c                     0x00000000   Number         0  stm32g0xx_hal_uart.o ABSOLUTE
    stm32g0xx_hal_uart_ex.c                  0x00000000   Number         0  stm32g0xx_hal_uart_ex.o ABSOLUTE
    stm32g0xx_it.c                           0x00000000   Number         0  stm32g0xx_it.o ABSOLUTE
    stm32g0xx_ll_adc.c                       0x00000000   Number         0  stm32g0xx_ll_adc.o ABSOLUTE
    stm32g0xx_ll_rcc.c                       0x00000000   Number         0  stm32g0xx_ll_rcc.o ABSOLUTE
    system_stm32g0xx.c                       0x00000000   Number         0  system_stm32g0xx.o ABSOLUTE
    usart.c                                  0x00000000   Number         0  usart.o ABSOLUTE
    RESET                                    0x08000000   Section      192  startup_stm32g030xx.o(RESET)
    .ARM.Collect$$$$00000000                 0x080000c0   Section        0  entry.o(.ARM.Collect$$$$00000000)
    .ARM.Collect$$$$00000001                 0x080000c0   Section        4  entry2.o(.ARM.Collect$$$$00000001)
    .ARM.Collect$$$$00000004                 0x080000c4   Section        4  entry5.o(.ARM.Collect$$$$00000004)
    .ARM.Collect$$$$00000008                 0x080000c8   Section        0  entry7b.o(.ARM.Collect$$$$00000008)
    .ARM.Collect$$$$0000000A                 0x080000c8   Section        0  entry8b.o(.ARM.Collect$$$$0000000A)
    .ARM.Collect$$$$0000000B                 0x080000c8   Section        8  entry9a.o(.ARM.Collect$$$$0000000B)
    __lit__00000000                          0x080000d0   Data           4  entry2.o(.ARM.Collect$$$$00002712)
    .ARM.Collect$$$$0000000D                 0x080000d0   Section        0  entry10a.o(.ARM.Collect$$$$0000000D)
    .ARM.Collect$$$$0000000F                 0x080000d0   Section        0  entry11a.o(.ARM.Collect$$$$0000000F)
    .ARM.Collect$$$$00002712                 0x080000d0   Section        4  entry2.o(.ARM.Collect$$$$00002712)
    .text                                    0x080000d4   Section       28  startup_stm32g030xx.o(.text)
    .text                                    0x080000f0   Section        0  memseta.o(.text)
    .text                                    0x08000114   Section        0  fadd.o(.text)
    .text                                    0x080001c6   Section        0  fmul.o(.text)
    .text                                    0x08000240   Section        0  fdiv.o(.text)
    .text                                    0x080002bc   Section        0  dadd.o(.text)
    .text                                    0x08000420   Section        0  dmul.o(.text)
    .text                                    0x080004f0   Section        0  fcmple.o(.text)
    .text                                    0x0800050c   Section        0  fcmpge.o(.text)
    .text                                    0x08000528   Section        0  fflti.o(.text)
    .text                                    0x0800053e   Section        0  f2d.o(.text)
    .text                                    0x08000566   Section        0  d2f.o(.text)
    .text                                    0x0800059e   Section        0  uidiv_div0.o(.text)
    .text                                    0x080005dc   Section        0  idiv_div0.o(.text)
    .text                                    0x0800062c   Section        0  uldiv.o(.text)
    .text                                    0x0800068c   Section        0  llshl.o(.text)
    .text                                    0x080006ac   Section        0  llsshr.o(.text)
    .text                                    0x080006d2   Section        0  iusefp.o(.text)
    .text                                    0x080006d2   Section        0  fepilogue.o(.text)
    .text                                    0x08000754   Section        0  depilogue.o(.text)
    .text                                    0x08000814   Section        0  ddiv.o(.text)
    .text                                    0x08000904   Section        0  dfixul.o(.text)
    .text                                    0x08000944   Section       40  cdrcmple.o(.text)
    .text                                    0x0800096c   Section       48  init.o(.text)
    .text                                    0x0800099c   Section        0  llushr.o(.text)
    ADC_DMAConvCplt                          0x080009bf   Thumb Code   190  stm32g0xx_hal_adc.o(.text.ADC_DMAConvCplt)
    [Anonymous Symbol]                       0x080009be   Section        0  stm32g0xx_hal_adc.o(.text.ADC_DMAConvCplt)
    ADC_DMAError                             0x08000a7d   Thumb Code    42  stm32g0xx_hal_adc.o(.text.ADC_DMAError)
    [Anonymous Symbol]                       0x08000a7c   Section        0  stm32g0xx_hal_adc.o(.text.ADC_DMAError)
    ADC_DMAHalfConvCplt                      0x08000aa7   Thumb Code    22  stm32g0xx_hal_adc.o(.text.ADC_DMAHalfConvCplt)
    [Anonymous Symbol]                       0x08000aa6   Section        0  stm32g0xx_hal_adc.o(.text.ADC_DMAHalfConvCplt)
    [Anonymous Symbol]                       0x08000abc   Section        0  stm32g0xx_hal_adc.o(.text.ADC_Disable)
    [Anonymous Symbol]                       0x08000b80   Section        0  stm32g0xx_hal_adc.o(.text.ADC_Enable)
    __arm_cp.14_0                            0x08000c80   Number         4  stm32g0xx_hal_adc.o(.text.ADC_Enable)
    __arm_cp.14_2                            0x08000c84   Number         4  stm32g0xx_hal_adc.o(.text.ADC_Enable)
    __arm_cp.14_3                            0x08000c88   Number         4  stm32g0xx_hal_adc.o(.text.ADC_Enable)
    DMA_CalcDMAMUXChannelBaseAndMask         0x08000c8d   Thumb Code    60  stm32g0xx_hal_dma.o(.text.DMA_CalcDMAMUXChannelBaseAndMask)
    [Anonymous Symbol]                       0x08000c8c   Section        0  stm32g0xx_hal_dma.o(.text.DMA_CalcDMAMUXChannelBaseAndMask)
    __arm_cp.1_0                             0x08000cc8   Number         4  stm32g0xx_hal_dma.o(.text.DMA_CalcDMAMUXChannelBaseAndMask)
    __arm_cp.1_1                             0x08000ccc   Number         4  stm32g0xx_hal_dma.o(.text.DMA_CalcDMAMUXChannelBaseAndMask)
    DMA_CalcDMAMUXRequestGenBaseAndMask      0x08000cd1   Thumb Code    52  stm32g0xx_hal_dma.o(.text.DMA_CalcDMAMUXRequestGenBaseAndMask)
    [Anonymous Symbol]                       0x08000cd0   Section        0  stm32g0xx_hal_dma.o(.text.DMA_CalcDMAMUXRequestGenBaseAndMask)
    __arm_cp.2_0                             0x08000d04   Number         4  stm32g0xx_hal_dma.o(.text.DMA_CalcDMAMUXRequestGenBaseAndMask)
    __arm_cp.2_1                             0x08000d08   Number         4  stm32g0xx_hal_dma.o(.text.DMA_CalcDMAMUXRequestGenBaseAndMask)
    DMA_SetConfig                            0x08000d0d   Thumb Code   116  stm32g0xx_hal_dma.o(.text.DMA_SetConfig)
    [Anonymous Symbol]                       0x08000d0c   Section        0  stm32g0xx_hal_dma.o(.text.DMA_SetConfig)
    __arm_cp.5_0                             0x08000d80   Number         4  stm32g0xx_hal_dma.o(.text.DMA_SetConfig)
    [Anonymous Symbol]                       0x08000d84   Section        0  main.o(.text.Error_Handler)
    [Anonymous Symbol]                       0x08000d94   Section        0  stm32g0xx_hal_adc_ex.o(.text.HAL_ADCEx_Calibration_Start)
    __arm_cp.0_0                             0x08000f7c   Number         4  stm32g0xx_hal_adc_ex.o(.text.HAL_ADCEx_Calibration_Start)
    __arm_cp.0_1                             0x08000f80   Number         4  stm32g0xx_hal_adc_ex.o(.text.HAL_ADCEx_Calibration_Start)
    __arm_cp.0_2                             0x08000f84   Number         4  stm32g0xx_hal_adc_ex.o(.text.HAL_ADCEx_Calibration_Start)
    __arm_cp.0_3                             0x08000f88   Number         4  stm32g0xx_hal_adc_ex.o(.text.HAL_ADCEx_Calibration_Start)
    [Anonymous Symbol]                       0x08000f8c   Section        0  stm32g0xx_hal_adc.o(.text.HAL_ADC_ConfigChannel)
    __arm_cp.35_0                            0x080013ec   Number         4  stm32g0xx_hal_adc.o(.text.HAL_ADC_ConfigChannel)
    __arm_cp.35_1                            0x080013f0   Number         4  stm32g0xx_hal_adc.o(.text.HAL_ADC_ConfigChannel)
    __arm_cp.35_2                            0x080013f4   Number         4  stm32g0xx_hal_adc.o(.text.HAL_ADC_ConfigChannel)
    __arm_cp.35_3                            0x080013f8   Number         4  stm32g0xx_hal_adc.o(.text.HAL_ADC_ConfigChannel)
    __arm_cp.35_4                            0x080013fc   Number         4  stm32g0xx_hal_adc.o(.text.HAL_ADC_ConfigChannel)
    __arm_cp.35_5                            0x08001400   Number         4  stm32g0xx_hal_adc.o(.text.HAL_ADC_ConfigChannel)
    __arm_cp.35_6                            0x08001404   Number         4  stm32g0xx_hal_adc.o(.text.HAL_ADC_ConfigChannel)
    [Anonymous Symbol]                       0x08001408   Section        0  stm32g0xx_hal_adc.o(.text.HAL_ADC_ConvCpltCallback)
    [Anonymous Symbol]                       0x08001410   Section        0  stm32g0xx_hal_adc.o(.text.HAL_ADC_ConvHalfCpltCallback)
    [Anonymous Symbol]                       0x08001418   Section        0  stm32g0xx_hal_adc.o(.text.HAL_ADC_ErrorCallback)
    [Anonymous Symbol]                       0x08001420   Section        0  stm32g0xx_hal_adc.o(.text.HAL_ADC_Init)
    __arm_cp.0_0                             0x08001764   Number         4  stm32g0xx_hal_adc.o(.text.HAL_ADC_Init)
    __arm_cp.0_1                             0x08001768   Number         4  stm32g0xx_hal_adc.o(.text.HAL_ADC_Init)
    __arm_cp.0_2                             0x0800176c   Number         4  stm32g0xx_hal_adc.o(.text.HAL_ADC_Init)
    __arm_cp.0_3                             0x08001770   Number         4  stm32g0xx_hal_adc.o(.text.HAL_ADC_Init)
    __arm_cp.0_4                             0x08001774   Number         4  stm32g0xx_hal_adc.o(.text.HAL_ADC_Init)
    __arm_cp.0_5                             0x08001778   Number         4  stm32g0xx_hal_adc.o(.text.HAL_ADC_Init)
    [Anonymous Symbol]                       0x0800177c   Section        0  adc.o(.text.HAL_ADC_MspInit)
    __arm_cp.1_0                             0x08001854   Number         4  adc.o(.text.HAL_ADC_MspInit)
    __arm_cp.1_1                             0x08001858   Number         4  adc.o(.text.HAL_ADC_MspInit)
    __arm_cp.1_2                             0x0800185c   Number         4  adc.o(.text.HAL_ADC_MspInit)
    __arm_cp.1_3                             0x08001860   Number         4  adc.o(.text.HAL_ADC_MspInit)
    __arm_cp.1_4                             0x08001864   Number         4  adc.o(.text.HAL_ADC_MspInit)
    [Anonymous Symbol]                       0x08001868   Section        0  stm32g0xx_hal_adc.o(.text.HAL_ADC_Start_DMA)
    __arm_cp.22_0                            0x08001974   Number         4  stm32g0xx_hal_adc.o(.text.HAL_ADC_Start_DMA)
    __arm_cp.22_1                            0x08001978   Number         4  stm32g0xx_hal_adc.o(.text.HAL_ADC_Start_DMA)
    __arm_cp.22_2                            0x0800197c   Number         4  stm32g0xx_hal_adc.o(.text.HAL_ADC_Start_DMA)
    __arm_cp.22_3                            0x08001980   Number         4  stm32g0xx_hal_adc.o(.text.HAL_ADC_Start_DMA)
    [Anonymous Symbol]                       0x08001984   Section        0  stm32g0xx_hal_dma.o(.text.HAL_DMA_Init)
    __arm_cp.0_0                             0x08001a80   Number         4  stm32g0xx_hal_dma.o(.text.HAL_DMA_Init)
    __arm_cp.0_1                             0x08001a84   Number         4  stm32g0xx_hal_dma.o(.text.HAL_DMA_Init)
    [Anonymous Symbol]                       0x08001a88   Section        0  stm32g0xx_hal_dma.o(.text.HAL_DMA_Start_IT)
    [Anonymous Symbol]                       0x08001b90   Section        0  stm32g0xx_hal_gpio.o(.text.HAL_GPIO_Init)
    __arm_cp.0_0                             0x08001e40   Number         4  stm32g0xx_hal_gpio.o(.text.HAL_GPIO_Init)
    __arm_cp.0_1                             0x08001e44   Number         4  stm32g0xx_hal_gpio.o(.text.HAL_GPIO_Init)
    __arm_cp.0_2                             0x08001e48   Number         4  stm32g0xx_hal_gpio.o(.text.HAL_GPIO_Init)
    __arm_cp.0_3                             0x08001e4c   Number         4  stm32g0xx_hal_gpio.o(.text.HAL_GPIO_Init)
    __arm_cp.0_4                             0x08001e50   Number         4  stm32g0xx_hal_gpio.o(.text.HAL_GPIO_Init)
    __arm_cp.0_5                             0x08001e54   Number         4  stm32g0xx_hal_gpio.o(.text.HAL_GPIO_Init)
    __arm_cp.0_6                             0x08001e58   Number         4  stm32g0xx_hal_gpio.o(.text.HAL_GPIO_Init)
    __arm_cp.0_7                             0x08001e5c   Number         4  stm32g0xx_hal_gpio.o(.text.HAL_GPIO_Init)
    [Anonymous Symbol]                       0x08001e60   Section        0  stm32g0xx_hal_gpio.o(.text.HAL_GPIO_WritePin)
    [Anonymous Symbol]                       0x08001e8c   Section        0  stm32g0xx_hal.o(.text.HAL_GetTick)
    [Anonymous Symbol]                       0x08001e94   Section        0  stm32g0xx_hal.o(.text.HAL_IncTick)
    __arm_cp.5_1                             0x08001ea4   Number         4  stm32g0xx_hal.o(.text.HAL_IncTick)
    [Anonymous Symbol]                       0x08001ea8   Section        0  stm32g0xx_hal.o(.text.HAL_Init)
    __arm_cp.0_0                             0x08001ee0   Number         4  stm32g0xx_hal.o(.text.HAL_Init)
    [Anonymous Symbol]                       0x08001ee4   Section        0  stm32g0xx_hal.o(.text.HAL_InitTick)
    __arm_cp.1_0                             0x08001f5c   Number         4  stm32g0xx_hal.o(.text.HAL_InitTick)
    __arm_cp.1_2                             0x08001f60   Number         4  stm32g0xx_hal.o(.text.HAL_InitTick)
    [Anonymous Symbol]                       0x08001f64   Section        0  stm32g0xx_hal_msp.o(.text.HAL_MspInit)
    __arm_cp.0_0                             0x08001f98   Number         4  stm32g0xx_hal_msp.o(.text.HAL_MspInit)
    [Anonymous Symbol]                       0x08001f9c   Section        0  stm32g0xx_hal_cortex.o(.text.HAL_NVIC_SetPriority)
    [Anonymous Symbol]                       0x08001fb8   Section        0  stm32g0xx_hal_pwr_ex.o(.text.HAL_PWREx_ControlVoltageScaling)
    __arm_cp.13_1                            0x08002028   Number         4  stm32g0xx_hal_pwr_ex.o(.text.HAL_PWREx_ControlVoltageScaling)
    __arm_cp.13_2                            0x0800202c   Number         4  stm32g0xx_hal_pwr_ex.o(.text.HAL_PWREx_ControlVoltageScaling)
    __arm_cp.13_3                            0x08002030   Number         4  stm32g0xx_hal_pwr_ex.o(.text.HAL_PWREx_ControlVoltageScaling)
    [Anonymous Symbol]                       0x08002034   Section        0  stm32g0xx_hal_rcc_ex.o(.text.HAL_RCCEx_PeriphCLKConfig)
    __arm_cp.0_0                             0x0800224c   Number         4  stm32g0xx_hal_rcc_ex.o(.text.HAL_RCCEx_PeriphCLKConfig)
    __arm_cp.0_1                             0x08002250   Number         4  stm32g0xx_hal_rcc_ex.o(.text.HAL_RCCEx_PeriphCLKConfig)
    __arm_cp.0_4                             0x08002254   Number         4  stm32g0xx_hal_rcc_ex.o(.text.HAL_RCCEx_PeriphCLKConfig)
    __arm_cp.0_5                             0x08002258   Number         4  stm32g0xx_hal_rcc_ex.o(.text.HAL_RCCEx_PeriphCLKConfig)
    [Anonymous Symbol]                       0x0800225c   Section        0  stm32g0xx_hal_rcc.o(.text.HAL_RCC_ClockConfig)
    __arm_cp.2_0                             0x08002498   Number         4  stm32g0xx_hal_rcc.o(.text.HAL_RCC_ClockConfig)
    __arm_cp.2_2                             0x0800249c   Number         4  stm32g0xx_hal_rcc.o(.text.HAL_RCC_ClockConfig)
    __arm_cp.2_3                             0x080024a0   Number         4  stm32g0xx_hal_rcc.o(.text.HAL_RCC_ClockConfig)
    __arm_cp.2_5                             0x080024a4   Number         4  stm32g0xx_hal_rcc.o(.text.HAL_RCC_ClockConfig)
    __arm_cp.2_7                             0x080024a8   Number         4  stm32g0xx_hal_rcc.o(.text.HAL_RCC_ClockConfig)
    __arm_cp.2_8                             0x080024ac   Number         4  stm32g0xx_hal_rcc.o(.text.HAL_RCC_ClockConfig)
    [Anonymous Symbol]                       0x080024b0   Section        0  stm32g0xx_hal_rcc.o(.text.HAL_RCC_GetHCLKFreq)
    __arm_cp.5_0                             0x080024b8   Number         4  stm32g0xx_hal_rcc.o(.text.HAL_RCC_GetHCLKFreq)
    [Anonymous Symbol]                       0x080024bc   Section        0  stm32g0xx_hal_rcc.o(.text.HAL_RCC_GetPCLK1Freq)
    __arm_cp.6_0                             0x080024e0   Number         4  stm32g0xx_hal_rcc.o(.text.HAL_RCC_GetPCLK1Freq)
    [Anonymous Symbol]                       0x080024e4   Section        0  stm32g0xx_hal_rcc.o(.text.HAL_RCC_GetSysClockFreq)
    __arm_cp.3_0                             0x080025f0   Number         4  stm32g0xx_hal_rcc.o(.text.HAL_RCC_GetSysClockFreq)
    __arm_cp.3_1                             0x080025f4   Number         4  stm32g0xx_hal_rcc.o(.text.HAL_RCC_GetSysClockFreq)
    __arm_cp.3_2                             0x080025f8   Number         4  stm32g0xx_hal_rcc.o(.text.HAL_RCC_GetSysClockFreq)
    __arm_cp.3_3                             0x080025fc   Number         4  stm32g0xx_hal_rcc.o(.text.HAL_RCC_GetSysClockFreq)
    __arm_cp.3_4                             0x08002600   Number         4  stm32g0xx_hal_rcc.o(.text.HAL_RCC_GetSysClockFreq)
    [Anonymous Symbol]                       0x08002604   Section        0  stm32g0xx_hal_rcc.o(.text.HAL_RCC_OscConfig)
    __arm_cp.1_17                            0x08002a38   Number         4  stm32g0xx_hal_rcc.o(.text.HAL_RCC_OscConfig)
    __arm_cp.1_18                            0x08002a3c   Number         4  stm32g0xx_hal_rcc.o(.text.HAL_RCC_OscConfig)
    __arm_cp.1_19                            0x08002a40   Number         4  stm32g0xx_hal_rcc.o(.text.HAL_RCC_OscConfig)
    __arm_cp.1_20                            0x08002a44   Number         4  stm32g0xx_hal_rcc.o(.text.HAL_RCC_OscConfig)
    __arm_cp.1_0                             0x08002c78   Number         4  stm32g0xx_hal_rcc.o(.text.HAL_RCC_OscConfig)
    __arm_cp.1_1                             0x08002c7c   Number         4  stm32g0xx_hal_rcc.o(.text.HAL_RCC_OscConfig)
    __arm_cp.1_2                             0x08002c80   Number         4  stm32g0xx_hal_rcc.o(.text.HAL_RCC_OscConfig)
    __arm_cp.1_7                             0x08002c84   Number         4  stm32g0xx_hal_rcc.o(.text.HAL_RCC_OscConfig)
    __arm_cp.1_8                             0x08002c88   Number         4  stm32g0xx_hal_rcc.o(.text.HAL_RCC_OscConfig)
    __arm_cp.1_9                             0x08002c8c   Number         4  stm32g0xx_hal_rcc.o(.text.HAL_RCC_OscConfig)
    __arm_cp.1_10                            0x08002c90   Number         4  stm32g0xx_hal_rcc.o(.text.HAL_RCC_OscConfig)
    __arm_cp.1_11                            0x08002c94   Number         4  stm32g0xx_hal_rcc.o(.text.HAL_RCC_OscConfig)
    __arm_cp.1_12                            0x08002c98   Number         4  stm32g0xx_hal_rcc.o(.text.HAL_RCC_OscConfig)
    __arm_cp.1_13                            0x08002c9c   Number         4  stm32g0xx_hal_rcc.o(.text.HAL_RCC_OscConfig)
    [Anonymous Symbol]                       0x08002ca0   Section        0  stm32g0xx_hal_cortex.o(.text.HAL_SYSTICK_Config)
    [Anonymous Symbol]                       0x08002cb0   Section        0  stm32g0xx_hal_uart_ex.o(.text.HAL_UARTEx_DisableFifoMode)
    [Anonymous Symbol]                       0x08002d2a   Section        0  stm32g0xx_hal_uart_ex.o(.text.HAL_UARTEx_SetRxFifoThreshold)
    [Anonymous Symbol]                       0x08002dba   Section        0  stm32g0xx_hal_uart_ex.o(.text.HAL_UARTEx_SetTxFifoThreshold)
    [Anonymous Symbol]                       0x08002e4a   Section        0  stm32g0xx_hal_uart.o(.text.HAL_UART_Init)
    [Anonymous Symbol]                       0x08002f00   Section        0  usart.o(.text.HAL_UART_MspInit)
    __arm_cp.1_0                             0x08002f98   Number         4  usart.o(.text.HAL_UART_MspInit)
    __arm_cp.1_1                             0x08002f9c   Number         4  usart.o(.text.HAL_UART_MspInit)
    __arm_cp.1_2                             0x08002fa0   Number         4  usart.o(.text.HAL_UART_MspInit)
    [Anonymous Symbol]                       0x08002fa4   Section        0  stm32g0xx_hal_uart.o(.text.HAL_UART_Transmit)
    __arm_cp.10_0                            0x08003110   Number         4  stm32g0xx_hal_uart.o(.text.HAL_UART_Transmit)
    [Anonymous Symbol]                       0x08003114   Section        0  stm32g0xx_it.o(.text.HardFault_Handler)
    LL_ADC_Disable                           0x08003119   Thumb Code    24  stm32g0xx_hal_adc.o(.text.LL_ADC_Disable)
    [Anonymous Symbol]                       0x08003118   Section        0  stm32g0xx_hal_adc.o(.text.LL_ADC_Disable)
    LL_ADC_Disable                           0x08003131   Thumb Code    24  stm32g0xx_hal_adc_ex.o(.text.LL_ADC_Disable)
    [Anonymous Symbol]                       0x08003130   Section        0  stm32g0xx_hal_adc_ex.o(.text.LL_ADC_Disable)
    LL_ADC_Enable                            0x08003149   Thumb Code    24  stm32g0xx_hal_adc.o(.text.LL_ADC_Enable)
    [Anonymous Symbol]                       0x08003148   Section        0  stm32g0xx_hal_adc.o(.text.LL_ADC_Enable)
    LL_ADC_Enable                            0x08003161   Thumb Code    24  stm32g0xx_hal_adc_ex.o(.text.LL_ADC_Enable)
    [Anonymous Symbol]                       0x08003160   Section        0  stm32g0xx_hal_adc_ex.o(.text.LL_ADC_Enable)
    LL_ADC_EnableInternalRegulator           0x08003179   Thumb Code    28  stm32g0xx_hal_adc.o(.text.LL_ADC_EnableInternalRegulator)
    [Anonymous Symbol]                       0x08003178   Section        0  stm32g0xx_hal_adc.o(.text.LL_ADC_EnableInternalRegulator)
    LL_ADC_GetCalibrationFactor              0x08003195   Thumb Code    18  stm32g0xx_hal_adc_ex.o(.text.LL_ADC_GetCalibrationFactor)
    [Anonymous Symbol]                       0x08003194   Section        0  stm32g0xx_hal_adc_ex.o(.text.LL_ADC_GetCalibrationFactor)
    LL_ADC_GetClock                          0x080031a7   Thumb Code    18  stm32g0xx_hal_adc_ex.o(.text.LL_ADC_GetClock)
    [Anonymous Symbol]                       0x080031a6   Section        0  stm32g0xx_hal_adc_ex.o(.text.LL_ADC_GetClock)
    LL_ADC_GetCommonClock                    0x080031b9   Thumb Code    18  stm32g0xx_hal_adc_ex.o(.text.LL_ADC_GetCommonClock)
    [Anonymous Symbol]                       0x080031b8   Section        0  stm32g0xx_hal_adc_ex.o(.text.LL_ADC_GetCommonClock)
    LL_ADC_GetCommonPathInternalCh           0x080031cb   Thumb Code    18  stm32g0xx_hal_adc.o(.text.LL_ADC_GetCommonPathInternalCh)
    [Anonymous Symbol]                       0x080031ca   Section        0  stm32g0xx_hal_adc.o(.text.LL_ADC_GetCommonPathInternalCh)
    LL_ADC_GetSamplingTimeCommonChannels     0x080031dd   Thumb Code    28  stm32g0xx_hal_adc.o(.text.LL_ADC_GetSamplingTimeCommonChannels)
    [Anonymous Symbol]                       0x080031dc   Section        0  stm32g0xx_hal_adc.o(.text.LL_ADC_GetSamplingTimeCommonChannels)
    LL_ADC_IsCalibrationOnGoing              0x080031f9   Thumb Code    14  stm32g0xx_hal_adc_ex.o(.text.LL_ADC_IsCalibrationOnGoing)
    [Anonymous Symbol]                       0x080031f8   Section        0  stm32g0xx_hal_adc_ex.o(.text.LL_ADC_IsCalibrationOnGoing)
    LL_ADC_IsDisableOngoing                  0x08003207   Thumb Code    18  stm32g0xx_hal_adc.o(.text.LL_ADC_IsDisableOngoing)
    [Anonymous Symbol]                       0x08003206   Section        0  stm32g0xx_hal_adc.o(.text.LL_ADC_IsDisableOngoing)
    LL_ADC_IsEnabled                         0x08003219   Thumb Code    16  stm32g0xx_hal_adc.o(.text.LL_ADC_IsEnabled)
    [Anonymous Symbol]                       0x08003218   Section        0  stm32g0xx_hal_adc.o(.text.LL_ADC_IsEnabled)
    LL_ADC_IsEnabled                         0x08003229   Thumb Code    16  stm32g0xx_hal_adc_ex.o(.text.LL_ADC_IsEnabled)
    [Anonymous Symbol]                       0x08003228   Section        0  stm32g0xx_hal_adc_ex.o(.text.LL_ADC_IsEnabled)
    LL_ADC_IsInternalRegulatorEnabled        0x08003239   Thumb Code    20  stm32g0xx_hal_adc.o(.text.LL_ADC_IsInternalRegulatorEnabled)
    [Anonymous Symbol]                       0x08003238   Section        0  stm32g0xx_hal_adc.o(.text.LL_ADC_IsInternalRegulatorEnabled)
    LL_ADC_REG_IsConversionOngoing           0x0800324d   Thumb Code    18  stm32g0xx_hal_adc.o(.text.LL_ADC_REG_IsConversionOngoing)
    [Anonymous Symbol]                       0x0800324c   Section        0  stm32g0xx_hal_adc.o(.text.LL_ADC_REG_IsConversionOngoing)
    LL_ADC_REG_IsTriggerSourceSWStart        0x0800325f   Thumb Code    22  stm32g0xx_hal_adc.o(.text.LL_ADC_REG_IsTriggerSourceSWStart)
    [Anonymous Symbol]                       0x0800325e   Section        0  stm32g0xx_hal_adc.o(.text.LL_ADC_REG_IsTriggerSourceSWStart)
    LL_ADC_REG_SetSequencerChAdd             0x08003275   Thumb Code    24  stm32g0xx_hal_adc.o(.text.LL_ADC_REG_SetSequencerChAdd)
    [Anonymous Symbol]                       0x08003274   Section        0  stm32g0xx_hal_adc.o(.text.LL_ADC_REG_SetSequencerChAdd)
    __arm_cp.36_0                            0x0800328c   Number         4  stm32g0xx_hal_adc.o(.text.LL_ADC_REG_SetSequencerChAdd)
    LL_ADC_REG_SetSequencerChRem             0x08003291   Thumb Code    28  stm32g0xx_hal_adc.o(.text.LL_ADC_REG_SetSequencerChRem)
    [Anonymous Symbol]                       0x08003290   Section        0  stm32g0xx_hal_adc.o(.text.LL_ADC_REG_SetSequencerChRem)
    __arm_cp.41_0                            0x080032ac   Number         4  stm32g0xx_hal_adc.o(.text.LL_ADC_REG_SetSequencerChRem)
    LL_ADC_REG_SetSequencerRanks             0x080032b1   Thumb Code    46  stm32g0xx_hal_adc.o(.text.LL_ADC_REG_SetSequencerRanks)
    [Anonymous Symbol]                       0x080032b0   Section        0  stm32g0xx_hal_adc.o(.text.LL_ADC_REG_SetSequencerRanks)
    LL_ADC_REG_StartConversion               0x080032e1   Thumb Code    24  stm32g0xx_hal_adc.o(.text.LL_ADC_REG_StartConversion)
    [Anonymous Symbol]                       0x080032e0   Section        0  stm32g0xx_hal_adc.o(.text.LL_ADC_REG_StartConversion)
    __arm_cp.15_0                            0x080032f8   Number         4  stm32g0xx_hal_adc.o(.text.LL_ADC_REG_StartConversion)
    LL_ADC_SetCalibrationFactor              0x080032fd   Thumb Code    28  stm32g0xx_hal_adc_ex.o(.text.LL_ADC_SetCalibrationFactor)
    [Anonymous Symbol]                       0x080032fc   Section        0  stm32g0xx_hal_adc_ex.o(.text.LL_ADC_SetCalibrationFactor)
    LL_ADC_SetChannelSamplingTime            0x08003319   Thumb Code    36  stm32g0xx_hal_adc.o(.text.LL_ADC_SetChannelSamplingTime)
    [Anonymous Symbol]                       0x08003318   Section        0  stm32g0xx_hal_adc.o(.text.LL_ADC_SetChannelSamplingTime)
    __arm_cp.38_0                            0x0800333c   Number         4  stm32g0xx_hal_adc.o(.text.LL_ADC_SetChannelSamplingTime)
    LL_ADC_SetCommonPathInternalCh           0x08003341   Thumb Code    28  stm32g0xx_hal_adc.o(.text.LL_ADC_SetCommonPathInternalCh)
    [Anonymous Symbol]                       0x08003340   Section        0  stm32g0xx_hal_adc.o(.text.LL_ADC_SetCommonPathInternalCh)
    LL_ADC_SetSamplingTimeCommonChannels     0x0800335d   Thumb Code    38  stm32g0xx_hal_adc.o(.text.LL_ADC_SetSamplingTimeCommonChannels)
    [Anonymous Symbol]                       0x0800335c   Section        0  stm32g0xx_hal_adc.o(.text.LL_ADC_SetSamplingTimeCommonChannels)
    LL_ADC_StartCalibration                  0x08003383   Thumb Code    26  stm32g0xx_hal_adc_ex.o(.text.LL_ADC_StartCalibration)
    [Anonymous Symbol]                       0x08003382   Section        0  stm32g0xx_hal_adc_ex.o(.text.LL_ADC_StartCalibration)
    LL_RCC_GetAPB1Prescaler                  0x0800339d   Thumb Code    12  stm32g0xx_hal_rcc.o(.text.LL_RCC_GetAPB1Prescaler)
    [Anonymous Symbol]                       0x0800339c   Section        0  stm32g0xx_hal_rcc.o(.text.LL_RCC_GetAPB1Prescaler)
    __arm_cp.7_0                             0x080033a8   Number         4  stm32g0xx_hal_rcc.o(.text.LL_RCC_GetAPB1Prescaler)
    [Anonymous Symbol]                       0x080033ac   Section        0  adc.o(.text.MX_ADC1_Init)
    __arm_cp.0_0                             0x0800344c   Number         4  adc.o(.text.MX_ADC1_Init)
    __arm_cp.0_1                             0x08003450   Number         4  adc.o(.text.MX_ADC1_Init)
    __arm_cp.0_2                             0x08003454   Number         4  adc.o(.text.MX_ADC1_Init)
    [Anonymous Symbol]                       0x08003458   Section        0  dma.o(.text.MX_DMA_Init)
    __arm_cp.0_0                             0x08003474   Number         4  dma.o(.text.MX_DMA_Init)
    [Anonymous Symbol]                       0x08003478   Section        0  gpio.o(.text.MX_GPIO_Init)
    __arm_cp.0_0                             0x080034e0   Number         4  gpio.o(.text.MX_GPIO_Init)
    [Anonymous Symbol]                       0x080034e4   Section        0  usart.o(.text.MX_USART1_UART_Init)
    __arm_cp.0_0                             0x0800355c   Number         4  usart.o(.text.MX_USART1_UART_Init)
    __arm_cp.0_1                             0x08003560   Number         4  usart.o(.text.MX_USART1_UART_Init)
    [Anonymous Symbol]                       0x08003564   Section        0  stm32g0xx_it.o(.text.NMI_Handler)
    [Anonymous Symbol]                       0x08003568   Section        0  stm32g0xx_it.o(.text.PendSV_Handler)
    [Anonymous Symbol]                       0x0800356a   Section        0  stm32g0xx_it.o(.text.SVC_Handler)
    SysTick_Config                           0x0800356d   Thumb Code    68  stm32g0xx_hal_cortex.o(.text.SysTick_Config)
    [Anonymous Symbol]                       0x0800356c   Section        0  stm32g0xx_hal_cortex.o(.text.SysTick_Config)
    __arm_cp.9_0                             0x080035b0   Number         4  stm32g0xx_hal_cortex.o(.text.SysTick_Config)
    __arm_cp.9_1                             0x080035b4   Number         4  stm32g0xx_hal_cortex.o(.text.SysTick_Config)
    __arm_cp.9_2                             0x080035b8   Number         4  stm32g0xx_hal_cortex.o(.text.SysTick_Config)
    [Anonymous Symbol]                       0x080035bc   Section        0  stm32g0xx_it.o(.text.SysTick_Handler)
    [Anonymous Symbol]                       0x080035c4   Section        0  main.o(.text.SystemClock_Config)
    [Anonymous Symbol]                       0x08003646   Section        0  system_stm32g0xx.o(.text.SystemInit)
    UARTEx_SetNbDataToProcess                0x08003649   Thumb Code   140  stm32g0xx_hal_uart_ex.o(.text.UARTEx_SetNbDataToProcess)
    [Anonymous Symbol]                       0x08003648   Section        0  stm32g0xx_hal_uart_ex.o(.text.UARTEx_SetNbDataToProcess)
    __arm_cp.10_0                            0x080036d4   Number         4  stm32g0xx_hal_uart_ex.o(.text.UARTEx_SetNbDataToProcess)
    __arm_cp.10_1                            0x080036d8   Number         4  stm32g0xx_hal_uart_ex.o(.text.UARTEx_SetNbDataToProcess)
    [Anonymous Symbol]                       0x080036dc   Section        0  stm32g0xx_hal_uart.o(.text.UART_AdvFeatureConfig)
    [Anonymous Symbol]                       0x08003838   Section        0  stm32g0xx_hal_uart.o(.text.UART_CheckIdleState)
    __arm_cp.4_0                             0x08003994   Number         4  stm32g0xx_hal_uart.o(.text.UART_CheckIdleState)
    UART_EndRxTransfer                       0x08003999   Thumb Code   180  stm32g0xx_hal_uart.o(.text.UART_EndRxTransfer)
    [Anonymous Symbol]                       0x08003998   Section        0  stm32g0xx_hal_uart.o(.text.UART_EndRxTransfer)
    __arm_cp.30_0                            0x08003a4c   Number         4  stm32g0xx_hal_uart.o(.text.UART_EndRxTransfer)
    [Anonymous Symbol]                       0x08003a50   Section        0  stm32g0xx_hal_uart.o(.text.UART_SetConfig)
    __arm_cp.3_0                             0x08003d00   Number         4  stm32g0xx_hal_uart.o(.text.UART_SetConfig)
    __arm_cp.3_1                             0x08003d04   Number         4  stm32g0xx_hal_uart.o(.text.UART_SetConfig)
    __arm_cp.3_2                             0x08003d08   Number         4  stm32g0xx_hal_uart.o(.text.UART_SetConfig)
    __arm_cp.3_3                             0x08003d0c   Number         4  stm32g0xx_hal_uart.o(.text.UART_SetConfig)
    __arm_cp.3_4                             0x08003d10   Number         4  stm32g0xx_hal_uart.o(.text.UART_SetConfig)
    __arm_cp.3_5                             0x08003d14   Number         4  stm32g0xx_hal_uart.o(.text.UART_SetConfig)
    __arm_cp.3_6                             0x08003d18   Number         4  stm32g0xx_hal_uart.o(.text.UART_SetConfig)
    [Anonymous Symbol]                       0x08003d1c   Section        0  stm32g0xx_hal_uart.o(.text.UART_WaitOnFlagUntilTimeout)
    [Anonymous Symbol]                       0x08003e24   Section        0  main.o(.text.V_zero_calib_avg_filter)
    __arm_cp.5_0                             0x08003e7c   Number         4  main.o(.text.V_zero_calib_avg_filter)
    __arm_cp.5_1                             0x08003e80   Number         4  main.o(.text.V_zero_calib_avg_filter)
    __NVIC_SetPriority                       0x08003e85   Thumb Code   124  stm32g0xx_hal_cortex.o(.text.__NVIC_SetPriority)
    [Anonymous Symbol]                       0x08003e84   Section        0  stm32g0xx_hal_cortex.o(.text.__NVIC_SetPriority)
    __arm_cp.1_0                             0x08003f00   Number         4  stm32g0xx_hal_cortex.o(.text.__NVIC_SetPriority)
    __arm_cp.1_1                             0x08003f04   Number         4  stm32g0xx_hal_cortex.o(.text.__NVIC_SetPriority)
    [Anonymous Symbol]                       0x08003f08   Section        0  main.o(.text.curr_median_avg_filter)
    __arm_cp.4_0                             0x08003fa8   Number         4  main.o(.text.curr_median_avg_filter)
    __arm_cp.4_1                             0x08003fac   Number         4  main.o(.text.curr_median_avg_filter)
    __arm_cp.4_2                             0x08003fb0   Number         4  main.o(.text.curr_median_avg_filter)
    [Anonymous Symbol]                       0x08003fb4   Section        0  usart.o(.text.fputc)
    __arm_cp.3_0                             0x08003fd0   Number         4  usart.o(.text.fputc)
    [Anonymous Symbol]                       0x08003fd4   Section        0  main.o(.text.main)
    __arm_cp.7_0                             0x080041e0   Number         4  main.o(.text.main)
    __arm_cp.7_1                             0x080041e4   Number         4  main.o(.text.main)
    __arm_cp.7_2                             0x080041e8   Number         4  main.o(.text.main)
    __arm_cp.7_3                             0x080041ec   Number         4  main.o(.text.main)
    __arm_cp.7_4                             0x080041f0   Number         4  main.o(.text.main)
    __arm_cp.7_5                             0x080041f4   Number         4  main.o(.text.main)
    __arm_cp.7_6                             0x080041f8   Number         4  main.o(.text.main)
    __arm_cp.7_7                             0x080041fc   Number         4  main.o(.text.main)
    __arm_cp.7_8                             0x08004200   Number         4  main.o(.text.main)
    __arm_cp.7_9                             0x08004204   Number         4  main.o(.text.main)
    __arm_cp.7_10                            0x08004208   Number         4  main.o(.text.main)
    __arm_cp.7_11                            0x0800420c   Number         4  main.o(.text.main)
    __arm_cp.7_12                            0x08004210   Number         4  main.o(.text.main)
    __arm_cp.7_13                            0x08004214   Number         4  main.o(.text.main)
    __arm_cp.7_14                            0x08004218   Number         4  main.o(.text.main)
    __arm_cp.7_15                            0x0800421c   Number         4  main.o(.text.main)
    __arm_cp.7_16                            0x08004220   Number         4  main.o(.text.main)
    __arm_cp.7_17                            0x08004224   Number         4  main.o(.text.main)
    __arm_cp.7_18                            0x08004228   Number         4  main.o(.text.main)
    __arm_cp.7_19                            0x0800422c   Number         4  main.o(.text.main)
    __arm_cp.7_20                            0x08004230   Number         4  main.o(.text.main)
    __arm_cp.7_21                            0x08004234   Number         4  main.o(.text.main)
    select_sort                              0x08004239   Thumb Code   136  main.o(.text.select_sort)
    [Anonymous Symbol]                       0x08004238   Section        0  main.o(.text.select_sort)
    [Anonymous Symbol]                       0x080042c0   Section        0  main.o(.text.vol_median_avg_filter)
    __arm_cp.2_0                             0x08004360   Number         4  main.o(.text.vol_median_avg_filter)
    __arm_cp.2_1                             0x08004364   Number         4  main.o(.text.vol_median_avg_filter)
    __arm_cp.2_2                             0x08004368   Number         4  main.o(.text.vol_median_avg_filter)
    i.__0printf                              0x0800436c   Section        0  printfa.o(i.__0printf)
    i.__ARM_clz                              0x0800438c   Section        0  depilogue.o(i.__ARM_clz)
    i.__scatterload_copy                     0x080043ba   Section       14  handlers.o(i.__scatterload_copy)
    i.__scatterload_null                     0x080043c8   Section        2  handlers.o(i.__scatterload_null)
    i.__scatterload_zeroinit                 0x080043ca   Section       14  handlers.o(i.__scatterload_zeroinit)
    _fp_digits                               0x080043d9   Thumb Code   344  printfa.o(i._fp_digits)
    i._fp_digits                             0x080043d8   Section        0  printfa.o(i._fp_digits)
    _printf_core                             0x0800454d   Thumb Code  1754  printfa.o(i._printf_core)
    i._printf_core                           0x0800454c   Section        0  printfa.o(i._printf_core)
    _printf_post_padding                     0x08004c39   Thumb Code    32  printfa.o(i._printf_post_padding)
    i._printf_post_padding                   0x08004c38   Section        0  printfa.o(i._printf_post_padding)
    _printf_pre_padding                      0x08004c59   Thumb Code    44  printfa.o(i._printf_pre_padding)
    i._printf_pre_padding                    0x08004c58   Section        0  printfa.o(i._printf_pre_padding)
    UARTEx_SetNbDataToProcess.denominator    0x08004ce4   Data           8  stm32g0xx_hal_uart_ex.o(.rodata.UARTEx_SetNbDataToProcess.denominator)
    [Anonymous Symbol]                       0x08004ce4   Section        0  stm32g0xx_hal_uart_ex.o(.rodata.UARTEx_SetNbDataToProcess.denominator)
    UARTEx_SetNbDataToProcess.numerator      0x08004cec   Data           8  stm32g0xx_hal_uart_ex.o(.rodata.UARTEx_SetNbDataToProcess.numerator)
    [Anonymous Symbol]                       0x08004cec   Section        0  stm32g0xx_hal_uart_ex.o(.rodata.UARTEx_SetNbDataToProcess.numerator)
    [Anonymous Symbol]                       0x08004d0c   Section        0  main.o(.rodata.str1.1)
    .data                                    0x20000000   Section        4  stdout.o(.data)
    STACK                                    0x20000420   Section     1024  startup_stm32g030xx.o(STACK)

    Global Symbols

    Symbol Name                              Value     Ov Type        Size  Object(Section)

    BuildAttributes$$THM_ISAv3M$S$PE$A:L22$X:L11$S22$IEEE1$IW$~IW$USESV6$~STKCKD$USESV7$~SHL$OTIME$ROPI$EBA8$MICROLIB$REQ8$PRES8$EABIv2 0x00000000   Number         0  anon$$obj.o ABSOLUTE
    __cpp_initialize__aeabi_                  - Undefined Weak Reference
    __cxa_finalize                            - Undefined Weak Reference
    __decompress                              - Undefined Weak Reference
    _clock_init                               - Undefined Weak Reference
    _microlib_exit                            - Undefined Weak Reference
    __Vectors_Size                           0x000000c0   Number         0  startup_stm32g030xx.o ABSOLUTE
    __Vectors                                0x08000000   Data           4  startup_stm32g030xx.o(RESET)
    __Vectors_End                            0x080000c0   Data           0  startup_stm32g030xx.o(RESET)
    __main                                   0x080000c1   Thumb Code     0  entry.o(.ARM.Collect$$$$00000000)
    _main_stk                                0x080000c1   Thumb Code     0  entry2.o(.ARM.Collect$$$$00000001)
    _main_scatterload                        0x080000c5   Thumb Code     0  entry5.o(.ARM.Collect$$$$00000004)
    __main_after_scatterload                 0x080000c9   Thumb Code     0  entry5.o(.ARM.Collect$$$$00000004)
    _main_clock                              0x080000c9   Thumb Code     0  entry7b.o(.ARM.Collect$$$$00000008)
    _main_cpp_init                           0x080000c9   Thumb Code     0  entry8b.o(.ARM.Collect$$$$0000000A)
    _main_init                               0x080000c9   Thumb Code     0  entry9a.o(.ARM.Collect$$$$0000000B)
    __rt_final_cpp                           0x080000d1   Thumb Code     0  entry10a.o(.ARM.Collect$$$$0000000D)
    __rt_final_exit                          0x080000d1   Thumb Code     0  entry11a.o(.ARM.Collect$$$$0000000F)
    Reset_Handler                            0x080000d5   Thumb Code     8  startup_stm32g030xx.o(.text)
    ADC1_IRQHandler                          0x080000e7   Thumb Code     0  startup_stm32g030xx.o(.text)
    DMA1_Ch4_5_DMAMUX1_OVR_IRQHandler        0x080000e7   Thumb Code     0  startup_stm32g030xx.o(.text)
    DMA1_Channel1_IRQHandler                 0x080000e7   Thumb Code     0  startup_stm32g030xx.o(.text)
    DMA1_Channel2_3_IRQHandler               0x080000e7   Thumb Code     0  startup_stm32g030xx.o(.text)
    EXTI0_1_IRQHandler                       0x080000e7   Thumb Code     0  startup_stm32g030xx.o(.text)
    EXTI2_3_IRQHandler                       0x080000e7   Thumb Code     0  startup_stm32g030xx.o(.text)
    EXTI4_15_IRQHandler                      0x080000e7   Thumb Code     0  startup_stm32g030xx.o(.text)
    FLASH_IRQHandler                         0x080000e7   Thumb Code     0  startup_stm32g030xx.o(.text)
    I2C1_IRQHandler                          0x080000e7   Thumb Code     0  startup_stm32g030xx.o(.text)
    I2C2_IRQHandler                          0x080000e7   Thumb Code     0  startup_stm32g030xx.o(.text)
    RCC_IRQHandler                           0x080000e7   Thumb Code     0  startup_stm32g030xx.o(.text)
    RTC_TAMP_IRQHandler                      0x080000e7   Thumb Code     0  startup_stm32g030xx.o(.text)
    SPI1_IRQHandler                          0x080000e7   Thumb Code     0  startup_stm32g030xx.o(.text)
    SPI2_IRQHandler                          0x080000e7   Thumb Code     0  startup_stm32g030xx.o(.text)
    TIM14_IRQHandler                         0x080000e7   Thumb Code     0  startup_stm32g030xx.o(.text)
    TIM16_IRQHandler                         0x080000e7   Thumb Code     0  startup_stm32g030xx.o(.text)
    TIM17_IRQHandler                         0x080000e7   Thumb Code     0  startup_stm32g030xx.o(.text)
    TIM1_BRK_UP_TRG_COM_IRQHandler           0x080000e7   Thumb Code     0  startup_stm32g030xx.o(.text)
    TIM1_CC_IRQHandler                       0x080000e7   Thumb Code     0  startup_stm32g030xx.o(.text)
    TIM3_IRQHandler                          0x080000e7   Thumb Code     0  startup_stm32g030xx.o(.text)
    USART1_IRQHandler                        0x080000e7   Thumb Code     0  startup_stm32g030xx.o(.text)
    USART2_IRQHandler                        0x080000e7   Thumb Code     0  startup_stm32g030xx.o(.text)
    WWDG_IRQHandler                          0x080000e7   Thumb Code     0  startup_stm32g030xx.o(.text)
    __aeabi_memset                           0x080000f1   Thumb Code    14  memseta.o(.text)
    __aeabi_memset4                          0x080000f1   Thumb Code     0  memseta.o(.text)
    __aeabi_memset8                          0x080000f1   Thumb Code     0  memseta.o(.text)
    __aeabi_memclr                           0x080000ff   Thumb Code     4  memseta.o(.text)
    __aeabi_memclr4                          0x080000ff   Thumb Code     0  memseta.o(.text)
    __aeabi_memclr8                          0x080000ff   Thumb Code     0  memseta.o(.text)
    _memset$wrapper                          0x08000103   Thumb Code    18  memseta.o(.text)
    __aeabi_fadd                             0x08000115   Thumb Code   162  fadd.o(.text)
    __aeabi_fsub                             0x080001b7   Thumb Code     8  fadd.o(.text)
    __aeabi_frsub                            0x080001bf   Thumb Code     8  fadd.o(.text)
    __aeabi_fmul                             0x080001c7   Thumb Code   122  fmul.o(.text)
    __aeabi_fdiv                             0x08000241   Thumb Code   124  fdiv.o(.text)
    __aeabi_dadd                             0x080002bd   Thumb Code   328  dadd.o(.text)
    __aeabi_dsub                             0x08000405   Thumb Code    12  dadd.o(.text)
    __aeabi_drsub                            0x08000411   Thumb Code    12  dadd.o(.text)
    __aeabi_dmul                             0x08000421   Thumb Code   202  dmul.o(.text)
    __aeabi_fcmple                           0x080004f1   Thumb Code    28  fcmple.o(.text)
    __aeabi_fcmpge                           0x0800050d   Thumb Code    28  fcmpge.o(.text)
    __aeabi_i2f                              0x08000529   Thumb Code    22  fflti.o(.text)
    __aeabi_f2d                              0x0800053f   Thumb Code    40  f2d.o(.text)
    __aeabi_d2f                              0x08000567   Thumb Code    56  d2f.o(.text)
    __aeabi_uidiv                            0x0800059f   Thumb Code     0  uidiv_div0.o(.text)
    __aeabi_uidivmod                         0x0800059f   Thumb Code    62  uidiv_div0.o(.text)
    __aeabi_idiv$div0                        0x080005dd   Thumb Code     0  idiv_div0.o(.text)
    __aeabi_idivmod                          0x080005dd   Thumb Code    74  idiv_div0.o(.text)
    __aeabi_uldivmod                         0x0800062d   Thumb Code    96  uldiv.o(.text)
    __aeabi_llsl                             0x0800068d   Thumb Code    32  llshl.o(.text)
    _ll_shift_l                              0x0800068d   Thumb Code     0  llshl.o(.text)
    __aeabi_lasr                             0x080006ad   Thumb Code    38  llsshr.o(.text)
    _ll_sshift_r                             0x080006ad   Thumb Code     0  llsshr.o(.text)
    __I$use$fp                               0x080006d3   Thumb Code     0  iusefp.o(.text)
    _float_round                             0x080006d3   Thumb Code    16  fepilogue.o(.text)
    _float_epilogue                          0x080006e3   Thumb Code   114  fepilogue.o(.text)
    _double_round                            0x08000755   Thumb Code    26  depilogue.o(.text)
    _double_epilogue                         0x0800076f   Thumb Code   164  depilogue.o(.text)
    __aeabi_ddiv                             0x08000815   Thumb Code   234  ddiv.o(.text)
    __aeabi_d2ulz                            0x08000905   Thumb Code    54  dfixul.o(.text)
    __aeabi_cdrcmple                         0x08000945   Thumb Code    38  cdrcmple.o(.text)
    __scatterload                            0x0800096d   Thumb Code    38  init.o(.text)
    __scatterload_rt2                        0x0800096d   Thumb Code     0  init.o(.text)
    __aeabi_llsr                             0x0800099d   Thumb Code    34  llushr.o(.text)
    _ll_ushift_r                             0x0800099d   Thumb Code     0  llushr.o(.text)
    ADC_Disable                              0x08000abd   Thumb Code   196  stm32g0xx_hal_adc.o(.text.ADC_Disable)
    ADC_Enable                               0x08000b81   Thumb Code   256  stm32g0xx_hal_adc.o(.text.ADC_Enable)
    Error_Handler                            0x08000d85   Thumb Code    14  main.o(.text.Error_Handler)
    HAL_ADCEx_Calibration_Start              0x08000d95   Thumb Code   488  stm32g0xx_hal_adc_ex.o(.text.HAL_ADCEx_Calibration_Start)
    HAL_ADC_ConfigChannel                    0x08000f8d   Thumb Code  1120  stm32g0xx_hal_adc.o(.text.HAL_ADC_ConfigChannel)
    HAL_ADC_ConvCpltCallback                 0x08001409   Thumb Code     8  stm32g0xx_hal_adc.o(.text.HAL_ADC_ConvCpltCallback)
    HAL_ADC_ConvHalfCpltCallback             0x08001411   Thumb Code     8  stm32g0xx_hal_adc.o(.text.HAL_ADC_ConvHalfCpltCallback)
    HAL_ADC_ErrorCallback                    0x08001419   Thumb Code     8  stm32g0xx_hal_adc.o(.text.HAL_ADC_ErrorCallback)
    HAL_ADC_Init                             0x08001421   Thumb Code   836  stm32g0xx_hal_adc.o(.text.HAL_ADC_Init)
    HAL_ADC_MspInit                          0x0800177d   Thumb Code   216  adc.o(.text.HAL_ADC_MspInit)
    HAL_ADC_Start_DMA                        0x08001869   Thumb Code   268  stm32g0xx_hal_adc.o(.text.HAL_ADC_Start_DMA)
    HAL_DMA_Init                             0x08001985   Thumb Code   252  stm32g0xx_hal_dma.o(.text.HAL_DMA_Init)
    HAL_DMA_Start_IT                         0x08001a89   Thumb Code   264  stm32g0xx_hal_dma.o(.text.HAL_DMA_Start_IT)
    HAL_GPIO_Init                            0x08001b91   Thumb Code   688  stm32g0xx_hal_gpio.o(.text.HAL_GPIO_Init)
    HAL_GPIO_WritePin                        0x08001e61   Thumb Code    44  stm32g0xx_hal_gpio.o(.text.HAL_GPIO_WritePin)
    HAL_GetTick                              0x08001e8d   Thumb Code     8  stm32g0xx_hal.o(.text.HAL_GetTick)
    HAL_IncTick                              0x08001e95   Thumb Code    16  stm32g0xx_hal.o(.text.HAL_IncTick)
    HAL_Init                                 0x08001ea9   Thumb Code    56  stm32g0xx_hal.o(.text.HAL_Init)
    HAL_InitTick                             0x08001ee5   Thumb Code   120  stm32g0xx_hal.o(.text.HAL_InitTick)
    HAL_MspInit                              0x08001f65   Thumb Code    52  stm32g0xx_hal_msp.o(.text.HAL_MspInit)
    HAL_NVIC_SetPriority                     0x08001f9d   Thumb Code    28  stm32g0xx_hal_cortex.o(.text.HAL_NVIC_SetPriority)
    HAL_PWREx_ControlVoltageScaling          0x08001fb9   Thumb Code   112  stm32g0xx_hal_pwr_ex.o(.text.HAL_PWREx_ControlVoltageScaling)
    HAL_RCCEx_PeriphCLKConfig                0x08002035   Thumb Code   536  stm32g0xx_hal_rcc_ex.o(.text.HAL_RCCEx_PeriphCLKConfig)
    HAL_RCC_ClockConfig                      0x0800225d   Thumb Code   572  stm32g0xx_hal_rcc.o(.text.HAL_RCC_ClockConfig)
    HAL_RCC_GetHCLKFreq                      0x080024b1   Thumb Code     8  stm32g0xx_hal_rcc.o(.text.HAL_RCC_GetHCLKFreq)
    HAL_RCC_GetPCLK1Freq                     0x080024bd   Thumb Code    36  stm32g0xx_hal_rcc.o(.text.HAL_RCC_GetPCLK1Freq)
    HAL_RCC_GetSysClockFreq                  0x080024e5   Thumb Code   268  stm32g0xx_hal_rcc.o(.text.HAL_RCC_GetSysClockFreq)
    HAL_RCC_OscConfig                        0x08002605   Thumb Code  1652  stm32g0xx_hal_rcc.o(.text.HAL_RCC_OscConfig)
    HAL_SYSTICK_Config                       0x08002ca1   Thumb Code    16  stm32g0xx_hal_cortex.o(.text.HAL_SYSTICK_Config)
    HAL_UARTEx_DisableFifoMode               0x08002cb1   Thumb Code   122  stm32g0xx_hal_uart_ex.o(.text.HAL_UARTEx_DisableFifoMode)
    HAL_UARTEx_SetRxFifoThreshold            0x08002d2b   Thumb Code   144  stm32g0xx_hal_uart_ex.o(.text.HAL_UARTEx_SetRxFifoThreshold)
    HAL_UARTEx_SetTxFifoThreshold            0x08002dbb   Thumb Code   144  stm32g0xx_hal_uart_ex.o(.text.HAL_UARTEx_SetTxFifoThreshold)
    HAL_UART_Init                            0x08002e4b   Thumb Code   180  stm32g0xx_hal_uart.o(.text.HAL_UART_Init)
    HAL_UART_MspInit                         0x08002f01   Thumb Code   152  usart.o(.text.HAL_UART_MspInit)
    HAL_UART_Transmit                        0x08002fa5   Thumb Code   364  stm32g0xx_hal_uart.o(.text.HAL_UART_Transmit)
    HardFault_Handler                        0x08003115   Thumb Code     4  stm32g0xx_it.o(.text.HardFault_Handler)
    MX_ADC1_Init                             0x080033ad   Thumb Code   160  adc.o(.text.MX_ADC1_Init)
    MX_DMA_Init                              0x08003459   Thumb Code    28  dma.o(.text.MX_DMA_Init)
    MX_GPIO_Init                             0x08003479   Thumb Code   104  gpio.o(.text.MX_GPIO_Init)
    MX_USART1_UART_Init                      0x080034e5   Thumb Code   120  usart.o(.text.MX_USART1_UART_Init)
    NMI_Handler                              0x08003565   Thumb Code     4  stm32g0xx_it.o(.text.NMI_Handler)
    PendSV_Handler                           0x08003569   Thumb Code     2  stm32g0xx_it.o(.text.PendSV_Handler)
    SVC_Handler                              0x0800356b   Thumb Code     2  stm32g0xx_it.o(.text.SVC_Handler)
    SysTick_Handler                          0x080035bd   Thumb Code     8  stm32g0xx_it.o(.text.SysTick_Handler)
    SystemClock_Config                       0x080035c5   Thumb Code   130  main.o(.text.SystemClock_Config)
    SystemInit                               0x08003647   Thumb Code     2  system_stm32g0xx.o(.text.SystemInit)
    UART_AdvFeatureConfig                    0x080036dd   Thumb Code   346  stm32g0xx_hal_uart.o(.text.UART_AdvFeatureConfig)
    UART_CheckIdleState                      0x08003839   Thumb Code   348  stm32g0xx_hal_uart.o(.text.UART_CheckIdleState)
    UART_SetConfig                           0x08003a51   Thumb Code   688  stm32g0xx_hal_uart.o(.text.UART_SetConfig)
    UART_WaitOnFlagUntilTimeout              0x08003d1d   Thumb Code   264  stm32g0xx_hal_uart.o(.text.UART_WaitOnFlagUntilTimeout)
    V_zero_calib_avg_filter                  0x08003e25   Thumb Code    88  main.o(.text.V_zero_calib_avg_filter)
    curr_median_avg_filter                   0x08003f09   Thumb Code   160  main.o(.text.curr_median_avg_filter)
    fputc                                    0x08003fb5   Thumb Code    28  usart.o(.text.fputc)
    main                                     0x08003fd5   Thumb Code   524  main.o(.text.main)
    vol_median_avg_filter                    0x080042c1   Thumb Code   160  main.o(.text.vol_median_avg_filter)
    __0printf                                0x0800436d   Thumb Code    24  printfa.o(i.__0printf)
    __1printf                                0x0800436d   Thumb Code     0  printfa.o(i.__0printf)
    __2printf                                0x0800436d   Thumb Code     0  printfa.o(i.__0printf)
    __c89printf                              0x0800436d   Thumb Code     0  printfa.o(i.__0printf)
    printf                                   0x0800436d   Thumb Code     0  printfa.o(i.__0printf)
    __ARM_clz                                0x0800438d   Thumb Code    46  depilogue.o(i.__ARM_clz)
    __scatterload_copy                       0x080043bb   Thumb Code    14  handlers.o(i.__scatterload_copy)
    __scatterload_null                       0x080043c9   Thumb Code     2  handlers.o(i.__scatterload_null)
    __scatterload_zeroinit                   0x080043cb   Thumb Code    14  handlers.o(i.__scatterload_zeroinit)
    AHBPrescTable                            0x08004c84   Data          64  system_stm32g0xx.o(.rodata.AHBPrescTable)
    APBPrescTable                            0x08004cc4   Data          32  system_stm32g0xx.o(.rodata.APBPrescTable)
    UARTPrescTable                           0x08004cf4   Data          24  stm32g0xx_hal_uart.o(.rodata.UARTPrescTable)
    Region$$Table$$Base                      0x08004d1c   Number         0  anon$$obj.o(Region$$Table)
    Region$$Table$$Limit                     0x08004d3c   Number         0  anon$$obj.o(Region$$Table)
    __stdout                                 0x20000000   Data           4  stdout.o(.data)
    SystemCoreClock                          0x20000004   Data           4  system_stm32g0xx.o(.data.SystemCoreClock)
    uwTickFreq                               0x20000008   Data           1  stm32g0xx_hal.o(.data.uwTickFreq)
    uwTickPrio                               0x2000000c   Data           4  stm32g0xx_hal.o(.data.uwTickPrio)
    A                                        0x20000010   Data           4  main.o(.bss.A)
    AD0_Value                                0x20000014   Data           4  main.o(.bss.AD0_Value)
    AD1_Value                                0x20000018   Data           4  main.o(.bss.AD1_Value)
    CUR_Value                                0x2000001c   Data           4  main.o(.bss.CUR_Value)
    Get_ADC                                  0x20000020   Data         160  main.o(.bss.Get_ADC)
    Get_ADC1                                 0x200000c0   Data           4  main.o(.bss.Get_ADC1)
    Motor_I                                  0x200000c4   Data           4  main.o(.bss.Motor_I)
    Motor_V                                  0x200000c8   Data           4  main.o(.bss.Motor_V)
    VOL_Value                                0x200000cc   Data           4  main.o(.bss.VOL_Value)
    VOffset                                  0x200000d0   Data           4  main.o(.bss.VOffset)
    W_Motor_Value                            0x200000d4   Data           4  main.o(.bss.W_Motor_Value)
    curr_buf                                 0x200000d8   Data         160  main.o(.bss.curr_buf)
    curr_count                               0x20000178   Data           4  main.o(.bss.curr_count)
    hadc1                                    0x2000017c   Data         100  adc.o(.bss.hadc1)
    hdma_adc1                                0x200001e0   Data          92  adc.o(.bss.hdma_adc1)
    huart1                                   0x2000023c   Data         148  usart.o(.bss.huart1)
    uwTick                                   0x200002d0   Data           4  stm32g0xx_hal.o(.bss.uwTick)
    v_zero_avg_buf                           0x200002d4   Data         160  main.o(.bss.v_zero_avg_buf)
    v_zero_avg_index                         0x20000374   Data           4  main.o(.bss.v_zero_avg_index)
    vol_buf                                  0x20000378   Data         160  main.o(.bss.vol_buf)
    vol_count                                0x20000418   Data           4  main.o(.bss.vol_count)
    __initial_sp                             0x20000820   Data           0  startup_stm32g030xx.o(STACK)



==============================================================================

Memory Map of the image

  Image Entry point : 0x080000c1

  Load Region LR_IROM1 (Base: 0x08000000, Size: 0x00004d50, Max: 0x00010000, ABSOLUTE)

    Execution Region ER_IROM1 (Exec base: 0x08000000, Load base: 0x08000000, Size: 0x00004d3c, Max: 0x00010000, ABSOLUTE)

    Exec Addr    Load Addr    Size         Type   Attr      Idx    E Section Name        Object

    0x08000000   0x08000000   0x000000c0   Data   RO            3    RESET               startup_stm32g030xx.o
    0x080000c0   0x080000c0   0x00000000   Code   RO          952  * .ARM.Collect$$$$00000000  mc_p.l(entry.o)
    0x080000c0   0x080000c0   0x00000004   Code   RO         1011    .ARM.Collect$$$$00000001  mc_p.l(entry2.o)
    0x080000c4   0x080000c4   0x00000004   Code   RO         1014    .ARM.Collect$$$$00000004  mc_p.l(entry5.o)
    0x080000c8   0x080000c8   0x00000000   Code   RO         1016    .ARM.Collect$$$$00000008  mc_p.l(entry7b.o)
    0x080000c8   0x080000c8   0x00000000   Code   RO         1018    .ARM.Collect$$$$0000000A  mc_p.l(entry8b.o)
    0x080000c8   0x080000c8   0x00000008   Code   RO         1019    .ARM.Collect$$$$0000000B  mc_p.l(entry9a.o)
    0x080000d0   0x080000d0   0x00000000   Code   RO         1021    .ARM.Collect$$$$0000000D  mc_p.l(entry10a.o)
    0x080000d0   0x080000d0   0x00000000   Code   RO         1023    .ARM.Collect$$$$0000000F  mc_p.l(entry11a.o)
    0x080000d0   0x080000d0   0x00000004   Code   RO         1012    .ARM.Collect$$$$00002712  mc_p.l(entry2.o)
    0x080000d4   0x080000d4   0x0000001c   Code   RO            4    .text               startup_stm32g030xx.o
    0x080000f0   0x080000f0   0x00000024   Code   RO          961    .text               mc_p.l(memseta.o)
    0x08000114   0x08000114   0x000000b2   Code   RO          991    .text               mf_p.l(fadd.o)
    0x080001c6   0x080001c6   0x0000007a   Code   RO          993    .text               mf_p.l(fmul.o)
    0x08000240   0x08000240   0x0000007c   Code   RO          995    .text               mf_p.l(fdiv.o)
    0x080002bc   0x080002bc   0x00000164   Code   RO          997    .text               mf_p.l(dadd.o)
    0x08000420   0x08000420   0x000000d0   Code   RO          999    .text               mf_p.l(dmul.o)
    0x080004f0   0x080004f0   0x0000001c   Code   RO         1001    .text               mf_p.l(fcmple.o)
    0x0800050c   0x0800050c   0x0000001c   Code   RO         1003    .text               mf_p.l(fcmpge.o)
    0x08000528   0x08000528   0x00000016   Code   RO         1005    .text               mf_p.l(fflti.o)
    0x0800053e   0x0800053e   0x00000028   Code   RO         1007    .text               mf_p.l(f2d.o)
    0x08000566   0x08000566   0x00000038   Code   RO         1009    .text               mf_p.l(d2f.o)
    0x0800059e   0x0800059e   0x0000003e   Code   RO         1028    .text               mc_p.l(uidiv_div0.o)
    0x080005dc   0x080005dc   0x00000050   Code   RO         1030    .text               mc_p.l(idiv_div0.o)
    0x0800062c   0x0800062c   0x00000060   Code   RO         1034    .text               mc_p.l(uldiv.o)
    0x0800068c   0x0800068c   0x00000020   Code   RO         1036    .text               mc_p.l(llshl.o)
    0x080006ac   0x080006ac   0x00000026   Code   RO         1038    .text               mc_p.l(llsshr.o)
    0x080006d2   0x080006d2   0x00000000   Code   RO         1040    .text               mc_p.l(iusefp.o)
    0x080006d2   0x080006d2   0x00000082   Code   RO         1041    .text               mf_p.l(fepilogue.o)
    0x08000754   0x08000754   0x000000be   Code   RO         1043    .text               mf_p.l(depilogue.o)
    0x08000812   0x08000812   0x00000002   PAD
    0x08000814   0x08000814   0x000000f0   Code   RO         1047    .text               mf_p.l(ddiv.o)
    0x08000904   0x08000904   0x00000040   Code   RO         1049    .text               mf_p.l(dfixul.o)
    0x08000944   0x08000944   0x00000028   Code   RO         1051    .text               mf_p.l(cdrcmple.o)
    0x0800096c   0x0800096c   0x00000030   Code   RO         1053    .text               mc_p.l(init.o)
    0x0800099c   0x0800099c   0x00000022   Code   RO         1055    .text               mc_p.l(llushr.o)
    0x080009be   0x080009be   0x000000be   Code   RO          192    .text.ADC_DMAConvCplt  stm32g0xx_hal_adc.o
    0x08000a7c   0x08000a7c   0x0000002a   Code   RO          196    .text.ADC_DMAError  stm32g0xx_hal_adc.o
    0x08000aa6   0x08000aa6   0x00000016   Code   RO          194    .text.ADC_DMAHalfConvCplt  stm32g0xx_hal_adc.o
    0x08000abc   0x08000abc   0x000000c4   Code   RO          164    .text.ADC_Disable   stm32g0xx_hal_adc.o
    0x08000b80   0x08000b80   0x0000010c   Code   RO          172    .text.ADC_Enable    stm32g0xx_hal_adc.o
    0x08000c8c   0x08000c8c   0x00000044   Code   RO          472    .text.DMA_CalcDMAMUXChannelBaseAndMask  stm32g0xx_hal_dma.o
    0x08000cd0   0x08000cd0   0x0000003c   Code   RO          474    .text.DMA_CalcDMAMUXRequestGenBaseAndMask  stm32g0xx_hal_dma.o
    0x08000d0c   0x08000d0c   0x00000078   Code   RO          480    .text.DMA_SetConfig  stm32g0xx_hal_dma.o
    0x08000d84   0x08000d84   0x0000000e   Code   RO           29    .text.Error_Handler  main.o
    0x08000d92   0x08000d92   0x00000002   PAD
    0x08000d94   0x08000d94   0x000001f8   Code   RO          269    .text.HAL_ADCEx_Calibration_Start  stm32g0xx_hal_adc_ex.o
    0x08000f8c   0x08000f8c   0x0000047c   Code   RO          214    .text.HAL_ADC_ConfigChannel  stm32g0xx_hal_adc.o
    0x08001408   0x08001408   0x00000008   Code   RO          204    .text.HAL_ADC_ConvCpltCallback  stm32g0xx_hal_adc.o
    0x08001410   0x08001410   0x00000008   Code   RO          212    .text.HAL_ADC_ConvHalfCpltCallback  stm32g0xx_hal_adc.o
    0x08001418   0x08001418   0x00000008   Code   RO          210    .text.HAL_ADC_ErrorCallback  stm32g0xx_hal_adc.o
    0x08001420   0x08001420   0x0000035c   Code   RO          144    .text.HAL_ADC_Init  stm32g0xx_hal_adc.o
    0x0800177c   0x0800177c   0x000000ec   Code   RO           82    .text.HAL_ADC_MspInit  adc.o
    0x08001868   0x08001868   0x0000011c   Code   RO          188    .text.HAL_ADC_Start_DMA  stm32g0xx_hal_adc.o
    0x08001984   0x08001984   0x00000104   Code   RO          470    .text.HAL_DMA_Init  stm32g0xx_hal_dma.o
    0x08001a88   0x08001a88   0x00000108   Code   RO          482    .text.HAL_DMA_Start_IT  stm32g0xx_hal_dma.o
    0x08001b90   0x08001b90   0x000002d0   Code   RO          445    .text.HAL_GPIO_Init  stm32g0xx_hal_gpio.o
    0x08001e60   0x08001e60   0x0000002c   Code   RO          451    .text.HAL_GPIO_WritePin  stm32g0xx_hal_gpio.o
    0x08001e8c   0x08001e8c   0x00000008   Code   RO          665    .text.HAL_GetTick   stm32g0xx_hal.o
    0x08001e94   0x08001e94   0x00000014   Code   RO          663    .text.HAL_IncTick   stm32g0xx_hal.o
    0x08001ea8   0x08001ea8   0x0000003c   Code   RO          653    .text.HAL_Init      stm32g0xx_hal.o
    0x08001ee4   0x08001ee4   0x00000080   Code   RO          655    .text.HAL_InitTick  stm32g0xx_hal.o
    0x08001f64   0x08001f64   0x00000038   Code   RO          136    .text.HAL_MspInit   stm32g0xx_hal_msp.o
    0x08001f9c   0x08001f9c   0x0000001c   Code   RO          594    .text.HAL_NVIC_SetPriority  stm32g0xx_hal_cortex.o
    0x08001fb8   0x08001fb8   0x0000007c   Code   RO          581    .text.HAL_PWREx_ControlVoltageScaling  stm32g0xx_hal_pwr_ex.o
    0x08002034   0x08002034   0x00000228   Code   RO          356    .text.HAL_RCCEx_PeriphCLKConfig  stm32g0xx_hal_rcc_ex.o
    0x0800225c   0x0800225c   0x00000254   Code   RO          319    .text.HAL_RCC_ClockConfig  stm32g0xx_hal_rcc.o
    0x080024b0   0x080024b0   0x0000000c   Code   RO          325    .text.HAL_RCC_GetHCLKFreq  stm32g0xx_hal_rcc.o
    0x080024bc   0x080024bc   0x00000028   Code   RO          327    .text.HAL_RCC_GetPCLK1Freq  stm32g0xx_hal_rcc.o
    0x080024e4   0x080024e4   0x00000120   Code   RO          321    .text.HAL_RCC_GetSysClockFreq  stm32g0xx_hal_rcc.o
    0x08002604   0x08002604   0x0000069c   Code   RO          317    .text.HAL_RCC_OscConfig  stm32g0xx_hal_rcc.o
    0x08002ca0   0x08002ca0   0x00000010   Code   RO          610    .text.HAL_SYSTICK_Config  stm32g0xx_hal_cortex.o
    0x08002cb0   0x08002cb0   0x0000007a   Code   RO          916    .text.HAL_UARTEx_DisableFifoMode  stm32g0xx_hal_uart_ex.o
    0x08002d2a   0x08002d2a   0x00000090   Code   RO          920    .text.HAL_UARTEx_SetRxFifoThreshold  stm32g0xx_hal_uart_ex.o
    0x08002dba   0x08002dba   0x00000090   Code   RO          918    .text.HAL_UARTEx_SetTxFifoThreshold  stm32g0xx_hal_uart_ex.o
    0x08002e4a   0x08002e4a   0x000000b4   Code   RO          746    .text.HAL_UART_Init  stm32g0xx_hal_uart.o
    0x08002efe   0x08002efe   0x00000002   PAD
    0x08002f00   0x08002f00   0x000000a4   Code   RO          105    .text.HAL_UART_MspInit  usart.o
    0x08002fa4   0x08002fa4   0x00000170   Code   RO          766    .text.HAL_UART_Transmit  stm32g0xx_hal_uart.o
    0x08003114   0x08003114   0x00000004   Code   RO          121    .text.HardFault_Handler  stm32g0xx_it.o
    0x08003118   0x08003118   0x00000018   Code   RO          190    .text.LL_ADC_Disable  stm32g0xx_hal_adc.o
    0x08003130   0x08003130   0x00000018   Code   RO          287    .text.LL_ADC_Disable  stm32g0xx_hal_adc_ex.o
    0x08003148   0x08003148   0x00000018   Code   RO          260    .text.LL_ADC_Enable  stm32g0xx_hal_adc.o
    0x08003160   0x08003160   0x00000018   Code   RO          279    .text.LL_ADC_Enable  stm32g0xx_hal_adc_ex.o
    0x08003178   0x08003178   0x0000001c   Code   RO          150    .text.LL_ADC_EnableInternalRegulator  stm32g0xx_hal_adc.o
    0x08003194   0x08003194   0x00000012   Code   RO          277    .text.LL_ADC_GetCalibrationFactor  stm32g0xx_hal_adc_ex.o
    0x080031a6   0x080031a6   0x00000012   Code   RO          281    .text.LL_ADC_GetClock  stm32g0xx_hal_adc_ex.o
    0x080031b8   0x080031b8   0x00000012   Code   RO          283    .text.LL_ADC_GetCommonClock  stm32g0xx_hal_adc_ex.o
    0x080031ca   0x080031ca   0x00000012   Code   RO          222    .text.LL_ADC_GetCommonPathInternalCh  stm32g0xx_hal_adc.o
    0x080031dc   0x080031dc   0x0000001c   Code   RO          158    .text.LL_ADC_GetSamplingTimeCommonChannels  stm32g0xx_hal_adc.o
    0x080031f8   0x080031f8   0x0000000e   Code   RO          275    .text.LL_ADC_IsCalibrationOnGoing  stm32g0xx_hal_adc_ex.o
    0x08003206   0x08003206   0x00000012   Code   RO          256    .text.LL_ADC_IsDisableOngoing  stm32g0xx_hal_adc.o
    0x08003218   0x08003218   0x00000010   Code   RO          154    .text.LL_ADC_IsEnabled  stm32g0xx_hal_adc.o
    0x08003228   0x08003228   0x00000010   Code   RO          271    .text.LL_ADC_IsEnabled  stm32g0xx_hal_adc_ex.o
    0x08003238   0x08003238   0x00000014   Code   RO          148    .text.LL_ADC_IsInternalRegulatorEnabled  stm32g0xx_hal_adc.o
    0x0800324c   0x0800324c   0x00000012   Code   RO          152    .text.LL_ADC_REG_IsConversionOngoing  stm32g0xx_hal_adc.o
    0x0800325e   0x0800325e   0x00000016   Code   RO          180    .text.LL_ADC_REG_IsTriggerSourceSWStart  stm32g0xx_hal_adc.o
    0x08003274   0x08003274   0x0000001c   Code   RO          216    .text.LL_ADC_REG_SetSequencerChAdd  stm32g0xx_hal_adc.o
    0x08003290   0x08003290   0x00000020   Code   RO          226    .text.LL_ADC_REG_SetSequencerChRem  stm32g0xx_hal_adc.o
    0x080032b0   0x080032b0   0x0000002e   Code   RO          218    .text.LL_ADC_REG_SetSequencerRanks  stm32g0xx_hal_adc.o
    0x080032de   0x080032de   0x00000002   PAD
    0x080032e0   0x080032e0   0x0000001c   Code   RO          174    .text.LL_ADC_REG_StartConversion  stm32g0xx_hal_adc.o
    0x080032fc   0x080032fc   0x0000001c   Code   RO          285    .text.LL_ADC_SetCalibrationFactor  stm32g0xx_hal_adc_ex.o
    0x08003318   0x08003318   0x00000028   Code   RO          220    .text.LL_ADC_SetChannelSamplingTime  stm32g0xx_hal_adc.o
    0x08003340   0x08003340   0x0000001c   Code   RO          224    .text.LL_ADC_SetCommonPathInternalCh  stm32g0xx_hal_adc.o
    0x0800335c   0x0800335c   0x00000026   Code   RO          156    .text.LL_ADC_SetSamplingTimeCommonChannels  stm32g0xx_hal_adc.o
    0x08003382   0x08003382   0x0000001a   Code   RO          273    .text.LL_ADC_StartCalibration  stm32g0xx_hal_adc_ex.o
    0x0800339c   0x0800339c   0x00000010   Code   RO          329    .text.LL_RCC_GetAPB1Prescaler  stm32g0xx_hal_rcc.o
    0x080033ac   0x080033ac   0x000000ac   Code   RO           80    .text.MX_ADC1_Init  adc.o
    0x08003458   0x08003458   0x00000020   Code   RO           95    .text.MX_DMA_Init   dma.o
    0x08003478   0x08003478   0x0000006c   Code   RO           72    .text.MX_GPIO_Init  gpio.o
    0x080034e4   0x080034e4   0x00000080   Code   RO          103    .text.MX_USART1_UART_Init  usart.o
    0x08003564   0x08003564   0x00000004   Code   RO          119    .text.NMI_Handler   stm32g0xx_it.o
    0x08003568   0x08003568   0x00000002   Code   RO          125    .text.PendSV_Handler  stm32g0xx_it.o
    0x0800356a   0x0800356a   0x00000002   Code   RO          123    .text.SVC_Handler   stm32g0xx_it.o
    0x0800356c   0x0800356c   0x00000050   Code   RO          612    .text.SysTick_Config  stm32g0xx_hal_cortex.o
    0x080035bc   0x080035bc   0x00000008   Code   RO          127    .text.SysTick_Handler  stm32g0xx_it.o
    0x080035c4   0x080035c4   0x00000082   Code   RO           27    .text.SystemClock_Config  main.o
    0x08003646   0x08003646   0x00000002   Code   RO          939    .text.SystemInit    system_stm32g0xx.o
    0x08003648   0x08003648   0x00000094   Code   RO          914    .text.UARTEx_SetNbDataToProcess  stm32g0xx_hal_uart_ex.o
    0x080036dc   0x080036dc   0x0000015a   Code   RO          750    .text.UART_AdvFeatureConfig  stm32g0xx_hal_uart.o
    0x08003836   0x08003836   0x00000002   PAD
    0x08003838   0x08003838   0x00000160   Code   RO          754    .text.UART_CheckIdleState  stm32g0xx_hal_uart.o
    0x08003998   0x08003998   0x000000b8   Code   RO          806    .text.UART_EndRxTransfer  stm32g0xx_hal_uart.o
    0x08003a50   0x08003a50   0x000002cc   Code   RO          752    .text.UART_SetConfig  stm32g0xx_hal_uart.o
    0x08003d1c   0x08003d1c   0x00000108   Code   RO          768    .text.UART_WaitOnFlagUntilTimeout  stm32g0xx_hal_uart.o
    0x08003e24   0x08003e24   0x00000060   Code   RO           21    .text.V_zero_calib_avg_filter  main.o
    0x08003e84   0x08003e84   0x00000084   Code   RO          596    .text.__NVIC_SetPriority  stm32g0xx_hal_cortex.o
    0x08003f08   0x08003f08   0x000000ac   Code   RO           19    .text.curr_median_avg_filter  main.o
    0x08003fb4   0x08003fb4   0x00000020   Code   RO          109    .text.fputc         usart.o
    0x08003fd4   0x08003fd4   0x00000264   Code   RO           25    .text.main          main.o
    0x08004238   0x08004238   0x00000088   Code   RO           17    .text.select_sort   main.o
    0x080042c0   0x080042c0   0x000000ac   Code   RO           15    .text.vol_median_avg_filter  main.o
    0x0800436c   0x0800436c   0x00000020   Code   RO          964    i.__0printf         mc_p.l(printfa.o)
    0x0800438c   0x0800438c   0x0000002e   Code   RO         1045    i.__ARM_clz         mf_p.l(depilogue.o)
    0x080043ba   0x080043ba   0x0000000e   Code   RO         1059    i.__scatterload_copy  mc_p.l(handlers.o)
    0x080043c8   0x080043c8   0x00000002   Code   RO         1060    i.__scatterload_null  mc_p.l(handlers.o)
    0x080043ca   0x080043ca   0x0000000e   Code   RO         1061    i.__scatterload_zeroinit  mc_p.l(handlers.o)
    0x080043d8   0x080043d8   0x00000174   Code   RO          971    i._fp_digits        mc_p.l(printfa.o)
    0x0800454c   0x0800454c   0x000006ec   Code   RO          972    i._printf_core      mc_p.l(printfa.o)
    0x08004c38   0x08004c38   0x00000020   Code   RO          973    i._printf_post_padding  mc_p.l(printfa.o)
    0x08004c58   0x08004c58   0x0000002c   Code   RO          974    i._printf_pre_padding  mc_p.l(printfa.o)
    0x08004c84   0x08004c84   0x00000040   Data   RO          944    .rodata.AHBPrescTable  system_stm32g0xx.o
    0x08004cc4   0x08004cc4   0x00000020   Data   RO          945    .rodata.APBPrescTable  system_stm32g0xx.o
    0x08004ce4   0x08004ce4   0x00000008   Data   RO          931    .rodata.UARTEx_SetNbDataToProcess.denominator  stm32g0xx_hal_uart_ex.o
    0x08004cec   0x08004cec   0x00000008   Data   RO          930    .rodata.UARTEx_SetNbDataToProcess.numerator  stm32g0xx_hal_uart_ex.o
    0x08004cf4   0x08004cf4   0x00000018   Data   RO          886    .rodata.UARTPrescTable  stm32g0xx_hal_uart.o
    0x08004d0c   0x08004d0c   0x0000000e   Data   RO           58    .rodata.str1.1      main.o
    0x08004d1a   0x08004d1a   0x00000002   PAD
    0x08004d1c   0x08004d1c   0x00000020   Data   RO         1058    Region$$Table       anon$$obj.o


    Execution Region RW_IRAM1 (Exec base: 0x20000000, Load base: 0x08004d40, Size: 0x00000820, Max: 0x00002000, ABSOLUTE)

    Exec Addr    Load Addr    Size         Type   Attr      Idx    E Section Name        Object

    0x20000000   0x08004d40   0x00000004   Data   RW         1025    .data               mc_p.l(stdout.o)
    0x20000004   0x08004d44   0x00000004   Data   RW          943    .data.SystemCoreClock  system_stm32g0xx.o
    0x20000008   0x08004d48   0x00000001   Data   RW          712    .data.uwTickFreq    stm32g0xx_hal.o
    0x20000009   0x08004d49   0x00000003   PAD
    0x2000000c   0x08004d4c   0x00000004   Data   RW          711    .data.uwTickPrio    stm32g0xx_hal.o
    0x20000010        -       0x00000004   Zero   RW           34    .bss.A              main.o
    0x20000014        -       0x00000004   Zero   RW           50    .bss.AD0_Value      main.o
    0x20000018        -       0x00000004   Zero   RW           51    .bss.AD1_Value      main.o
    0x2000001c        -       0x00000004   Zero   RW           54    .bss.CUR_Value      main.o
    0x20000020        -       0x000000a0   Zero   RW           52    .bss.Get_ADC        main.o
    0x200000c0        -       0x00000004   Zero   RW           49    .bss.Get_ADC1       main.o
    0x200000c4        -       0x00000004   Zero   RW           56    .bss.Motor_I        main.o
    0x200000c8        -       0x00000004   Zero   RW           55    .bss.Motor_V        main.o
    0x200000cc        -       0x00000004   Zero   RW           53    .bss.VOL_Value      main.o
    0x200000d0        -       0x00000004   Zero   RW           32    .bss.VOffset        main.o
    0x200000d4        -       0x00000004   Zero   RW           57    .bss.W_Motor_Value  main.o
    0x200000d8        -       0x000000a0   Zero   RW           43    .bss.curr_buf       main.o
    0x20000178        -       0x00000004   Zero   RW           44    .bss.curr_count     main.o
    0x2000017c        -       0x00000064   Zero   RW           86    .bss.hadc1          adc.o
    0x200001e0        -       0x0000005c   Zero   RW           87    .bss.hdma_adc1      adc.o
    0x2000023c        -       0x00000094   Zero   RW          111    .bss.huart1         usart.o
    0x200002d0        -       0x00000004   Zero   RW          713    .bss.uwTick         stm32g0xx_hal.o
    0x200002d4        -       0x000000a0   Zero   RW           45    .bss.v_zero_avg_buf  main.o
    0x20000374        -       0x00000004   Zero   RW           46    .bss.v_zero_avg_index  main.o
    0x20000378        -       0x000000a0   Zero   RW           41    .bss.vol_buf        main.o
    0x20000418        -       0x00000004   Zero   RW           42    .bss.vol_count      main.o
    0x2000041c   0x08004d50   0x00000004   PAD
    0x20000420        -       0x00000400   Zero   RW            1    STACK               startup_stm32g030xx.o


==============================================================================

Image component sizes


      Code (inc. data)   RO Data    RW Data    ZI Data      Debug   Object Name

       408         32          0          0        192       5826   adc.o
        32          4          0          0          0       1273   dma.o
       108          4          0          0          0       1998   gpio.o
      1332        120         14          0        692       5903   main.o
        28          8        192          0       1024        652   startup_stm32g030xx.o
       216         16          0          5          4       6536   stm32g0xx_hal.o
      3490        100          0          0          0      17371   stm32g0xx_hal_adc.o
       690         16          0          0          0       7275   stm32g0xx_hal_adc_ex.o
       256         20          0          0          0       6383   stm32g0xx_hal_cortex.o
       772         28          0          0          0       7391   stm32g0xx_hal_dma.o
       764         32          0          0          0       4448   stm32g0xx_hal_gpio.o
        56          4          0          0          0       1340   stm32g0xx_hal_msp.o
       124         12          0          0          0       4046   stm32g0xx_hal_pwr_ex.o
      2644        124          0          0          0       8971   stm32g0xx_hal_rcc.o
       552         16          0          0          0       5441   stm32g0xx_hal_rcc_ex.o
      2410        128         24          0          0      41187   stm32g0xx_hal_uart.o
       558          8         16          0          0       9851   stm32g0xx_hal_uart_ex.o
        20          0          0          0          0        758   stm32g0xx_it.o
         2          0         96          4          0       1933   system_stm32g0xx.o
       324         24          0          0        148       6118   usart.o

    ----------------------------------------------------------------------
     14794        696        376         12       2064     144701   Object Totals
         0          0         32          0          0          0   (incl. Generated)
         8          0          2          3          4          0   (incl. Padding)

    ----------------------------------------------------------------------

      Code (inc. data)   RO Data    RW Data    ZI Data      Debug   Library Member Name

         0          0          0          0          0          0   entry.o
         0          0          0          0          0          0   entry10a.o
         0          0          0          0          0          0   entry11a.o
         8          4          0          0          0          0   entry2.o
         4          0          0          0          0          0   entry5.o
         0          0          0          0          0          0   entry7b.o
         0          0          0          0          0          0   entry8b.o
         8          4          0          0          0          0   entry9a.o
        30          0          0          0          0          0   handlers.o
        80          6          0          0          0         72   idiv_div0.o
        48         10          0          0          0         68   init.o
         0          0          0          0          0          0   iusefp.o
        32          0          0          0          0         68   llshl.o
        38          0          0          0          0         68   llsshr.o
        34          0          0          0          0         68   llushr.o
        36          0          0          0          0        100   memseta.o
      2252         98          0          0          0        412   printfa.o
         0          0          0          4          0          0   stdout.o
        62          0          0          0          0         72   uidiv_div0.o
        96          0          0          0          0         84   uldiv.o
        40          2          0          0          0         68   cdrcmple.o
        56          0          0          0          0         68   d2f.o
       356          4          0          0          0        140   dadd.o
       240          6          0          0          0         84   ddiv.o
       236          0          0          0          0        216   depilogue.o
        64         10          0          0          0         68   dfixul.o
       208          6          0          0          0         88   dmul.o
        40          0          0          0          0         60   f2d.o
       178          0          0          0          0        108   fadd.o
        28          0          0          0          0         60   fcmpge.o
        28          0          0          0          0         60   fcmple.o
       124          0          0          0          0         72   fdiv.o
       130          0          0          0          0        144   fepilogue.o
        22          0          0          0          0         68   fflti.o
       122          0          0          0          0         72   fmul.o

    ----------------------------------------------------------------------
      4602        150          0          4          0       2388   Library Totals
         2          0          0          0          0          0   (incl. Padding)

    ----------------------------------------------------------------------

      Code (inc. data)   RO Data    RW Data    ZI Data      Debug   Library Name

      2728        122          0          4          0       1012   mc_p.l
      1872         28          0          0          0       1376   mf_p.l

    ----------------------------------------------------------------------
      4602        150          0          4          0       2388   Library Totals

    ----------------------------------------------------------------------

==============================================================================


      Code (inc. data)   RO Data    RW Data    ZI Data      Debug   

     19396        846        376         16       2064     145729   Grand Totals
     19396        846        376         16       2064     145729   ELF Image Totals
     19396        846        376         16          0          0   ROM Totals

==============================================================================

    Total RO  Size (Code + RO Data)                19772 (  19.31kB)
    Total RW  Size (RW Data + ZI Data)              2080 (   2.03kB)
    Total ROM Size (Code + RO Data + RW Data)      19788 (  19.32kB)

==============================================================================

