Component: Arm Compiler for Embedded 6.24 Tool: armlink [5f371500]

==============================================================================

Section Cross References

    startup_stm32g474xx.o(RESET) refers to startup_stm32g474xx.o(STACK) for __initial_sp
    startup_stm32g474xx.o(RESET) refers to startup_stm32g474xx.o(.text) for Reset_Handler
    startup_stm32g474xx.o(RESET) refers to stm32g4xx_it.o(.text.NMI_Handler) for NMI_Handler
    startup_stm32g474xx.o(RESET) refers to stm32g4xx_it.o(.text.HardFault_Handler) for HardFault_Handler
    startup_stm32g474xx.o(RESET) refers to stm32g4xx_it.o(.text.MemManage_Handler) for MemManage_Handler
    startup_stm32g474xx.o(RESET) refers to stm32g4xx_it.o(.text.BusFault_Handler) for BusFault_Handler
    startup_stm32g474xx.o(RESET) refers to stm32g4xx_it.o(.text.UsageFault_Handler) for UsageFault_Handler
    startup_stm32g474xx.o(RESET) refers to stm32g4xx_it.o(.text.SVC_Handler) for SVC_Handler
    startup_stm32g474xx.o(RESET) refers to stm32g4xx_it.o(.text.DebugMon_Handler) for DebugMon_Handler
    startup_stm32g474xx.o(RESET) refers to stm32g4xx_it.o(.text.PendSV_Handler) for PendSV_Handler
    startup_stm32g474xx.o(RESET) refers to stm32g4xx_it.o(.text.SysTick_Handler) for SysTick_Handler
    startup_stm32g474xx.o(RESET) refers to stm32g4xx_it.o(.text.DMA1_Channel1_IRQHandler) for DMA1_Channel1_IRQHandler
    startup_stm32g474xx.o(RESET) refers to stm32g4xx_it.o(.text.DMA1_Channel2_IRQHandler) for DMA1_Channel2_IRQHandler
    startup_stm32g474xx.o(RESET) refers to stm32g4xx_it.o(.text.TIM1_UP_TIM16_IRQHandler) for TIM1_UP_TIM16_IRQHandler
    startup_stm32g474xx.o(.text) refers to system_stm32g4xx.o(.text.SystemInit) for SystemInit
    startup_stm32g474xx.o(.text) refers to entry.o(.ARM.Collect$$$$00000000) for __main
    main.o(.text.OLED_Status_Update) refers to oled.o(.text.OLED_Clear) for OLED_Clear
    main.o(.text.OLED_Status_Update) refers to main.o(.data..L_MergedGlobals) for .L_MergedGlobals
    main.o(.text.OLED_Status_Update) refers to oled.o(.text.OLED_ShowString) for OLED_ShowString
    main.o(.text.OLED_Status_Update) refers to control.o(.bss..L_MergedGlobals.1) for rect_calc_enable
    main.o(.text.OLED_Status_Update) refers to main.o(.rodata.str1.1) for .L.str.8
    main.o(.text.OLED_Status_Update) refers to control.o(.data..L_MergedGlobals) for buck_test_i_target
    main.o(.text.OLED_Status_Update) refers to f2d.o(.text) for __aeabi_f2d
    main.o(.text.OLED_Status_Update) refers to printfa.o(i.__0sprintf) for __2sprintf
    main.o(.text.OLED_Status_Update) refers to oled.o(.text.OLED_Refresh) for OLED_Refresh
    main.o(.ARM.exidx.text.OLED_Status_Update) refers to main.o(.text.OLED_Status_Update) for [Anonymous Symbol]
    main.o(.text.Fault_Recovery_Process) refers to main.o(.bss.fault_locked) for fault_locked
    main.o(.text.Fault_Recovery_Process) refers to control.o(.bss..L_MergedGlobals.1) for Fault_Flag
    main.o(.text.Fault_Recovery_Process) refers to control.o(.text.Controller_BuckTest_Reset_All) for Controller_BuckTest_Reset_All
    main.o(.text.Fault_Recovery_Process) refers to control.o(.text.Controller_BoostTest_Reset_All) for Controller_BoostTest_Reset_All
    main.o(.text.Fault_Recovery_Process) refers to control.o(.text.Controller_SOGITest_Reset_All) for Controller_SOGITest_Reset_All
    main.o(.text.Fault_Recovery_Process) refers to control.o(.text.Controller_Rect_Reset_All) for Controller_Rect_Reset_All
    main.o(.text.Fault_Recovery_Process) refers to control.o(.text.Controller_Offgrid_Reset_All) for Controller_Offgrid_Reset_All
    main.o(.text.Fault_Recovery_Process) refers to control.o(.text.Controller_Ongrid_Reset_All) for Controller_Ongrid_Reset_All
    main.o(.text.Fault_Recovery_Process) refers to calculate.o(.text.sys_stop) for sys_stop
    main.o(.text.Fault_Recovery_Process) refers to stm32g4xx_hal_gpio.o(.text.HAL_GPIO_WritePin) for HAL_GPIO_WritePin
    main.o(.text.Fault_Recovery_Process) refers to main.o(.data..L_MergedGlobals) for .L_MergedGlobals
    main.o(.text.Fault_Recovery_Process) refers to main.o(.text.OLED_Status_Update) for OLED_Status_Update
    main.o(.ARM.exidx.text.Fault_Recovery_Process) refers to main.o(.text.Fault_Recovery_Process) for [Anonymous Symbol]
    main.o(.text.main) refers to stm32g4xx_hal.o(.text.HAL_Init) for HAL_Init
    main.o(.text.main) refers to stm32g4xx_hal_pwr_ex.o(.text.HAL_PWREx_ControlVoltageScaling) for HAL_PWREx_ControlVoltageScaling
    main.o(.text.main) refers to stm32g4xx_hal_rcc.o(.text.HAL_RCC_OscConfig) for HAL_RCC_OscConfig
    main.o(.text.main) refers to stm32g4xx_hal_rcc.o(.text.HAL_RCC_ClockConfig) for HAL_RCC_ClockConfig
    main.o(.text.main) refers to gpio.o(.text.MX_GPIO_Init) for MX_GPIO_Init
    main.o(.text.main) refers to dma.o(.text.MX_DMA_Init) for MX_DMA_Init
    main.o(.text.main) refers to adc.o(.text.MX_ADC1_Init) for MX_ADC1_Init
    main.o(.text.main) refers to tim.o(.text.MX_TIM1_Init) for MX_TIM1_Init
[...]
    .L.str.11                                0x0800b2a2   Data          16  main.o(.rodata.str1.1)
    .L.str.30                                0x0800b2b2   Data          15  main.o(.rodata.str1.1)
    .L_MergedGlobals                         0x20000000   Data          12  main.o(.data..L_MergedGlobals)
    [Anonymous Symbol]                       0x20000000   Section        0  main.o(.data..L_MergedGlobals)
    .L_MergedGlobals                         0x2000000c   Data           8  stm32g4xx_hal.o(.data..L_MergedGlobals)
    [Anonymous Symbol]                       0x2000000c   Section        0  stm32g4xx_hal.o(.data..L_MergedGlobals)
    .L_MergedGlobals                         0x20000014   Data          56  control.o(.data..L_MergedGlobals)
    [Anonymous Symbol]                       0x20000014   Section        0  control.o(.data..L_MergedGlobals)
    .L_MergedGlobals                         0x20000050   Data           8  key.o(.bss..L_MergedGlobals)
    key_pending                              0x20000050   Data           1  key.o(.bss..L_MergedGlobals)
    [Anonymous Symbol]                       0x20000050   Section        0  key.o(.bss..L_MergedGlobals)
    key_last                                 0x20000051   Data           1  key.o(.bss..L_MergedGlobals)
    key_last_tick                            0x20000054   Data           4  key.o(.bss..L_MergedGlobals)
    .L_MergedGlobals.1                       0x20000058   Data         124  control.o(.bss..L_MergedGlobals.1)
    [Anonymous Symbol]                       0x20000058   Section        0  control.o(.bss..L_MergedGlobals.1)
    g_rect_hw_started                        0x20000081   Data           1  control.o(.bss..L_MergedGlobals.1)
    g_offgrid_hw_started                     0x20000082   Data           1  control.o(.bss..L_MergedGlobals.1)
    HAL_ADC_ConvCpltCallback.cnt_conv        0x20000083   Data           1  control.o(.bss..L_MergedGlobals.1)
    HAL_ADC_ConvCpltCallback.cnt_vo          0x20000084   Data           1  control.o(.bss..L_MergedGlobals.1)
    g_ongrid_hw_started                      0x20000085   Data           1  control.o(.bss..L_MergedGlobals.1)
    s_idx                                    0x2000008c   Data           2  control.o(.bss..L_MergedGlobals.1)
    HAL_ADC_ConvCpltCallback.vdc_stable_cnt  0x2000008e   Data           2  control.o(.bss..L_MergedGlobals.1)
    HAL_ADC_ConvCpltCallback.ready_cnt       0x20000090   Data           2  control.o(.bss..L_MergedGlobals.1)
    filter_idx.0                             0x20000092   Data           2  control.o(.bss..L_MergedGlobals.1)
    filter_cnt.0                             0x20000094   Data           2  control.o(.bss..L_MergedGlobals.1)
    HAL_ADC_ConvCpltCallback.led_cnt         0x200000c8   Data           4  control.o(.bss..L_MergedGlobals.1)
    .L_MergedGlobals.2                       0x200000d4   Data          96  control.o(.bss..L_MergedGlobals.2)
    [Anonymous Symbol]                       0x200000d4   Section        0  control.o(.bss..L_MergedGlobals.2)
    filter_sum.0                             0x200000e8   Data           4  control.o(.bss..L_MergedGlobals.2)
    .L_MergedGlobals.3                       0x20000134   Data          96  control.o(.bss..L_MergedGlobals.3)
    [Anonymous Symbol]                       0x20000134   Section        0  control.o(.bss..L_MergedGlobals.3)
    .L_MergedGlobals.4                       0x20000194   Data          96  control.o(.bss..L_MergedGlobals.4)
    [Anonymous Symbol]                       0x20000194   Section        0  control.o(.bss..L_MergedGlobals.4)
    .L_MergedGlobals.5                       0x200001f4   Data          96  control.o(.bss..L_MergedGlobals.5)
    [Anonymous Symbol]                       0x200001f4   Section        0  control.o(.bss..L_MergedGlobals.5)
    .L_MergedGlobals.6                       0x20000254   Data         108  control.o(.bss..L_MergedGlobals.6)
    [Anonymous Symbol]                       0x20000254   Section        0  control.o(.bss..L_MergedGlobals.6)
    .L_MergedGlobals.7                       0x200002c0   Data         108  control.o(.bss..L_MergedGlobals.7)
    [Anonymous Symbol]                       0x200002c0   Section        0  control.o(.bss..L_MergedGlobals.7)
    filter_buf                               0x200007f4   Data        8400  control.o(.bss.filter_buf)
    [Anonymous Symbol]                       0x200007f4   Section        0  control.o(.bss.filter_buf)
    STACK                                    0x20003268   Section     1024  startup_stm32g474xx.o(STACK)

    Global Symbols

    Symbol Name                              Value     Ov Type        Size  Object(Section)

    BuildAttributes$$THM_ISAv4$E$P$D$K$B$S$7EM$VFPi3$EXTD16$VFPS$VFMA$PE$A:L22UL41UL21$X:L11$S22US41US21$IEEE1$IW$~IW$USESV6$~STKCKD$USESV7$~SHL$OTIME$ROPI$EBA8$MICROLIB$REQ8$PRES8$EABIv2 0x00000000   Number         0  anon$$obj.o ABSOLUTE
    _printf_a                                0x00000000   Number         0  printfstubs.o ABSOLUTE
    _printf_c                                0x00000000   Number         0  printfstubs.o ABSOLUTE
    _printf_charcount                        0x00000000   Number         0  printfstubs.o ABSOLUTE
    _printf_d                                0x00000000   Number         0  printfstubs.o ABSOLUTE
    _printf_e                                0x00000000   Number         0  printfstubs.o ABSOLUTE
    _printf_f                                0x00000000   Number         0  printfstubs.o ABSOLUTE
    _printf_flags                            0x00000000   Number         0  printfstubs.o ABSOLUTE
    _printf_fp_dec                           0x00000000   Number         0  printfstubs.o ABSOLUTE
    _printf_fp_hex                           0x00000000   Number         0  printfstubs.o ABSOLUTE
    _printf_g                                0x00000000   Number         0  printfstubs.o ABSOLUTE
    _printf_i                                0x00000000   Number         0  printfstubs.o ABSOLUTE
    _printf_int_dec                          0x00000000   Number         0  printfstubs.o ABSOLUTE
    _printf_l                                0x00000000   Number         0  printfstubs.o ABSOLUTE
    _printf_lc                               0x00000000   Number         0  printfstubs.o ABSOLUTE
    _printf_ll                               0x00000000   Number         0  printfstubs.o ABSOLUTE
    _printf_lld                              0x00000000   Number         0  printfstubs.o ABSOLUTE
    _printf_lli                              0x00000000   Number         0  printfstubs.o ABSOLUTE
    _printf_llo                              0x00000000   Number         0  printfstubs.o ABSOLUTE
    _printf_llu                              0x00000000   Number         0  printfstubs.o ABSOLUTE
    _printf_llx                              0x00000000   Number         0  printfstubs.o ABSOLUTE
    _printf_longlong_dec                     0x00000000   Number         0  printfstubs.o ABSOLUTE
    _printf_longlong_hex                     0x00000000   Number         0  printfstubs.o ABSOLUTE
    _printf_longlong_oct                     0x00000000   Number         0  printfstubs.o ABSOLUTE
    _printf_ls                               0x00000000   Number         0  printfstubs.o ABSOLUTE
    _printf_mbtowc                           0x00000000   Number         0  printfstubs.o ABSOLUTE
    _printf_n                                0x00000000   Number         0  printfstubs.o ABSOLUTE
    _printf_o                                0x00000000   Number         0  printfstubs.o ABSOLUTE
    _printf_p                                0x00000000   Number         0  printfstubs.o ABSOLUTE
    _printf_percent                          0x00000000   Number         0  printfstubs.o ABSOLUTE
    _printf_pre_padding                      0x00000000   Number         0  printfstubs.o ABSOLUTE
    _printf_return_value                     0x00000000   Number         0  printfstubs.o ABSOLUTE
    _printf_s                                0x00000000   Number         0  printfstubs.o ABSOLUTE
    _printf_sizespec                         0x00000000   Number         0  printfstubs.o ABSOLUTE
    _printf_str                              0x00000000   Number         0  printfstubs.o ABSOLUTE
    _printf_truncate_signed                  0x00000000   Number         0  printfstubs.o ABSOLUTE
    _printf_truncate_unsigned                0x00000000   Number         0  printfstubs.o ABSOLUTE
    _printf_u                                0x00000000   Number         0  printfstubs.o ABSOLUTE
    _printf_wc                               0x00000000   Number         0  printfstubs.o ABSOLUTE
    _printf_wctomb                           0x00000000   Number         0  printfstubs.o ABSOLUTE
    _printf_widthprec                        0x00000000   Number         0  printfstubs.o ABSOLUTE
    _printf_x                                0x00000000   Number         0  printfstubs.o ABSOLUTE
    __cpp_initialize__aeabi_                  - Undefined Weak Reference
    __cxa_finalize                            - Undefined Weak Reference
    __decompress                              - Undefined Weak Reference
    _clock_init                               - Undefined Weak Reference
    _microlib_exit                            - Undefined Weak Reference
    __Vectors_Size                           0x000001d8   Number         0  startup_stm32g474xx.o ABSOLUTE
    __Vectors                                0x08000000   Data           4  startup_stm32g474xx.o(RESET)
    __Vectors_End                            0x080001d8   Data           0  startup_stm32g474xx.o(RESET)
    __main                                   0x080001d9   Thumb Code     0  entry.o(.ARM.Collect$$$$00000000)
    _main_stk                                0x080001d9   Thumb Code     0  entry2.o(.ARM.Collect$$$$00000001)
    _main_scatterload                        0x080001dd   Thumb Code     0  entry5.o(.ARM.Collect$$$$00000004)
    __main_after_scatterload                 0x080001e1   Thumb Code     0  entry5.o(.ARM.Collect$$$$00000004)
    _main_clock                              0x080001e1   Thumb Code     0  entry7b.o(.ARM.Collect$$$$00000008)
    _main_cpp_init                           0x080001e1   Thumb Code     0  entry8b.o(.ARM.Collect$$$$0000000A)
    _main_init                               0x080001e1   Thumb Code     0  entry9a.o(.ARM.Collect$$$$0000000B)
    __rt_final_cpp                           0x080001e9   Thumb Code     0  entry10a.o(.ARM.Collect$$$$0000000D)
    __rt_final_exit                          0x080001e9   Thumb Code     0  entry11a.o(.ARM.Collect$$$$0000000F)
    Reset_Handler                            0x080001ed   Thumb Code     8  startup_stm32g474xx.o(.text)
    ADC1_2_IRQHandler                        0x08000207   Thumb Code     0  startup_stm32g474xx.o(.text)
    ADC3_IRQHandler                          0x08000207   Thumb Code     0  startup_stm32g474xx.o(.text)
    ADC4_IRQHandler                          0x08000207   Thumb Code     0  startup_stm32g474xx.o(.text)
    ADC5_IRQHandler                          0x08000207   Thumb Code     0  startup_stm32g474xx.o(.text)
    COMP1_2_3_IRQHandler                     0x08000207   Thumb Code     0  startup_stm32g474xx.o(.text)
    COMP4_5_6_IRQHandler                     0x08000207   Thumb Code     0  startup_stm32g474xx.o(.text)
    COMP7_IRQHandler                         0x08000207   Thumb Code     0  startup_stm32g474xx.o(.text)
    CORDIC_IRQHandler                        0x08000207   Thumb Code     0  startup_stm32g474xx.o(.text)
    CRS_IRQHandler                           0x08000207   Thumb Code     0  startup_stm32g474xx.o(.text)
    DMA1_Channel3_IRQHandler                 0x08000207   Thumb Code     0  startup_stm32g474xx.o(.text)
    DMA1_Channel4_IRQHandler                 0x08000207   Thumb Code     0  startup_stm32g474xx.o(.text)
    DMA1_Channel5_IRQHandler                 0x08000207   Thumb Code     0  startup_stm32g474xx.o(.text)
    DMA1_Channel6_IRQHandler                 0x08000207   Thumb Code     0  startup_stm32g474xx.o(.text)
    DMA1_Channel7_IRQHandler                 0x08000207   Thumb Code     0  startup_stm32g474xx.o(.text)
    DMA1_Channel8_IRQHandler                 0x08000207   Thumb Code     0  startup_stm32g474xx.o(.text)
    DMA2_Channel1_IRQHandler                 0x08000207   Thumb Code     0  startup_stm32g474xx.o(.text)
    DMA2_Channel2_IRQHandler                 0x08000207   Thumb Code     0  startup_stm32g474xx.o(.text)
    DMA2_Channel3_IRQHandler                 0x08000207   Thumb Code     0  startup_stm32g474xx.o(.text)
    DMA2_Channel4_IRQHandler                 0x08000207   Thumb Code     0  startup_stm32g474xx.o(.text)
    DMA2_Channel5_IRQHandler                 0x08000207   Thumb Code     0  startup_stm32g474xx.o(.text)
    DMA2_Channel6_IRQHandler                 0x08000207   Thumb Code     0  startup_stm32g474xx.o(.text)
    DMA2_Channel7_IRQHandler                 0x08000207   Thumb Code     0  startup_stm32g474xx.o(.text)
    DMA2_Channel8_IRQHandler                 0x08000207   Thumb Code     0  startup_stm32g474xx.o(.text)
    DMAMUX_OVR_IRQHandler                    0x08000207   Thumb Code     0  startup_stm32g474xx.o(.text)
    EXTI0_IRQHandler                         0x08000207   Thumb Code     0  startup_stm32g474xx.o(.text)
    EXTI15_10_IRQHandler                     0x08000207   Thumb Code     0  startup_stm32g474xx.o(.text)
    EXTI1_IRQHandler                         0x08000207   Thumb Code     0  startup_stm32g474xx.o(.text)
    EXTI2_IRQHandler                         0x08000207   Thumb Code     0  startup_stm32g474xx.o(.text)
    EXTI3_IRQHandler                         0x08000207   Thumb Code     0  startup_stm32g474xx.o(.text)
    EXTI4_IRQHandler                         0x08000207   Thumb Code     0  startup_stm32g474xx.o(.text)
    EXTI9_5_IRQHandler                       0x08000207   Thumb Code     0  startup_stm32g474xx.o(.text)
    FDCAN1_IT0_IRQHandler                    0x08000207   Thumb Code     0  startup_stm32g474xx.o(.text)
    FDCAN1_IT1_IRQHandler                    0x08000207   Thumb Code     0  startup_stm32g474xx.o(.text)
    FDCAN2_IT0_IRQHandler                    0x08000207   Thumb Code     0  startup_stm32g474xx.o(.text)
    FDCAN2_IT1_IRQHandler                    0x08000207   Thumb Code     0  startup_stm32g474xx.o(.text)
    FDCAN3_IT0_IRQHandler                    0x08000207   Thumb Code     0  startup_stm32g474xx.o(.text)
    FDCAN3_IT1_IRQHandler                    0x08000207   Thumb Code     0  startup_stm32g474xx.o(.text)
    FLASH_IRQHandler                         0x08000207   Thumb Code     0  startup_stm32g474xx.o(.text)
    FMAC_IRQHandler                          0x08000207   Thumb Code     0  startup_stm32g474xx.o(.text)
    FMC_IRQHandler                           0x08000207   Thumb Code     0  startup_stm32g474xx.o(.text)
    FPU_IRQHandler                           0x08000207   Thumb Code     0  startup_stm32g474xx.o(.text)
    HRTIM1_FLT_IRQHandler                    0x08000207   Thumb Code     0  startup_stm32g474xx.o(.text)
    HRTIM1_Master_IRQHandler                 0x08000207   Thumb Code     0  startup_stm32g474xx.o(.text)
    HRTIM1_TIMA_IRQHandler                   0x08000207   Thumb Code     0  startup_stm32g474xx.o(.text)
    HRTIM1_TIMB_IRQHandler                   0x08000207   Thumb Code     0  startup_stm32g474xx.o(.text)
    HRTIM1_TIMC_IRQHandler                   0x08000207   Thumb Code     0  startup_stm32g474xx.o(.text)
    HRTIM1_TIMD_IRQHandler                   0x08000207   Thumb Code     0  startup_stm32g474xx.o(.text)
    HRTIM1_TIME_IRQHandler                   0x08000207   Thumb Code     0  startup_stm32g474xx.o(.text)
    HRTIM1_TIMF_IRQHandler                   0x08000207   Thumb Code     0  startup_stm32g474xx.o(.text)
    I2C1_ER_IRQHandler                       0x08000207   Thumb Code     0  startup_stm32g474xx.o(.text)
    I2C1_EV_IRQHandler                       0x08000207   Thumb Code     0  startup_stm32g474xx.o(.text)
    I2C2_ER_IRQHandler                       0x08000207   Thumb Code     0  startup_stm32g474xx.o(.text)
    I2C2_EV_IRQHandler                       0x08000207   Thumb Code     0  startup_stm32g474xx.o(.text)
    I2C3_ER_IRQHandler                       0x08000207   Thumb Code     0  startup_stm32g474xx.o(.text)
    I2C3_EV_IRQHandler                       0x08000207   Thumb Code     0  startup_stm32g474xx.o(.text)
    I2C4_ER_IRQHandler                       0x08000207   Thumb Code     0  startup_stm32g474xx.o(.text)
    I2C4_EV_IRQHandler                       0x08000207   Thumb Code     0  startup_stm32g474xx.o(.text)
    LPTIM1_IRQHandler                        0x08000207   Thumb Code     0  startup_stm32g474xx.o(.text)
    LPUART1_IRQHandler                       0x08000207   Thumb Code     0  startup_stm32g474xx.o(.text)
    PVD_PVM_IRQHandler                       0x08000207   Thumb Code     0  startup_stm32g474xx.o(.text)
    QUADSPI_IRQHandler                       0x08000207   Thumb Code     0  startup_stm32g474xx.o(.text)
    RCC_IRQHandler                           0x08000207   Thumb Code     0  startup_stm32g474xx.o(.text)
    RNG_IRQHandler                           0x08000207   Thumb Code     0  startup_stm32g474xx.o(.text)
    RTC_Alarm_IRQHandler                     0x08000207   Thumb Code     0  startup_stm32g474xx.o(.text)
    RTC_TAMP_LSECSS_IRQHandler               0x08000207   Thumb Code     0  startup_stm32g474xx.o(.text)
    RTC_WKUP_IRQHandler                      0x08000207   Thumb Code     0  startup_stm32g474xx.o(.text)
    SAI1_IRQHandler                          0x08000207   Thumb Code     0  startup_stm32g474xx.o(.text)
    SPI1_IRQHandler                          0x08000207   Thumb Code     0  startup_stm32g474xx.o(.text)
    SPI2_IRQHandler                          0x08000207   Thumb Code     0  startup_stm32g474xx.o(.text)
    SPI3_IRQHandler                          0x08000207   Thumb Code     0  startup_stm32g474xx.o(.text)
    SPI4_IRQHandler                          0x08000207   Thumb Code     0  startup_stm32g474xx.o(.text)
    TIM1_BRK_TIM15_IRQHandler                0x08000207   Thumb Code     0  startup_stm32g474xx.o(.text)
    TIM1_CC_IRQHandler                       0x08000207   Thumb Code     0  startup_stm32g474xx.o(.text)
    TIM1_TRG_COM_TIM17_IRQHandler            0x08000207   Thumb Code     0  startup_stm32g474xx.o(.text)
    TIM20_BRK_IRQHandler                     0x08000207   Thumb Code     0  startup_stm32g474xx.o(.text)
    TIM20_CC_IRQHandler                      0x08000207   Thumb Code     0  startup_stm32g474xx.o(.text)
    TIM20_TRG_COM_IRQHandler                 0x08000207   Thumb Code     0  startup_stm32g474xx.o(.text)
    TIM20_UP_IRQHandler                      0x08000207   Thumb Code     0  startup_stm32g474xx.o(.text)
    TIM2_IRQHandler                          0x08000207   Thumb Code     0  startup_stm32g474xx.o(.text)
    TIM3_IRQHandler                          0x08000207   Thumb Code     0  startup_stm32g474xx.o(.text)
    TIM4_IRQHandler                          0x08000207   Thumb Code     0  startup_stm32g474xx.o(.text)
    TIM5_IRQHandler                          0x08000207   Thumb Code     0  startup_stm32g474xx.o(.text)
    TIM6_DAC_IRQHandler                      0x08000207   Thumb Code     0  startup_stm32g474xx.o(.text)
    TIM7_DAC_IRQHandler                      0x08000207   Thumb Code     0  startup_stm32g474xx.o(.text)
    TIM8_BRK_IRQHandler                      0x08000207   Thumb Code     0  startup_stm32g474xx.o(.text)
    TIM8_CC_IRQHandler                       0x08000207   Thumb Code     0  startup_stm32g474xx.o(.text)
    TIM8_TRG_COM_IRQHandler                  0x08000207   Thumb Code     0  startup_stm32g474xx.o(.text)
    TIM8_UP_IRQHandler                       0x08000207   Thumb Code     0  startup_stm32g474xx.o(.text)
    UART4_IRQHandler                         0x08000207   Thumb Code     0  startup_stm32g474xx.o(.text)
    UART5_IRQHandler                         0x08000207   Thumb Code     0  startup_stm32g474xx.o(.text)
    UCPD1_IRQHandler                         0x08000207   Thumb Code     0  startup_stm32g474xx.o(.text)
    USART1_IRQHandler                        0x08000207   Thumb Code     0  startup_stm32g474xx.o(.text)
    USART2_IRQHandler                        0x08000207   Thumb Code     0  startup_stm32g474xx.o(.text)
    USART3_IRQHandler                        0x08000207   Thumb Code     0  startup_stm32g474xx.o(.text)
    USBWakeUp_IRQHandler                     0x08000207   Thumb Code     0  startup_stm32g474xx.o(.text)
    USB_HP_IRQHandler                        0x08000207   Thumb Code     0  startup_stm32g474xx.o(.text)
    USB_LP_IRQHandler                        0x08000207   Thumb Code     0  startup_stm32g474xx.o(.text)
    WWDG_IRQHandler                          0x08000207   Thumb Code     0  startup_stm32g474xx.o(.text)
    __aeabi_uldivmod                         0x08000211   Thumb Code    98  uldiv.o(.text)
    __aeabi_memset                           0x08000273   Thumb Code    14  memseta.o(.text)
    __aeabi_memset4                          0x08000273   Thumb Code     0  memseta.o(.text)
    __aeabi_memset8                          0x08000273   Thumb Code     0  memseta.o(.text)
    __aeabi_memclr                           0x08000281   Thumb Code     4  memseta.o(.text)
    __aeabi_memclr4                          0x08000281   Thumb Code     0  memseta.o(.text)
    __aeabi_memclr8                          0x08000281   Thumb Code     0  memseta.o(.text)
    _memset$wrapper                          0x08000285   Thumb Code    18  memseta.o(.text)
    __aeabi_f2d                              0x08000297   Thumb Code    38  f2d.o(.text)
    __aeabi_uidiv                            0x080002bd   Thumb Code     0  uidiv.o(.text)
    __aeabi_uidivmod                         0x080002bd   Thumb Code    44  uidiv.o(.text)
    __aeabi_llsl                             0x080002e9   Thumb Code    30  llshl.o(.text)
    _ll_shift_l                              0x080002e9   Thumb Code     0  llshl.o(.text)
    __aeabi_llsr                             0x08000307   Thumb Code    32  llushr.o(.text)
    _ll_ushift_r                             0x08000307   Thumb Code     0  llushr.o(.text)
    __I$use$fp                               0x08000327   Thumb Code     0  iusefp.o(.text)
    __aeabi_dadd                             0x08000327   Thumb Code   322  dadd.o(.text)
    __aeabi_dsub                             0x08000469   Thumb Code     6  dadd.o(.text)
    __aeabi_drsub                            0x0800046f   Thumb Code     6  dadd.o(.text)
    __aeabi_dmul                             0x08000475   Thumb Code   228  dmul.o(.text)
    __aeabi_ddiv                             0x08000559   Thumb Code   222  ddiv.o(.text)
    __aeabi_d2ulz                            0x08000637   Thumb Code    48  dfixul.o(.text)
    __aeabi_cdrcmple                         0x08000669   Thumb Code    48  cdrcmple.o(.text)
    __scatterload                            0x08000699   Thumb Code    38  init.o(.text)
    __scatterload_rt2                        0x08000699   Thumb Code     0  init.o(.text)
    __aeabi_lasr                             0x080006c9   Thumb Code    36  llsshr.o(.text)
    _ll_sshift_r                             0x080006c9   Thumb Code     0  llsshr.o(.text)
    _double_round                            0x080006ed   Thumb Code    30  depilogue.o(.text)
    _double_epilogue                         0x0800070b   Thumb Code   156  depilogue.o(.text)
    ADC_DMAConvCplt                          0x080007a9   Thumb Code    98  stm32g4xx_hal_adc.o(.text.ADC_DMAConvCplt)
    ADC_DMAError                             0x0800080d   Thumb Code    22  stm32g4xx_hal_adc.o(.text.ADC_DMAError)
    ADC_DMAHalfConvCplt                      0x08000825   Thumb Code     6  stm32g4xx_hal_adc.o(.text.ADC_DMAHalfConvCplt)
    ADC_Disable                              0x0800082d   Thumb Code   124  stm32g4xx_hal_adc.o(.text.ADC_Disable)
    ADC_Enable                               0x080008a9   Thumb Code   270  stm32g4xx_hal_adc.o(.text.ADC_Enable)
    BusFault_Handler                         0x080009b9   Thumb Code     2  stm32g4xx_it.o(.text.BusFault_Handler)
    CascadeNotch_Init                        0x080009bd   Thumb Code   120  calculate.o(.text.CascadeNotch_Init)
    CascadeNotch_Reset                       0x08000a35   Thumb Code    16  calculate.o(.text.CascadeNotch_Reset)
    CascadeNotch_Update                      0x08000a45   Thumb Code   218  calculate.o(.text.CascadeNotch_Update)
    Controller_BoostTest_Init_All            0x08000b21   Thumb Code   166  control.o(.text.Controller_BoostTest_Init_All)
    Controller_BoostTest_Reset_All           0x08000bc9   Thumb Code    68  control.o(.text.Controller_BoostTest_Reset_All)
    Controller_BuckTest_Init_All             0x08000c0d   Thumb Code    98  control.o(.text.Controller_BuckTest_Init_All)
    Controller_BuckTest_Reset_All            0x08000c71   Thumb Code    56  control.o(.text.Controller_BuckTest_Reset_All)
    Controller_Offgrid_Init_All              0x08000ca9   Thumb Code   258  control.o(.text.Controller_Offgrid_Init_All)
    Controller_Offgrid_Reset_All             0x08000dad   Thumb Code    94  control.o(.text.Controller_Offgrid_Reset_All)
    Controller_Ongrid_Init_All               0x08000e0d   Thumb Code   240  control.o(.text.Controller_Ongrid_Init_All)
    Controller_Ongrid_Reset_All              0x08000efd   Thumb Code   164  control.o(.text.Controller_Ongrid_Reset_All)
    Controller_Rect_Init_All                 0x08000fa1   Thumb Code   192  control.o(.text.Controller_Rect_Init_All)
    Controller_Rect_Reset_All                0x08001061   Thumb Code   152  control.o(.text.Controller_Rect_Reset_All)
    Controller_SOGITest_Init_All             0x080010f9   Thumb Code    54  control.o(.text.Controller_SOGITest_Init_All)
    Controller_SOGITest_Reset_All            0x08001131   Thumb Code    56  control.o(.text.Controller_SOGITest_Reset_All)
    DMA1_Channel1_IRQHandler                 0x08001169   Thumb Code    12  stm32g4xx_it.o(.text.DMA1_Channel1_IRQHandler)
    DMA1_Channel2_IRQHandler                 0x08001175   Thumb Code    12  stm32g4xx_it.o(.text.DMA1_Channel2_IRQHandler)
    DebugMon_Handler                         0x08001181   Thumb Code     2  stm32g4xx_it.o(.text.DebugMon_Handler)
    Error_Handler                            0x08001185   Thumb Code    10  main.o(.text.Error_Handler)
    FF_ActiveDamping_Init                    0x08001191   Thumb Code    76  calculate.o(.text.FF_ActiveDamping_Init)
    FF_ActiveDamping_Reset                   0x080011dd   Thumb Code     8  calculate.o(.text.FF_ActiveDamping_Reset)
    FF_ActiveDamping_Update                  0x080011e5   Thumb Code    90  calculate.o(.text.FF_ActiveDamping_Update)
    FF_Proportional_Init                     0x08001241   Thumb Code    20  calculate.o(.text.FF_Proportional_Init)
    FF_Proportional_Reset                    0x08001255   Thumb Code     2  calculate.o(.text.FF_Proportional_Reset)
    FF_Proportional_Update                   0x08001259   Thumb Code    10  calculate.o(.text.FF_Proportional_Update)
    FF_SecondOrder_Init                      0x08001265   Thumb Code   134  calculate.o(.text.FF_SecondOrder_Init)
    FF_SecondOrder_Reset                     0x080012ed   Thumb Code    12  calculate.o(.text.FF_SecondOrder_Reset)
    FF_SecondOrder_Update                    0x080012f9   Thumb Code   102  calculate.o(.text.FF_SecondOrder_Update)
    Fault_Recovery_Process                   0x08001361   Thumb Code   322  main.o(.text.Fault_Recovery_Process)
    GridTie_Boost_Start                      0x080014a5   Thumb Code    44  calculate.o(.text.GridTie_Boost_Start)
    GridTie_Inverter_Start                   0x080014d1   Thumb Code    52  calculate.o(.text.GridTie_Inverter_Start)
    HAL_ADCEx_Calibration_Start              0x08001505   Thumb Code   212  stm32g4xx_hal_adc_ex.o(.text.HAL_ADCEx_Calibration_Start)
    HAL_ADCEx_MultiModeConfigChannel         0x080015d9   Thumb Code   308  stm32g4xx_hal_adc_ex.o(.text.HAL_ADCEx_MultiModeConfigChannel)
    HAL_ADC_ConfigChannel                    0x0800170d   Thumb Code  1012  stm32g4xx_hal_adc.o(.text.HAL_ADC_ConfigChannel)
    HAL_ADC_ConvCpltCallback                 0x08001b01   Thumb Code  4724  control.o(.text.HAL_ADC_ConvCpltCallback)
    HAL_ADC_ConvHalfCpltCallback             0x08002dad   Thumb Code     2  stm32g4xx_hal_adc.o(.text.HAL_ADC_ConvHalfCpltCallback)
    HAL_ADC_ErrorCallback                    0x08002db1   Thumb Code     2  stm32g4xx_hal_adc.o(.text.HAL_ADC_ErrorCallback)
    HAL_ADC_Init                             0x08002db5   Thumb Code   598  stm32g4xx_hal_adc.o(.text.HAL_ADC_Init)
    HAL_ADC_MspInit                          0x0800300d   Thumb Code   248  adc.o(.text.HAL_ADC_MspInit)
    HAL_ADC_Start_DMA                        0x08003105   Thumb Code   298  stm32g4xx_hal_adc.o(.text.HAL_ADC_Start_DMA)
    HAL_DMA_IRQHandler                       0x08003231   Thumb Code   170  stm32g4xx_hal_dma.o(.text.HAL_DMA_IRQHandler)
    HAL_DMA_Init                             0x080032dd   Thumb Code   292  stm32g4xx_hal_dma.o(.text.HAL_DMA_Init)
    HAL_DMA_Start_IT                         0x08003401   Thumb Code   232  stm32g4xx_hal_dma.o(.text.HAL_DMA_Start_IT)
    HAL_Delay                                0x080034e9   Thumb Code    40  stm32g4xx_hal.o(.text.HAL_Delay)
    HAL_GPIO_Init                            0x08003511   Thumb Code   478  stm32g4xx_hal_gpio.o(.text.HAL_GPIO_Init)
    HAL_GPIO_ReadPin                         0x080036f1   Thumb Code    10  stm32g4xx_hal_gpio.o(.text.HAL_GPIO_ReadPin)
    HAL_GPIO_TogglePin                       0x080036fd   Thumb Code    16  stm32g4xx_hal_gpio.o(.text.HAL_GPIO_TogglePin)
    HAL_GPIO_WritePin                        0x0800370d   Thumb Code    12  stm32g4xx_hal_gpio.o(.text.HAL_GPIO_WritePin)
    HAL_GetTick                              0x08003719   Thumb Code    12  stm32g4xx_hal.o(.text.HAL_GetTick)
    HAL_IncTick                              0x08003725   Thumb Code    26  stm32g4xx_hal.o(.text.HAL_IncTick)
    HAL_Init                                 0x08003741   Thumb Code    46  stm32g4xx_hal.o(.text.HAL_Init)
    HAL_InitTick                             0x08003771   Thumb Code    80  stm32g4xx_hal.o(.text.HAL_InitTick)
    HAL_MspInit                              0x080037c1   Thumb Code    52  stm32g4xx_hal_msp.o(.text.HAL_MspInit)
    HAL_NVIC_EnableIRQ                       0x080037f5   Thumb Code    34  stm32g4xx_hal_cortex.o(.text.HAL_NVIC_EnableIRQ)
    HAL_NVIC_SetPriority                     0x08003819   Thumb Code    86  stm32g4xx_hal_cortex.o(.text.HAL_NVIC_SetPriority)
    HAL_NVIC_SetPriorityGrouping             0x08003871   Thumb Code    32  stm32g4xx_hal_cortex.o(.text.HAL_NVIC_SetPriorityGrouping)
    HAL_PWREx_ControlVoltageScaling          0x08003891   Thumb Code   270  stm32g4xx_hal_pwr_ex.o(.text.HAL_PWREx_ControlVoltageScaling)
    HAL_PWREx_DisableUCPDDeadBattery         0x080039a1   Thumb Code    18  stm32g4xx_hal_pwr_ex.o(.text.HAL_PWREx_DisableUCPDDeadBattery)
    HAL_RCCEx_PeriphCLKConfig                0x080039b5   Thumb Code   726  stm32g4xx_hal_rcc_ex.o(.text.HAL_RCCEx_PeriphCLKConfig)
    HAL_RCC_ClockConfig                      0x08003c8d   Thumb Code   772  stm32g4xx_hal_rcc.o(.text.HAL_RCC_ClockConfig)
    HAL_RCC_GetPCLK1Freq                     0x08003f91   Thumb Code    42  stm32g4xx_hal_rcc.o(.text.HAL_RCC_GetPCLK1Freq)
    HAL_RCC_GetPCLK2Freq                     0x08003fbd   Thumb Code    42  stm32g4xx_hal_rcc.o(.text.HAL_RCC_GetPCLK2Freq)
    HAL_RCC_GetSysClockFreq                  0x08003fe9   Thumb Code   130  stm32g4xx_hal_rcc.o(.text.HAL_RCC_GetSysClockFreq)
    HAL_RCC_OscConfig                        0x0800406d   Thumb Code  1230  stm32g4xx_hal_rcc.o(.text.HAL_RCC_OscConfig)
    HAL_SYSTICK_Config                       0x0800453d   Thumb Code    44  stm32g4xx_hal_cortex.o(.text.HAL_SYSTICK_Config)
    HAL_TIMEx_Break2Callback                 0x08004569   Thumb Code     2  stm32g4xx_hal_tim_ex.o(.text.HAL_TIMEx_Break2Callback)
    HAL_TIMEx_BreakCallback                  0x0800456d   Thumb Code     2  stm32g4xx_hal_tim_ex.o(.text.HAL_TIMEx_BreakCallback)
    HAL_TIMEx_CommutCallback                 0x08004571   Thumb Code     2  stm32g4xx_hal_tim_ex.o(.text.HAL_TIMEx_CommutCallback)
    HAL_TIMEx_ConfigBreakDeadTime            0x08004575   Thumb Code   212  stm32g4xx_hal_tim_ex.o(.text.HAL_TIMEx_ConfigBreakDeadTime)
    HAL_TIMEx_DirectionChangeCallback        0x08004649   Thumb Code     2  stm32g4xx_hal_tim_ex.o(.text.HAL_TIMEx_DirectionChangeCallback)
    HAL_TIMEx_EncoderIndexCallback           0x0800464d   Thumb Code     2  stm32g4xx_hal_tim_ex.o(.text.HAL_TIMEx_EncoderIndexCallback)
    HAL_TIMEx_IndexErrorCallback             0x08004651   Thumb Code     2  stm32g4xx_hal_tim_ex.o(.text.HAL_TIMEx_IndexErrorCallback)
    HAL_TIMEx_MasterConfigSynchronization    0x08004655   Thumb Code   222  stm32g4xx_hal_tim_ex.o(.text.HAL_TIMEx_MasterConfigSynchronization)
    HAL_TIMEx_TransitionErrorCallback        0x08004735   Thumb Code     2  stm32g4xx_hal_tim_ex.o(.text.HAL_TIMEx_TransitionErrorCallback)
    HAL_TIM_Base_Init                        0x08004739   Thumb Code    98  stm32g4xx_hal_tim.o(.text.HAL_TIM_Base_Init)
    HAL_TIM_Base_MspInit                     0x0800479d   Thumb Code    68  tim.o(.text.HAL_TIM_Base_MspInit)
    HAL_TIM_Base_Start                       0x080047e1   Thumb Code   178  stm32g4xx_hal_tim.o(.text.HAL_TIM_Base_Start)
    HAL_TIM_ConfigClockSource                0x08004895   Thumb Code   608  stm32g4xx_hal_tim.o(.text.HAL_TIM_ConfigClockSource)
    HAL_TIM_IC_CaptureCallback               0x08004af5   Thumb Code     2  stm32g4xx_hal_tim.o(.text.HAL_TIM_IC_CaptureCallback)
    HAL_TIM_IRQHandler                       0x08004af9   Thumb Code   460  stm32g4xx_hal_tim.o(.text.HAL_TIM_IRQHandler)
    HAL_TIM_MspPostInit                      0x08004cc5   Thumb Code   222  tim.o(.text.HAL_TIM_MspPostInit)
    HAL_TIM_OC_DelayElapsedCallback          0x08004da5   Thumb Code     2  stm32g4xx_hal_tim.o(.text.HAL_TIM_OC_DelayElapsedCallback)
    HAL_TIM_PWM_ConfigChannel                0x08004da9   Thumb Code  1040  stm32g4xx_hal_tim.o(.text.HAL_TIM_PWM_ConfigChannel)
    HAL_TIM_PWM_Init                         0x080051b9   Thumb Code    98  stm32g4xx_hal_tim.o(.text.HAL_TIM_PWM_Init)
    HAL_TIM_PWM_MspInit                      0x0800521d   Thumb Code     2  stm32g4xx_hal_tim.o(.text.HAL_TIM_PWM_MspInit)
    HAL_TIM_PWM_PulseFinishedCallback        0x08005221   Thumb Code     2  stm32g4xx_hal_tim.o(.text.HAL_TIM_PWM_PulseFinishedCallback)
    HAL_TIM_PeriodElapsedCallback            0x08005225   Thumb Code     2  stm32g4xx_hal_tim.o(.text.HAL_TIM_PeriodElapsedCallback)
    HAL_TIM_TriggerCallback                  0x08005229   Thumb Code     2  stm32g4xx_hal_tim.o(.text.HAL_TIM_TriggerCallback)
    HAL_UARTEx_DisableFifoMode               0x0800522d   Thumb Code    54  stm32g4xx_hal_uart_ex.o(.text.HAL_UARTEx_DisableFifoMode)
    HAL_UARTEx_SetRxFifoThreshold            0x08005265   Thumb Code   140  stm32g4xx_hal_uart_ex.o(.text.HAL_UARTEx_SetRxFifoThreshold)
    HAL_UARTEx_SetTxFifoThreshold            0x080052f1   Thumb Code   140  stm32g4xx_hal_uart_ex.o(.text.HAL_UARTEx_SetTxFifoThreshold)
    HAL_UART_ErrorCallback                   0x0800537d   Thumb Code     2  stm32g4xx_hal_uart.o(.text.HAL_UART_ErrorCallback)
    HAL_UART_Init                            0x08005381   Thumb Code   100  stm32g4xx_hal_uart.o(.text.HAL_UART_Init)
    HAL_UART_MspInit                         0x080053e5   Thumb Code   244  usart.o(.text.HAL_UART_MspInit)
    HAL_UART_Transmit_DMA                    0x080054d9   Thumb Code   232  stm32g4xx_hal_uart.o(.text.HAL_UART_Transmit_DMA)
    HAL_UART_TxCpltCallback                  0x080055c1   Thumb Code     2  stm32g4xx_hal_uart.o(.text.HAL_UART_TxCpltCallback)
    HAL_UART_TxHalfCpltCallback              0x080055c5   Thumb Code     2  stm32g4xx_hal_uart.o(.text.HAL_UART_TxHalfCpltCallback)
    HardFault_Handler                        0x080055c9   Thumb Code     2  stm32g4xx_it.o(.text.HardFault_Handler)
    Key_Function_Handle                      0x080055cd   Thumb Code   588  key.o(.text.Key_Function_Handle)
    Key_GetAndClear                          0x08005825   Thumb Code    16  key.o(.text.Key_GetAndClear)
    Key_Scan                                 0x08005835   Thumb Code   128  key.o(.text.Key_Scan)
    MX_ADC1_Init                             0x080058b5   Thumb Code   398  adc.o(.text.MX_ADC1_Init)
    MX_DMA_Init                              0x08005a45   Thumb Code    86  dma.o(.text.MX_DMA_Init)
    MX_GPIO_Init                             0x08005a9d   Thumb Code   276  gpio.o(.text.MX_GPIO_Init)
    MX_TIM1_Init                             0x08005bb1   Thumb Code   350  tim.o(.text.MX_TIM1_Init)
    MX_USART3_UART_Init                      0x08005d11   Thumb Code   134  usart.o(.text.MX_USART3_UART_Init)
    MemManage_Handler                        0x08005d99   Thumb Code     2  stm32g4xx_it.o(.text.MemManage_Handler)
    Mode_Switch_Handle                       0x08005d9d   Thumb Code   210  key.o(.text.Mode_Switch_Handle)
    NMI_Handler                              0x08005e71   Thumb Code     2  stm32g4xx_it.o(.text.NMI_Handler)
    OLED_Clear                               0x08005e75   Thumb Code  1166  oled.o(.text.OLED_Clear)
    OLED_Init                                0x08006305   Thumb Code  1360  oled.o(.text.OLED_Init)
    OLED_Refresh                             0x08006855   Thumb Code   292  oled.o(.text.OLED_Refresh)
    OLED_ShowChar                            0x08006979   Thumb Code  1330  oled.o(.text.OLED_ShowChar)
    OLED_ShowString                          0x08006ead   Thumb Code    84  oled.o(.text.OLED_ShowString)
    OLED_Status_Update                       0x08006f01   Thumb Code   684  main.o(.text.OLED_Status_Update)
    OLED_WR_Byte                             0x08007245   Thumb Code   236  oled.o(.text.OLED_WR_Byte)
    PI_Reset                                 0x08007331   Thumb Code     8  calculate.o(.text.PI_Reset)
    PI_Update                                0x08007339   Thumb Code   236  calculate.o(.text.PI_Update)
    PR_Inverter_Init                         0x08007425   Thumb Code   134  calculate.o(.text.PR_Inverter_Init)
    PR_Inverter_Reset                        0x080074ad   Thumb Code    18  calculate.o(.text.PR_Inverter_Reset)
    PR_Inverter_Update                       0x080074c1   Thumb Code   216  calculate.o(.text.PR_Inverter_Update)
    PendSV_Handler                           0x080075a1   Thumb Code     2  stm32g4xx_it.o(.text.PendSV_Handler)
    QPR_Rect_Init                            0x080075a5   Thumb Code   202  calculate.o(.text.QPR_Rect_Init)
    QPR_Rect_Reset                           0x08007671   Thumb Code    12  calculate.o(.text.QPR_Rect_Reset)
    QPR_Rect_Update                          0x0800767d   Thumb Code   412  calculate.o(.text.QPR_Rect_Update)
    RC_Init                                  0x0800781d   Thumb Code    30  calculate.o(.text.RC_Init)
    RC_Reset                                 0x0800783d   Thumb Code    18  calculate.o(.text.RC_Reset)
    RC_Update                                0x08007851   Thumb Code   340  calculate.o(.text.RC_Update)
    Rect_Lock_ZCD_Init                       0x080079c1   Thumb Code    38  calculate.o(.text.Rect_Lock_ZCD_Init)
    Rect_Lock_ZCD_Reset                      0x080079e9   Thumb Code    22  calculate.o(.text.Rect_Lock_ZCD_Reset)
    Rect_Lock_ZCD_Update                     0x08007a01   Thumb Code   288  calculate.o(.text.Rect_Lock_ZCD_Update)
    SOGI_FLL_Init                            0x08007b35   Thumb Code   108  calculate.o(.text.SOGI_FLL_Init)
    SOGI_FLL_Reset                           0x08007ba1   Thumb Code    30  calculate.o(.text.SOGI_FLL_Reset)
    SOGI_FLL_Update_Optimized                0x08007bc1   Thumb Code   376  calculate.o(.text.SOGI_FLL_Update_Optimized)
    SPWM_SinglePolarity_CCR                  0x08007d49   Thumb Code    64  calculate.o(.text.SPWM_SinglePolarity_CCR)
    SRF_PLL_Init                             0x08007d95   Thumb Code    64  calculate.o(.text.SRF_PLL_Init)
    SRF_PLL_Reset                            0x08007dd5   Thumb Code    20  calculate.o(.text.SRF_PLL_Reset)
    SRF_PLL_Update                           0x08007de9   Thumb Code   228  calculate.o(.text.SRF_PLL_Update)
    SVC_Handler                              0x08007ee5   Thumb Code     2  stm32g4xx_it.o(.text.SVC_Handler)
    Send_Byte                                0x08007f9d   Thumb Code   318  oled.o(.text.Send_Byte)
    SysTick_Handler                          0x080080dd   Thumb Code     4  stm32g4xx_it.o(.text.SysTick_Handler)
    SystemInit                               0x080080e1   Thumb Code    18  system_stm32g4xx.o(.text.SystemInit)
    TIM1_UP_TIM16_IRQHandler                 0x080080f5   Thumb Code    12  stm32g4xx_it.o(.text.TIM1_UP_TIM16_IRQHandler)
    TIM_Base_SetConfig                       0x08008101   Thumb Code   328  stm32g4xx_hal_tim.o(.text.TIM_Base_SetConfig)
    UART_AdvFeatureConfig                    0x08008249   Thumb Code   230  stm32g4xx_hal_uart.o(.text.UART_AdvFeatureConfig)
    UART_CheckIdleState                      0x08008331   Thumb Code   362  stm32g4xx_hal_uart.o(.text.UART_CheckIdleState)
    UART_SetConfig                           0x08008725   Thumb Code   676  stm32g4xx_hal_uart.o(.text.UART_SetConfig)
    UART_WaitOnFlagUntilTimeout              0x080089d9   Thumb Code   822  stm32g4xx_hal_uart.o(.text.UART_WaitOnFlagUntilTimeout)
    UsageFault_Handler                       0x08008d11   Thumb Code     2  stm32g4xx_it.o(.text.UsageFault_Handler)
    ZCD_StateMachine_Init                    0x08008d15   Thumb Code    26  calculate.o(.text.ZCD_StateMachine_Init)
    ZCD_StateMachine_Reset                   0x08008d31   Thumb Code    12  calculate.o(.text.ZCD_StateMachine_Reset)
    ZCD_StateMachine_Update                  0x08008d3d   Thumb Code   168  calculate.o(.text.ZCD_StateMachine_Update)
    arm_sin_cos_f32                          0x08008ded   Thumb Code   292  arm_sin_cos_f32.o(.text.arm_sin_cos_f32)
    main                                     0x08008f11   Thumb Code   420  main.o(.text.main)
    sys_start                                0x080090c9   Thumb Code    76  calculate.o(.text.sys_start)
    sys_stop                                 0x08009115   Thumb Code    90  calculate.o(.text.sys_stop)
    __0sprintf                               0x08009171   Thumb Code    34  printfa.o(i.__0sprintf)
    __1sprintf                               0x08009171   Thumb Code     0  printfa.o(i.__0sprintf)
    __2sprintf                               0x08009171   Thumb Code     0  printfa.o(i.__0sprintf)
    __c89sprintf                             0x08009171   Thumb Code     0  printfa.o(i.__0sprintf)
    sprintf                                  0x08009171   Thumb Code     0  printfa.o(i.__0sprintf)
    __scatterload_copy                       0x08009199   Thumb Code    14  handlers.o(i.__scatterload_copy)
    __scatterload_null                       0x080091a7   Thumb Code     2  handlers.o(i.__scatterload_null)
    __scatterload_zeroinit                   0x080091a9   Thumb Code    14  handlers.o(i.__scatterload_zeroinit)
    AHBPrescTable                            0x08009a74   Data          16  system_stm32g4xx.o(.rodata.AHBPrescTable)
    APBPrescTable                            0x08009a84   Data           8  system_stm32g4xx.o(.rodata.APBPrescTable)
    UARTPrescTable                           0x08009a8c   Data          24  stm32g4xx_hal_uart.o(.rodata.UARTPrescTable)
    asc2_0806                                0x08009aa4   Data         552  oled.o(.rodata.asc2_0806)
    asc2_1608                                0x08009ccc   Data        1520  oled.o(.rodata.asc2_1608)
    sinTable_f32                             0x0800a2dc   Data        2052  arm_common_tables.o(.rodata.sinTable_f32)
    sin_wave                                 0x0800aae0   Data        1600  control.o(.rodata.sin_wave)
    Region$$Table$$Base                      0x0800b2c4   Number         0  anon$$obj.o(Region$$Table)
    Region$$Table$$Limit                     0x0800b2e4   Number         0  anon$$obj.o(Region$$Table)
    work_mode                                0x20000000   Data           1  main.o(.data..L_MergedGlobals)
    grid_i_target                            0x20000004   Data           4  main.o(.data..L_MergedGlobals)
    offgrid_Uoac_target                      0x20000008   Data           4  main.o(.data..L_MergedGlobals)
    uwTickPrio                               0x2000000c   Data           4  stm32g4xx_hal.o(.data..L_MergedGlobals)
    uwTickFreq                               0x20000010   Data           4  stm32g4xx_hal.o(.data..L_MergedGlobals)
    g_rect_reset_req                         0x20000014   Data           1  control.o(.data..L_MergedGlobals)
    buck_test_i_target                       0x20000018   Data           4  control.o(.data..L_MergedGlobals)
    boost_test_v_target                      0x2000001c   Data           4  control.o(.data..L_MergedGlobals)
    vofa_buf_SOGI2                           0x20000020   Data           8  control.o(.data..L_MergedGlobals)
    vofa_buf_test                            0x20000028   Data          36  control.o(.data..L_MergedGlobals)
    SystemCoreClock                          0x2000004c   Data           4  system_stm32g4xx.o(.data.SystemCoreClock)
    rect_calc_enable                         0x20000058   Data           1  control.o(.bss..L_MergedGlobals.1)
    offgrid_calc_enable                      0x20000059   Data           1  control.o(.bss..L_MergedGlobals.1)
    ongrid_calc_enable                       0x2000005a   Data           1  control.o(.bss..L_MergedGlobals.1)
    OVP_DC                                   0x2000005b   Data           1  control.o(.bss..L_MergedGlobals.1)
    UVP_DC                                   0x2000005c   Data           1  control.o(.bss..L_MergedGlobals.1)
    OCP_BOOST                                0x2000005d   Data           1  control.o(.bss..L_MergedGlobals.1)
    OCP_CONV                                 0x2000005e   Data           1  control.o(.bss..L_MergedGlobals.1)
    OVP_OFFGRID                              0x2000005f   Data           1  control.o(.bss..L_MergedGlobals.1)
    OCP_GRID                                 0x20000060   Data           1  control.o(.bss..L_MergedGlobals.1)
    PLL_FAULT                                0x20000061   Data           1  control.o(.bss..L_MergedGlobals.1)
    OCP_BUCK_RMS                             0x20000062   Data           1  control.o(.bss..L_MergedGlobals.1)
    Fault_Flag                               0x20000063   Data           1  control.o(.bss..L_MergedGlobals.1)
    last_fault_code                          0x20000064   Data           1  control.o(.bss..L_MergedGlobals.1)
    adc_isr_busy                             0x20000065   Data           1  control.o(.bss..L_MergedGlobals.1)
    g_rect_state                             0x20000066   Data           1  control.o(.bss..L_MergedGlobals.1)
    g_relay_triggered                        0x20000067   Data           1  control.o(.bss..L_MergedGlobals.1)
    rect_pll_fault_cnt                       0x20000068   Data           1  control.o(.bss..L_MergedGlobals.1)
    rect_bus_fault_cnt                       0x20000069   Data           1  control.o(.bss..L_MergedGlobals.1)
    rect_boost_ocp_cnt                       0x2000006a   Data           1  control.o(.bss..L_MergedGlobals.1)
    rect_conv_ocp_cnt                        0x2000006b   Data           1  control.o(.bss..L_MergedGlobals.1)
    offgrid_fatal_fault_cnt                  0x2000006c   Data           1  control.o(.bss..L_MergedGlobals.1)
    offgrid_ov_fault_cnt                     0x2000006d   Data           1  control.o(.bss..L_MergedGlobals.1)
    offgrid_ocp_fault_cnt                    0x2000006e   Data           1  control.o(.bss..L_MergedGlobals.1)
    g_ongrid_state                           0x2000006f   Data           1  control.o(.bss..L_MergedGlobals.1)
    g_ongrid_relay_triggered                 0x20000070   Data           1  control.o(.bss..L_MergedGlobals.1)
    g_ongrid_boost_en                        0x20000071   Data           1  control.o(.bss..L_MergedGlobals.1)
    g_ongrid_inverter_en                     0x20000072   Data           1  control.o(.bss..L_MergedGlobals.1)
    g_window_filled_flag                     0x20000073   Data           1  control.o(.bss..L_MergedGlobals.1)
    preboost_fatal_cnt                       0x20000074   Data           1  control.o(.bss..L_MergedGlobals.1)
    preboost_ocp_cnt                         0x20000075   Data           1  control.o(.bss..L_MergedGlobals.1)
    ongrid_fatal_fault_cnt                   0x20000076   Data           1  control.o(.bss..L_MergedGlobals.1)
    ongrid_ov_fault_cnt                      0x20000077   Data           1  control.o(.bss..L_MergedGlobals.1)
    ongrid_uv_fault_cnt                      0x20000078   Data           1  control.o(.bss..L_MergedGlobals.1)
    ongrid_ocp_fault_cnt                     0x20000079   Data           1  control.o(.bss..L_MergedGlobals.1)
    ongrid_pll_fault_cnt                     0x2000007a   Data           1  control.o(.bss..L_MergedGlobals.1)
    buck_test_calc_enable                    0x2000007b   Data           1  control.o(.bss..L_MergedGlobals.1)
    bt_bus_ov_cnt                            0x2000007c   Data           1  control.o(.bss..L_MergedGlobals.1)
    bt_bus_uv_cnt                            0x2000007d   Data           1  control.o(.bss..L_MergedGlobals.1)
    bt_ocp_cnt                               0x2000007e   Data           1  control.o(.bss..L_MergedGlobals.1)
    boost_test_calc_enable                   0x2000007f   Data           1  control.o(.bss..L_MergedGlobals.1)
    sogi_test_calc_enable                    0x20000080   Data           1  control.o(.bss..L_MergedGlobals.1)
    g_buck_rms_fault_cnt                     0x20000086   Data           2  control.o(.bss..L_MergedGlobals.1)
    g_i_conv_sample_cnt                      0x20000088   Data           2  control.o(.bss..L_MergedGlobals.1)
    g_vdc_window_idx                         0x2000008a   Data           2  control.o(.bss..L_MergedGlobals.1)
    g_fault_mask_cnt                         0x20000098   Data           4  control.o(.bss..L_MergedGlobals.1)
    g_precharge_counter                      0x2000009c   Data           4  control.o(.bss..L_MergedGlobals.1)
    g_zero_detect_timer                      0x200000a0   Data           4  control.o(.bss..L_MergedGlobals.1)
    g_i_conv_sq_sum                          0x200000a4   Data           4  control.o(.bss..L_MergedGlobals.1)
    g_i_conv_rms                             0x200000a8   Data           4  control.o(.bss..L_MergedGlobals.1)
    g_offgrid_soft_start_cnt                 0x200000ac   Data           4  control.o(.bss..L_MergedGlobals.1)
    g_ongrid_soft_start_cnt                  0x200000b0   Data           4  control.o(.bss..L_MergedGlobals.1)
    modulation                               0x200000b4   Data           4  control.o(.bss..L_MergedGlobals.1)
    ff_out_prop                              0x200000b8   Data           4  control.o(.bss..L_MergedGlobals.1)
    ff_out_damp                              0x200000bc   Data           4  control.o(.bss..L_MergedGlobals.1)
    ff_out_2nd                               0x200000c0   Data           4  control.o(.bss..L_MergedGlobals.1)
    g_vdc_running_sum                        0x200000c4   Data           4  control.o(.bss..L_MergedGlobals.1)
    V_VAC_Grid                               0x200000cc   Data           4  control.o(.bss..L_MergedGlobals.1)
    V_VDC_Bus                                0x200000d0   Data           4  control.o(.bss..L_MergedGlobals.1)
    V_I_DCDC                                 0x200000d4   Data           4  control.o(.bss..L_MergedGlobals.2)
    V_I_ConvSide                             0x200000d8   Data           4  control.o(.bss..L_MergedGlobals.2)
    V_I_GridSide                             0x200000dc   Data           4  control.o(.bss..L_MergedGlobals.2)
    V_V_OffGrid                              0x200000e0   Data           4  control.o(.bss..L_MergedGlobals.2)
    V_I_Cap                                  0x200000e4   Data           4  control.o(.bss..L_MergedGlobals.2)
    ff_prop                                  0x200000ec   Data           8  control.o(.bss..L_MergedGlobals.2)
    ADC_Sample                               0x200000f4   Data          14  control.o(.bss..L_MergedGlobals.2)
    g_zcd_state                              0x20000104   Data          16  control.o(.bss..L_MergedGlobals.2)
    pi_buck_test                             0x20000114   Data          32  control.o(.bss..L_MergedGlobals.2)
    pi_bt_v                                  0x20000134   Data          32  control.o(.bss..L_MergedGlobals.3)
    pi_bt_i                                  0x20000154   Data          32  control.o(.bss..L_MergedGlobals.3)
    pi_vdc                                   0x20000174   Data          32  control.o(.bss..L_MergedGlobals.3)
    pi_buck                                  0x20000194   Data          32  control.o(.bss..L_MergedGlobals.4)
    pi_offgrid_v                             0x200001b4   Data          32  control.o(.bss..L_MergedGlobals.4)
    pi_offgrid_i                             0x200001d4   Data          32  control.o(.bss..L_MergedGlobals.4)
    pi_boost_v                               0x200001f4   Data          32  control.o(.bss..L_MergedGlobals.5)
    pi_boost_i                               0x20000214   Data          32  control.o(.bss..L_MergedGlobals.5)
    pi_boost_v_ongrid                        0x20000234   Data          32  control.o(.bss..L_MergedGlobals.5)
    pi_boost_i_ongrid                        0x20000254   Data          32  control.o(.bss..L_MergedGlobals.6)
    ff_damp                                  0x20000274   Data          36  control.o(.bss..L_MergedGlobals.6)
    g_rect_zcd                               0x20000298   Data          40  control.o(.bss..L_MergedGlobals.6)
    g_pll                                    0x200002c0   Data          44  control.o(.bss..L_MergedGlobals.7)
    pr_ongrid_i                              0x200002ec   Data          64  control.o(.bss..L_MergedGlobals.7)
    OLED_GRAM                                0x2000032c   Data        1152  oled.o(.bss.OLED_GRAM)
    fault_locked                             0x200007ac   Data           1  main.o(.bss.fault_locked)
    ff_2nd                                   0x200007b0   Data          68  control.o(.bss.ff_2nd)
    g_cascade_notch                          0x200028c4   Data          84  control.o(.bss.g_cascade_notch)
    g_sogi                                   0x20002918   Data          68  control.o(.bss.g_sogi)
    hadc1                                    0x2000295c   Data         108  adc.o(.bss.hadc1)
    hdma_adc1                                0x200029c8   Data          96  adc.o(.bss.hdma_adc1)
    hdma_usart3_tx                           0x20002a28   Data          96  usart.o(.bss.hdma_usart3_tx)
    htim1                                    0x20002a88   Data          76  tim.o(.bss.htim1)
    huart3                                   0x20002ad4   Data         148  usart.o(.bss.huart3)
    pll_enable                               0x20002b68   Data           1  main.o(.bss.pll_enable)
    qpr_i                                    0x20002b6c   Data         160  control.o(.bss.qpr_i)
    rc_offgrid_v                             0x20002c0c   Data        1616  control.o(.bss.rc_offgrid_v)
    relay_state                              0x2000325c   Data           1  main.o(.bss.relay_state)
    uwTick                                   0x20003260   Data           4  stm32g4xx_hal.o(.bss.uwTick)
    __initial_sp                             0x20003668   Data           0  startup_stm32g474xx.o(STACK)



==============================================================================

Memory Map of the image

  Image Entry point : 0x080001d9

  Load Region LR_IROM1 (Base: 0x08000000, Size: 0x0000b338, Max: 0x00020000, ABSOLUTE)

    Execution Region ER_IROM1 (Exec base: 0x08000000, Load base: 0x08000000, Size: 0x0000b2e4, Max: 0x00020000, ABSOLUTE)

    Exec Addr    Load Addr    Size         Type   Attr      Idx    E Section Name        Object

    0x08000000   0x08000000   0x000001d8   Data   RO            3    RESET               startup_stm32g474xx.o
    0x080001d8   0x080001d8   0x00000000   Code   RO         1792  * .ARM.Collect$$$$00000000  mc_w.l(entry.o)
    0x080001d8   0x080001d8   0x00000004   Code   RO         2062    .ARM.Collect$$$$00000001  mc_w.l(entry2.o)
    0x080001dc   0x080001dc   0x00000004   Code   RO         2065    .ARM.Collect$$$$00000004  mc_w.l(entry5.o)
    0x080001e0   0x080001e0   0x00000000   Code   RO         2067    .ARM.Collect$$$$00000008  mc_w.l(entry7b.o)
    0x080001e0   0x080001e0   0x00000000   Code   RO         2069    .ARM.Collect$$$$0000000A  mc_w.l(entry8b.o)
    0x080001e0   0x080001e0   0x00000008   Code   RO         2070    .ARM.Collect$$$$0000000B  mc_w.l(entry9a.o)
    0x080001e8   0x080001e8   0x00000000   Code   RO         2072    .ARM.Collect$$$$0000000D  mc_w.l(entry10a.o)
    0x080001e8   0x080001e8   0x00000000   Code   RO         2074    .ARM.Collect$$$$0000000F  mc_w.l(entry11a.o)
    0x080001e8   0x080001e8   0x00000004   Code   RO         2063    .ARM.Collect$$$$00002712  mc_w.l(entry2.o)
    0x080001ec   0x080001ec   0x00000024   Code   RO            4    .text               startup_stm32g474xx.o
    0x08000210   0x08000210   0x00000062   Code   RO         1795    .text               mc_w.l(uldiv.o)
    0x08000272   0x08000272   0x00000024   Code   RO         1797    .text               mc_w.l(memseta.o)
    0x08000296   0x08000296   0x00000026   Code   RO         2060    .text               mf_w.l(f2d.o)
    0x080002bc   0x080002bc   0x0000002c   Code   RO         2086    .text               mc_w.l(uidiv.o)
    0x080002e8   0x080002e8   0x0000001e   Code   RO         2088    .text               mc_w.l(llshl.o)
    0x08000306   0x08000306   0x00000020   Code   RO         2090    .text               mc_w.l(llushr.o)
    0x08000326   0x08000326   0x00000000   Code   RO         2092    .text               mc_w.l(iusefp.o)
    0x08000326   0x08000326   0x0000014e   Code   RO         2093    .text               mf_w.l(dadd.o)
    0x08000474   0x08000474   0x000000e4   Code   RO         2095    .text               mf_w.l(dmul.o)
    0x08000558   0x08000558   0x000000de   Code   RO         2097    .text               mf_w.l(ddiv.o)
    0x08000636   0x08000636   0x00000030   Code   RO         2099    .text               mf_w.l(dfixul.o)
    0x08000666   0x08000666   0x00000002   PAD
    0x08000668   0x08000668   0x00000030   Code   RO         2101    .text               mf_w.l(cdrcmple.o)
    0x08000698   0x08000698   0x00000030   Code   RO         2103    .text               mc_w.l(init.o)
    0x080006c8   0x080006c8   0x00000024   Code   RO         2105    .text               mc_w.l(llsshr.o)
    0x080006ec   0x080006ec   0x000000ba   Code   RO         2107    .text               mf_w.l(depilogue.o)
    0x080007a6   0x080007a6   0x00000002   PAD
    0x080007a8   0x080007a8   0x00000062   Code   RO          169    .text.ADC_DMAConvCplt  stm32g4xx_hal_adc.o
    0x0800080a   0x0800080a   0x00000002   PAD
    0x0800080c   0x0800080c   0x00000016   Code   RO          173    .text.ADC_DMAError  stm32g4xx_hal_adc.o
    0x08000822   0x08000822   0x00000002   PAD
    0x08000824   0x08000824   0x00000006   Code   RO          171    .text.ADC_DMAHalfConvCplt  stm32g4xx_hal_adc.o
    0x0800082a   0x0800082a   0x00000002   PAD
    0x0800082c   0x0800082c   0x0000007c   Code   RO          149    .text.ADC_Disable   stm32g4xx_hal_adc.o
    0x080008a8   0x080008a8   0x0000010e   Code   RO          155    .text.ADC_Enable    stm32g4xx_hal_adc.o
    0x080009b6   0x080009b6   0x00000002   PAD
    0x080009b8   0x080009b8   0x00000002   Code   RO          108    .text.BusFault_Handler  stm32g4xx_it.o
    0x080009ba   0x080009ba   0x00000002   PAD
    0x080009bc   0x080009bc   0x00000078   Code   RO         1528    .text.CascadeNotch_Init  calculate.o
    0x08000a34   0x08000a34   0x00000010   Code   RO         1530    .text.CascadeNotch_Reset  calculate.o
    0x08000a44   0x08000a44   0x000000da   Code   RO         1532    .text.CascadeNotch_Update  calculate.o
    0x08000b1e   0x08000b1e   0x00000002   PAD
    0x08000b20   0x08000b20   0x000000a6   Code   RO         1437    .text.Controller_BoostTest_Init_All  control.o
    0x08000bc6   0x08000bc6   0x00000002   PAD
    0x08000bc8   0x08000bc8   0x00000044   Code   RO         1421    .text.Controller_BoostTest_Reset_All  control.o
    0x08000c0c   0x08000c0c   0x00000062   Code   RO         1435    .text.Controller_BuckTest_Init_All  control.o
    0x08000c6e   0x08000c6e   0x00000002   PAD
    0x08000c70   0x08000c70   0x00000038   Code   RO         1419    .text.Controller_BuckTest_Reset_All  control.o
    0x08000ca8   0x08000ca8   0x00000102   Code   RO         1427    .text.Controller_Offgrid_Init_All  control.o
    0x08000daa   0x08000daa   0x00000002   PAD
    0x08000dac   0x08000dac   0x0000005e   Code   RO         1429    .text.Controller_Offgrid_Reset_All  control.o
    0x08000e0a   0x08000e0a   0x00000002   PAD
    0x08000e0c   0x08000e0c   0x000000f0   Code   RO         1431    .text.Controller_Ongrid_Init_All  control.o
    0x08000efc   0x08000efc   0x000000a4   Code   RO         1433    .text.Controller_Ongrid_Reset_All  control.o
    0x08000fa0   0x08000fa0   0x000000c0   Code   RO         1425    .text.Controller_Rect_Init_All  control.o
    0x08001060   0x08001060   0x00000098   Code   RO         1423    .text.Controller_Rect_Reset_All  control.o
    0x080010f8   0x080010f8   0x00000036   Code   RO         1439    .text.Controller_SOGITest_Init_All  control.o
    0x0800112e   0x0800112e   0x00000002   PAD
    0x08001130   0x08001130   0x00000038   Code   RO         1441    .text.Controller_SOGITest_Reset_All  control.o
    0x08001168   0x08001168   0x0000000c   Code   RO          120    .text.DMA1_Channel1_IRQHandler  stm32g4xx_it.o
    0x08001174   0x08001174   0x0000000c   Code   RO          122    .text.DMA1_Channel2_IRQHandler  stm32g4xx_it.o
    0x08001180   0x08001180   0x00000002   Code   RO          114    .text.DebugMon_Handler  stm32g4xx_it.o
    0x08001182   0x08001182   0x00000002   PAD
    0x08001184   0x08001184   0x0000000a   Code   RO           19    .text.Error_Handler  main.o
    0x0800118e   0x0800118e   0x00000002   PAD
    0x08001190   0x08001190   0x0000004c   Code   RO         1498    .text.FF_ActiveDamping_Init  calculate.o
    0x080011dc   0x080011dc   0x00000008   Code   RO         1500    .text.FF_ActiveDamping_Reset  calculate.o
    0x080011e4   0x080011e4   0x0000005a   Code   RO         1502    .text.FF_ActiveDamping_Update  calculate.o
    0x0800123e   0x0800123e   0x00000002   PAD
    0x08001240   0x08001240   0x00000014   Code   RO         1492    .text.FF_Proportional_Init  calculate.o
    0x08001254   0x08001254   0x00000002   Code   RO         1496    .text.FF_Proportional_Reset  calculate.o
    0x08001256   0x08001256   0x00000002   PAD
    0x08001258   0x08001258   0x0000000a   Code   RO         1494    .text.FF_Proportional_Update  calculate.o
    0x08001262   0x08001262   0x00000002   PAD
    0x08001264   0x08001264   0x00000086   Code   RO         1504    .text.FF_SecondOrder_Init  calculate.o
    0x080012ea   0x080012ea   0x00000002   PAD
    0x080012ec   0x080012ec   0x0000000c   Code   RO         1506    .text.FF_SecondOrder_Reset  calculate.o
    0x080012f8   0x080012f8   0x00000066   Code   RO         1508    .text.FF_SecondOrder_Update  calculate.o
    0x0800135e   0x0800135e   0x00000002   PAD
    0x08001360   0x08001360   0x00000142   Code   RO           13    .text.Fault_Recovery_Process  main.o
    0x080014a2   0x080014a2   0x00000002   PAD
    0x080014a4   0x080014a4   0x0000002c   Code   RO         1570    .text.GridTie_Boost_Start  calculate.o
    0x080014d0   0x080014d0   0x00000034   Code   RO         1572    .text.GridTie_Inverter_Start  calculate.o
    0x08001504   0x08001504   0x000000d4   Code   RO          209    .text.HAL_ADCEx_Calibration_Start  stm32g4xx_hal_adc_ex.o
    0x080015d8   0x080015d8   0x00000134   Code   RO          253    .text.HAL_ADCEx_MultiModeConfigChannel  stm32g4xx_hal_adc_ex.o
    0x0800170c   0x0800170c   0x000003f4   Code   RO          193    .text.HAL_ADC_ConfigChannel  stm32g4xx_hal_adc.o
    0x08001b00   0x08001b00   0x000012ac   Code   RO         1417    .text.HAL_ADC_ConvCpltCallback  control.o
    0x08002dac   0x08002dac   0x00000002   Code   RO          191    .text.HAL_ADC_ConvHalfCpltCallback  stm32g4xx_hal_adc.o
    0x08002dae   0x08002dae   0x00000002   PAD
    0x08002db0   0x08002db0   0x00000002   Code   RO          189    .text.HAL_ADC_ErrorCallback  stm32g4xx_hal_adc.o
    0x08002db2   0x08002db2   0x00000002   PAD
    0x08002db4   0x08002db4   0x00000256   Code   RO          141    .text.HAL_ADC_Init  stm32g4xx_hal_adc.o
    0x0800300a   0x0800300a   0x00000002   PAD
    0x0800300c   0x0800300c   0x000000f8   Code   RO           46    .text.HAL_ADC_MspInit  adc.o
    0x08003104   0x08003104   0x0000012a   Code   RO          167    .text.HAL_ADC_Start_DMA  stm32g4xx_hal_adc.o
    0x0800322e   0x0800322e   0x00000002   PAD
    0x08003230   0x08003230   0x000000aa   Code   RO          579    .text.HAL_DMA_IRQHandler  stm32g4xx_hal_dma.o
    0x080032da   0x080032da   0x00000002   PAD
    0x080032dc   0x080032dc   0x00000124   Code   RO          565    .text.HAL_DMA_Init  stm32g4xx_hal_dma.o
    0x08003400   0x08003400   0x000000e8   Code   RO          571    .text.HAL_DMA_Start_IT  stm32g4xx_hal_dma.o
    0x080034e8   0x080034e8   0x00000028   Code   RO          292    .text.HAL_Delay     stm32g4xx_hal.o
    0x08003510   0x08003510   0x000001de   Code   RO          515    .text.HAL_GPIO_Init  stm32g4xx_hal_gpio.o
    0x080036ee   0x080036ee   0x00000002   PAD
    0x080036f0   0x080036f0   0x0000000a   Code   RO          519    .text.HAL_GPIO_ReadPin  stm32g4xx_hal_gpio.o
    0x080036fa   0x080036fa   0x00000002   PAD
    0x080036fc   0x080036fc   0x00000010   Code   RO          523    .text.HAL_GPIO_TogglePin  stm32g4xx_hal_gpio.o
    0x0800370c   0x0800370c   0x0000000c   Code   RO          521    .text.HAL_GPIO_WritePin  stm32g4xx_hal_gpio.o
    0x08003718   0x08003718   0x0000000c   Code   RO          284    .text.HAL_GetTick   stm32g4xx_hal.o
    0x08003724   0x08003724   0x0000001a   Code   RO          282    .text.HAL_IncTick   stm32g4xx_hal.o
    0x0800373e   0x0800373e   0x00000002   PAD
    0x08003740   0x08003740   0x0000002e   Code   RO          272    .text.HAL_Init      stm32g4xx_hal.o
    0x0800376e   0x0800376e   0x00000002   PAD
    0x08003770   0x08003770   0x00000050   Code   RO          274    .text.HAL_InitTick  stm32g4xx_hal.o
    0x080037c0   0x080037c0   0x00000034   Code   RO          133    .text.HAL_MspInit   stm32g4xx_hal_msp.o
    0x080037f4   0x080037f4   0x00000022   Code   RO          741    .text.HAL_NVIC_EnableIRQ  stm32g4xx_hal_cortex.o
    0x08003816   0x08003816   0x00000002   PAD
    0x08003818   0x08003818   0x00000056   Code   RO          739    .text.HAL_NVIC_SetPriority  stm32g4xx_hal_cortex.o
    0x0800386e   0x0800386e   0x00000002   PAD
    0x08003870   0x08003870   0x00000020   Code   RO          737    .text.HAL_NVIC_SetPriorityGrouping  stm32g4xx_hal_cortex.o
    0x08003890   0x08003890   0x0000010e   Code   RO          657    .text.HAL_PWREx_ControlVoltageScaling  stm32g4xx_hal_pwr_ex.o
    0x0800399e   0x0800399e   0x00000002   PAD
    0x080039a0   0x080039a0   0x00000012   Code   RO          727    .text.HAL_PWREx_DisableUCPDDeadBattery  stm32g4xx_hal_pwr_ex.o
    0x080039b2   0x080039b2   0x00000002   PAD
    0x080039b4   0x080039b4   0x000002d6   Code   RO          396    .text.HAL_RCCEx_PeriphCLKConfig  stm32g4xx_hal_rcc_ex.o
    0x08003c8a   0x08003c8a   0x00000002   PAD
    0x08003c8c   0x08003c8c   0x00000304   Code   RO          362    .text.HAL_RCC_ClockConfig  stm32g4xx_hal_rcc.o
    0x08003f90   0x08003f90   0x0000002a   Code   RO          370    .text.HAL_RCC_GetPCLK1Freq  stm32g4xx_hal_rcc.o
    0x08003fba   0x08003fba   0x00000002   PAD
    0x08003fbc   0x08003fbc   0x0000002a   Code   RO          372    .text.HAL_RCC_GetPCLK2Freq  stm32g4xx_hal_rcc.o
    0x08003fe6   0x08003fe6   0x00000002   PAD
    0x08003fe8   0x08003fe8   0x00000082   Code   RO          364    .text.HAL_RCC_GetSysClockFreq  stm32g4xx_hal_rcc.o
    0x0800406a   0x0800406a   0x00000002   PAD
    0x0800406c   0x0800406c   0x000004ce   Code   RO          360    .text.HAL_RCC_OscConfig  stm32g4xx_hal_rcc.o
    0x0800453a   0x0800453a   0x00000002   PAD
    0x0800453c   0x0800453c   0x0000002c   Code   RO          749    .text.HAL_SYSTICK_Config  stm32g4xx_hal_cortex.o
    0x08004568   0x08004568   0x00000002   Code   RO         1138    .text.HAL_TIMEx_Break2Callback  stm32g4xx_hal_tim_ex.o
    0x0800456a   0x0800456a   0x00000002   PAD
    0x0800456c   0x0800456c   0x00000002   Code   RO         1136    .text.HAL_TIMEx_BreakCallback  stm32g4xx_hal_tim_ex.o
    0x0800456e   0x0800456e   0x00000002   PAD
    0x08004570   0x08004570   0x00000002   Code   RO         1132    .text.HAL_TIMEx_CommutCallback  stm32g4xx_hal_tim_ex.o
    0x08004572   0x08004572   0x00000002   PAD
    0x08004574   0x08004574   0x000000d4   Code   RO         1084    .text.HAL_TIMEx_ConfigBreakDeadTime  stm32g4xx_hal_tim_ex.o
    0x08004648   0x08004648   0x00000002   Code   RO         1142    .text.HAL_TIMEx_DirectionChangeCallback  stm32g4xx_hal_tim_ex.o
    0x0800464a   0x0800464a   0x00000002   PAD
    0x0800464c   0x0800464c   0x00000002   Code   RO         1140    .text.HAL_TIMEx_EncoderIndexCallback  stm32g4xx_hal_tim_ex.o
    0x0800464e   0x0800464e   0x00000002   PAD
    0x08004650   0x08004650   0x00000002   Code   RO         1144    .text.HAL_TIMEx_IndexErrorCallback  stm32g4xx_hal_tim_ex.o
    0x08004652   0x08004652   0x00000002   PAD
    0x08004654   0x08004654   0x000000de   Code   RO         1082    .text.HAL_TIMEx_MasterConfigSynchronization  stm32g4xx_hal_tim_ex.o
    0x08004732   0x08004732   0x00000002   PAD
    0x08004734   0x08004734   0x00000002   Code   RO         1146    .text.HAL_TIMEx_TransitionErrorCallback  stm32g4xx_hal_tim_ex.o
    0x08004736   0x08004736   0x00000002   PAD
    0x08004738   0x08004738   0x00000062   Code   RO          787    .text.HAL_TIM_Base_Init  stm32g4xx_hal_tim.o
    0x0800479a   0x0800479a   0x00000002   PAD
    0x0800479c   0x0800479c   0x00000044   Code   RO           73    .text.HAL_TIM_Base_MspInit  tim.o
    0x080047e0   0x080047e0   0x000000b2   Code   RO          797    .text.HAL_TIM_Base_Start  stm32g4xx_hal_tim.o
    0x08004892   0x08004892   0x00000002   PAD
    0x08004894   0x08004894   0x00000260   Code   RO          967    .text.HAL_TIM_ConfigClockSource  stm32g4xx_hal_tim.o
    0x08004af4   0x08004af4   0x00000002   Code   RO          923    .text.HAL_TIM_IC_CaptureCallback  stm32g4xx_hal_tim.o
    0x08004af6   0x08004af6   0x00000002   PAD
    0x08004af8   0x08004af8   0x000001cc   Code   RO          921    .text.HAL_TIM_IRQHandler  stm32g4xx_hal_tim.o
    0x08004cc4   0x08004cc4   0x000000de   Code   RO           71    .text.HAL_TIM_MspPostInit  tim.o
    0x08004da2   0x08004da2   0x00000002   PAD
    0x08004da4   0x08004da4   0x00000002   Code   RO          925    .text.HAL_TIM_OC_DelayElapsedCallback  stm32g4xx_hal_tim.o
    0x08004da6   0x08004da6   0x00000002   PAD
    0x08004da8   0x08004da8   0x00000410   Code   RO          941    .text.HAL_TIM_PWM_ConfigChannel  stm32g4xx_hal_tim.o
    0x080051b8   0x080051b8   0x00000062   Code   RO          841    .text.HAL_TIM_PWM_Init  stm32g4xx_hal_tim.o
    0x0800521a   0x0800521a   0x00000002   PAD
    0x0800521c   0x0800521c   0x00000002   Code   RO          843    .text.HAL_TIM_PWM_MspInit  stm32g4xx_hal_tim.o
    0x0800521e   0x0800521e   0x00000002   PAD
    0x08005220   0x08005220   0x00000002   Code   RO          927    .text.HAL_TIM_PWM_PulseFinishedCallback  stm32g4xx_hal_tim.o
    0x08005222   0x08005222   0x00000002   PAD
    0x08005224   0x08005224   0x00000002   Code   RO          929    .text.HAL_TIM_PeriodElapsedCallback  stm32g4xx_hal_tim.o
    0x08005226   0x08005226   0x00000002   PAD
    0x08005228   0x08005228   0x00000002   Code   RO          931    .text.HAL_TIM_TriggerCallback  stm32g4xx_hal_tim.o
    0x0800522a   0x0800522a   0x00000002   PAD
    0x0800522c   0x0800522c   0x00000036   Code   RO         1323    .text.HAL_UARTEx_DisableFifoMode  stm32g4xx_hal_uart_ex.o
    0x08005262   0x08005262   0x00000002   PAD
    0x08005264   0x08005264   0x0000008c   Code   RO         1327    .text.HAL_UARTEx_SetRxFifoThreshold  stm32g4xx_hal_uart_ex.o
    0x080052f0   0x080052f0   0x0000008c   Code   RO         1325    .text.HAL_UARTEx_SetTxFifoThreshold  stm32g4xx_hal_uart_ex.o
    0x0800537c   0x0800537c   0x00000002   Code   RO         1249    .text.HAL_UART_ErrorCallback  stm32g4xx_hal_uart.o
    0x0800537e   0x0800537e   0x00000002   PAD
    0x08005380   0x08005380   0x00000064   Code   RO         1161    .text.HAL_UART_Init  stm32g4xx_hal_uart.o
    0x080053e4   0x080053e4   0x000000f4   Code   RO           88    .text.HAL_UART_MspInit  usart.o
    0x080054d8   0x080054d8   0x000000e8   Code   RO         1201    .text.HAL_UART_Transmit_DMA  stm32g4xx_hal_uart.o
    0x080055c0   0x080055c0   0x00000002   Code   RO         1253    .text.HAL_UART_TxCpltCallback  stm32g4xx_hal_uart.o
    0x080055c2   0x080055c2   0x00000002   PAD
    0x080055c4   0x080055c4   0x00000002   Code   RO         1255    .text.HAL_UART_TxHalfCpltCallback  stm32g4xx_hal_uart.o
    0x080055c6   0x080055c6   0x00000002   PAD
    0x080055c8   0x080055c8   0x00000002   Code   RO          104    .text.HardFault_Handler  stm32g4xx_it.o
    0x080055ca   0x080055ca   0x00000002   PAD
    0x080055cc   0x080055cc   0x00000258   Code   RO         1600    .text.Key_Function_Handle  key.o
    0x08005824   0x08005824   0x00000010   Code   RO         1592    .text.Key_GetAndClear  key.o
    0x08005834   0x08005834   0x00000080   Code   RO         1590    .text.Key_Scan      key.o
    0x080058b4   0x080058b4   0x0000018e   Code   RO           44    .text.MX_ADC1_Init  adc.o
    0x08005a42   0x08005a42   0x00000002   PAD
    0x08005a44   0x08005a44   0x00000056   Code   RO           60    .text.MX_DMA_Init   dma.o
    0x08005a9a   0x08005a9a   0x00000002   PAD
    0x08005a9c   0x08005a9c   0x00000114   Code   RO           35    .text.MX_GPIO_Init  gpio.o
    0x08005bb0   0x08005bb0   0x0000015e   Code   RO           69    .text.MX_TIM1_Init  tim.o
    0x08005d0e   0x08005d0e   0x00000002   PAD
    0x08005d10   0x08005d10   0x00000086   Code   RO           86    .text.MX_USART3_UART_Init  usart.o
    0x08005d96   0x08005d96   0x00000002   PAD
    0x08005d98   0x08005d98   0x00000002   Code   RO          106    .text.MemManage_Handler  stm32g4xx_it.o
    0x08005d9a   0x08005d9a   0x00000002   PAD
    0x08005d9c   0x08005d9c   0x000000d2   Code   RO         1596    .text.Mode_Switch_Handle  key.o
    0x08005e6e   0x08005e6e   0x00000002   PAD
    0x08005e70   0x08005e70   0x00000002   Code   RO          102    .text.NMI_Handler   stm32g4xx_it.o
    0x08005e72   0x08005e72   0x00000002   PAD
    0x08005e74   0x08005e74   0x0000048e   Code   RO         1383    .text.OLED_Clear    oled.o
    0x08006302   0x08006302   0x00000002   PAD
    0x08006304   0x08006304   0x00000550   Code   RO         1403    .text.OLED_Init     oled.o
    0x08006854   0x08006854   0x00000124   Code   RO         1381    .text.OLED_Refresh  oled.o
    0x08006978   0x08006978   0x00000532   Code   RO         1391    .text.OLED_ShowChar  oled.o
    0x08006eaa   0x08006eaa   0x00000002   PAD
    0x08006eac   0x08006eac   0x00000054   Code   RO         1393    .text.OLED_ShowString  oled.o
    0x08006f00   0x08006f00   0x00000344   Code   RO           11    .text.OLED_Status_Update  main.o
    0x08007244   0x08007244   0x000000ec   Code   RO         1363    .text.OLED_WR_Byte  oled.o
    0x08007330   0x08007330   0x00000008   Code   RO         1552    .text.PI_Reset      calculate.o
    0x08007338   0x08007338   0x000000ec   Code   RO         1550    .text.PI_Update     calculate.o
    0x08007424   0x08007424   0x00000086   Code   RO         1510    .text.PR_Inverter_Init  calculate.o
    0x080074aa   0x080074aa   0x00000002   PAD
    0x080074ac   0x080074ac   0x00000012   Code   RO         1512    .text.PR_Inverter_Reset  calculate.o
    0x080074be   0x080074be   0x00000002   PAD
    0x080074c0   0x080074c0   0x000000e0   Code   RO         1514    .text.PR_Inverter_Update  calculate.o
    0x080075a0   0x080075a0   0x00000002   Code   RO          116    .text.PendSV_Handler  stm32g4xx_it.o
    0x080075a2   0x080075a2   0x00000002   PAD
    0x080075a4   0x080075a4   0x000000ca   Code   RO         1518    .text.QPR_Rect_Init  calculate.o
    0x0800766e   0x0800766e   0x00000002   PAD
    0x08007670   0x08007670   0x0000000c   Code   RO         1516    .text.QPR_Rect_Reset  calculate.o
    0x0800767c   0x0800767c   0x000001a0   Code   RO         1520    .text.QPR_Rect_Update  calculate.o
    0x0800781c   0x0800781c   0x0000001e   Code   RO         1554    .text.RC_Init       calculate.o
    0x0800783a   0x0800783a   0x00000002   PAD
    0x0800783c   0x0800783c   0x00000012   Code   RO         1556    .text.RC_Reset      calculate.o
    0x0800784e   0x0800784e   0x00000002   PAD
    0x08007850   0x08007850   0x00000170   Code   RO         1558    .text.RC_Update     calculate.o
    0x080079c0   0x080079c0   0x00000026   Code   RO         1560    .text.Rect_Lock_ZCD_Init  calculate.o
    0x080079e6   0x080079e6   0x00000002   PAD
    0x080079e8   0x080079e8   0x00000016   Code   RO         1562    .text.Rect_Lock_ZCD_Reset  calculate.o
    0x080079fe   0x080079fe   0x00000002   PAD
    0x08007a00   0x08007a00   0x00000134   Code   RO         1564    .text.Rect_Lock_ZCD_Update  calculate.o
    0x08007b34   0x08007b34   0x0000006c   Code   RO         1534    .text.SOGI_FLL_Init  calculate.o
    0x08007ba0   0x08007ba0   0x0000001e   Code   RO         1538    .text.SOGI_FLL_Reset  calculate.o
    0x08007bbe   0x08007bbe   0x00000002   PAD
    0x08007bc0   0x08007bc0   0x00000188   Code   RO         1540    .text.SOGI_FLL_Update_Optimized  calculate.o
    0x08007d48   0x08007d48   0x0000004c   Code   RO         1574    .text.SPWM_SinglePolarity_CCR  calculate.o
    0x08007d94   0x08007d94   0x00000040   Code   RO         1542    .text.SRF_PLL_Init  calculate.o
    0x08007dd4   0x08007dd4   0x00000014   Code   RO         1546    .text.SRF_PLL_Reset  calculate.o
    0x08007de8   0x08007de8   0x000000fc   Code   RO         1544    .text.SRF_PLL_Update  calculate.o
    0x08007ee4   0x08007ee4   0x00000002   Code   RO          112    .text.SVC_Handler   stm32g4xx_it.o
    0x08007ee6   0x08007ee6   0x00000002   PAD
    0x08007ee8   0x08007ee8   0x000000b4   Code   RO         1598    .text.Safe_Stop_Current_Mode  key.o
    0x08007f9c   0x08007f9c   0x0000013e   Code   RO         1375    .text.Send_Byte     oled.o
    0x080080da   0x080080da   0x00000002   PAD
    0x080080dc   0x080080dc   0x00000004   Code   RO          118    .text.SysTick_Handler  stm32g4xx_it.o
    0x080080e0   0x080080e0   0x00000012   Code   RO         1346    .text.SystemInit    system_stm32g4xx.o
    0x080080f2   0x080080f2   0x00000002   PAD
    0x080080f4   0x080080f4   0x0000000c   Code   RO          124    .text.TIM1_UP_TIM16_IRQHandler  stm32g4xx_it.o
    0x08008100   0x08008100   0x00000148   Code   RO          791    .text.TIM_Base_SetConfig  stm32g4xx_hal_tim.o
    0x08008248   0x08008248   0x000000e6   Code   RO         1165    .text.UART_AdvFeatureConfig  stm32g4xx_hal_uart.o
    0x0800832e   0x0800832e   0x00000002   PAD
    0x08008330   0x08008330   0x0000016a   Code   RO         1169    .text.UART_CheckIdleState  stm32g4xx_hal_uart.o
    0x0800849a   0x0800849a   0x00000002   PAD
    0x0800849c   0x0800849c   0x000001ce   Code   RO         1207    .text.UART_DMAError  stm32g4xx_hal_uart.o
    0x0800866a   0x0800866a   0x00000002   PAD
    0x0800866c   0x0800866c   0x000000b0   Code   RO         1203    .text.UART_DMATransmitCplt  stm32g4xx_hal_uart.o
    0x0800871c   0x0800871c   0x00000006   Code   RO         1205    .text.UART_DMATxHalfCplt  stm32g4xx_hal_uart.o
    0x08008722   0x08008722   0x00000002   PAD
    0x08008724   0x08008724   0x000002b4   Code   RO         1167    .text.UART_SetConfig  stm32g4xx_hal_uart.o
    0x080089d8   0x080089d8   0x00000336   Code   RO         1183    .text.UART_WaitOnFlagUntilTimeout  stm32g4xx_hal_uart.o
    0x08008d0e   0x08008d0e   0x00000002   PAD
    0x08008d10   0x08008d10   0x00000002   Code   RO          110    .text.UsageFault_Handler  stm32g4xx_it.o
    0x08008d12   0x08008d12   0x00000002   PAD
    0x08008d14   0x08008d14   0x0000001a   Code   RO         1576    .text.ZCD_StateMachine_Init  calculate.o
    0x08008d2e   0x08008d2e   0x00000002   PAD
    0x08008d30   0x08008d30   0x0000000c   Code   RO         1578    .text.ZCD_StateMachine_Reset  calculate.o
    0x08008d3c   0x08008d3c   0x000000b0   Code   RO         1580    .text.ZCD_StateMachine_Update  calculate.o
    0x08008dec   0x08008dec   0x00000124   Code   RO         1664    .text.arm_sin_cos_f32  arm_cortexM4lf_math.lib(arm_sin_cos_f32.o)
    0x08008f10   0x08008f10   0x000001b8   Code   RO           15    .text.main          main.o
    0x080090c8   0x080090c8   0x0000004c   Code   RO         1566    .text.sys_start     calculate.o
    0x08009114   0x08009114   0x0000005a   Code   RO         1568    .text.sys_stop      calculate.o
    0x0800916e   0x0800916e   0x00000002   PAD
    0x08009170   0x08009170   0x00000028   Code   RO         2034    i.__0sprintf        mc_w.l(printfa.o)
    0x08009198   0x08009198   0x0000000e   Code   RO         2111    i.__scatterload_copy  mc_w.l(handlers.o)
    0x080091a6   0x080091a6   0x00000002   Code   RO         2112    i.__scatterload_null  mc_w.l(handlers.o)
    0x080091a8   0x080091a8   0x0000000e   Code   RO         2113    i.__scatterload_zeroinit  mc_w.l(handlers.o)
    0x080091b6   0x080091b6   0x00000002   PAD
    0x080091b8   0x080091b8   0x00000184   Code   RO         2039    i._fp_digits        mc_w.l(printfa.o)
    0x0800933c   0x0800933c   0x000006dc   Code   RO         2040    i._printf_core      mc_w.l(printfa.o)
    0x08009a18   0x08009a18   0x00000024   Code   RO         2041    i._printf_post_padding  mc_w.l(printfa.o)
    0x08009a3c   0x08009a3c   0x0000002e   Code   RO         2042    i._printf_pre_padding  mc_w.l(printfa.o)
    0x08009a6a   0x08009a6a   0x0000000a   Code   RO         2044    i._sputc            mc_w.l(printfa.o)
    0x08009a74   0x08009a74   0x00000010   Data   RO         1351    .rodata.AHBPrescTable  system_stm32g4xx.o
    0x08009a84   0x08009a84   0x00000008   Data   RO         1352    .rodata.APBPrescTable  system_stm32g4xx.o
    0x08009a8c   0x08009a8c   0x00000018   Data   RO         1295    .rodata.UARTPrescTable  stm32g4xx_hal_uart.o
    0x08009aa4   0x08009aa4   0x00000228   Data   RO         1405    .rodata.asc2_0806   oled.o
    0x08009ccc   0x08009ccc   0x000005f0   Data   RO         1406    .rodata.asc2_1608   oled.o
    0x0800a2bc   0x0800a2bc   0x00000010   Data   RO         1296    .rodata.cst16       stm32g4xx_hal_uart.o
    0x0800a2cc   0x0800a2cc   0x00000010   Data   RO         1337    .rodata.cst8        stm32g4xx_hal_uart_ex.o
    0x0800a2dc   0x0800a2dc   0x00000804   Data   RO         1785    .rodata.sinTable_f32  arm_cortexM4lf_math.lib(arm_common_tables.o)
    0x0800aae0   0x0800aae0   0x00000640   Data   RO         1445    .rodata.sin_wave    control.o
    0x0800b120   0x0800b120   0x000001a1   Data   RO           24    .rodata.str1.1      main.o
    0x0800b2c1   0x0800b2c1   0x00000003   PAD
    0x0800b2c4   0x0800b2c4   0x00000020   Data   RO         2110    Region$$Table       anon$$obj.o


    Execution Region RW_IRAM1 (Exec base: 0x20000000, Load base: 0x0800b2e8, Size: 0x00003668, Max: 0x00020000, ABSOLUTE)

    Exec Addr    Load Addr    Size         Type   Attr      Idx    E Section Name        Object

    0x20000000   0x0800b2e8   0x0000000c   Data   RW           26    .data..L_MergedGlobals  main.o
    0x2000000c   0x0800b2f4   0x00000008   Data   RW          349    .data..L_MergedGlobals  stm32g4xx_hal.o
    0x20000014   0x0800b2fc   0x00000038   Data   RW         1465    .data..L_MergedGlobals  control.o
    0x2000004c   0x0800b334   0x00000004   Data   RW         1350    .data.SystemCoreClock  system_stm32g4xx.o
    0x20000050        -       0x00000008   Zero   RW         1602    .bss..L_MergedGlobals  key.o
    0x20000058        -       0x0000007c   Zero   RW         1466    .bss..L_MergedGlobals.1  control.o
    0x200000d4        -       0x00000060   Zero   RW         1467    .bss..L_MergedGlobals.2  control.o
    0x20000134        -       0x00000060   Zero   RW         1468    .bss..L_MergedGlobals.3  control.o
    0x20000194        -       0x00000060   Zero   RW         1469    .bss..L_MergedGlobals.4  control.o
    0x200001f4        -       0x00000060   Zero   RW         1470    .bss..L_MergedGlobals.5  control.o
    0x20000254        -       0x0000006c   Zero   RW         1471    .bss..L_MergedGlobals.6  control.o
    0x200002c0        -       0x0000006c   Zero   RW         1472    .bss..L_MergedGlobals.7  control.o
    0x2000032c        -       0x00000480   Zero   RW         1408    .bss.OLED_GRAM      oled.o
    0x200007ac        -       0x00000001   Zero   RW           23    .bss.fault_locked   main.o
    0x200007ad   0x0800b338   0x00000003   PAD
    0x200007b0        -       0x00000044   Zero   RW         1454    .bss.ff_2nd         control.o
    0x200007f4        -       0x000020d0   Zero   RW         1464    .bss.filter_buf     control.o
    0x200028c4        -       0x00000054   Zero   RW         1450    .bss.g_cascade_notch  control.o
    0x20002918        -       0x00000044   Zero   RW         1451    .bss.g_sogi         control.o
    0x2000295c        -       0x0000006c   Zero   RW           50    .bss.hadc1          adc.o
    0x200029c8        -       0x00000060   Zero   RW           51    .bss.hdma_adc1      adc.o
    0x20002a28        -       0x00000060   Zero   RW           93    .bss.hdma_usart3_tx  usart.o
    0x20002a88        -       0x0000004c   Zero   RW           77    .bss.htim1          tim.o
    0x20002ad4        -       0x00000094   Zero   RW           92    .bss.huart3         usart.o
    0x20002b68        -       0x00000001   Zero   RW           22    .bss.pll_enable     main.o
    0x20002b69   0x0800b338   0x00000003   PAD
    0x20002b6c        -       0x000000a0   Zero   RW         1452    .bss.qpr_i          control.o
    0x20002c0c        -       0x00000650   Zero   RW         1453    .bss.rc_offgrid_v   control.o
    0x2000325c        -       0x00000001   Zero   RW           21    .bss.relay_state    main.o
    0x2000325d   0x0800b338   0x00000003   PAD
    0x20003260        -       0x00000004   Zero   RW          348    .bss.uwTick         stm32g4xx_hal.o
    0x20003264   0x0800b338   0x00000004   PAD
    0x20003268        -       0x00000400   Zero   RW            1    STACK               startup_stm32g474xx.o


==============================================================================

Image component sizes


      Code (inc. data)   RO Data    RW Data    ZI Data      Debug   Object Name

       646          0          0          0        204       7907   adc.o
      4260        120          0          0          0      27346   calculate.o
      6378        216       1600         56      11120      26525   control.o
        86          0          0          0          0       4227   dma.o
       276          0          0          0          0       2593   gpio.o
      1134         32          0          0          8       3625   key.o
      1608        200        417         12          3       6713   main.o
      4786          0       2072          0       1152      32813   oled.o
        36          8        472          0       1024        948   startup_stm32g474xx.o
       204          0          0          8          4      10154   stm32g4xx_hal.o
      2432          0          0          0          0      28857   stm32g4xx_hal_adc.o
       520          0          0          0          0      24169   stm32g4xx_hal_adc_ex.o
       196          0          0          0          0      11196   stm32g4xx_hal_cortex.o
       694          0          0          0          0       9342   stm32g4xx_hal_dma.o
       516          0          0          0          0       5497   stm32g4xx_hal_gpio.o
        52          0          0          0          0       1859   stm32g4xx_hal_msp.o
       288          0          0          0          0       9399   stm32g4xx_hal_pwr_ex.o
      2216          0          0          0          0      10453   stm32g4xx_hal_rcc.o
       726          0          0          0          0      11539   stm32g4xx_hal_rcc_ex.o
      2822         14          0          0          0      63995   stm32g4xx_hal_tim.o
       448          0          0          0          0      31063   stm32g4xx_hal_tim_ex.o
      3088         48         40          0          0      43059   stm32g4xx_hal_uart.o
       334          0         16          0          0      11396   stm32g4xx_hal_uart_ex.o
        56          0          0          0          0       5429   stm32g4xx_it.o
        18          0         24          4          0       2891   system_stm32g4xx.o
       640          0          0          0         76      10431   tim.o
       378          0          0          0        244       7130   usart.o

    ----------------------------------------------------------------------
     35016        638       4676         80      13848     410556   Object Totals
         0          0         32          0          0          0   (incl. Generated)
       178          0          3          0         13          0   (incl. Padding)

    ----------------------------------------------------------------------

      Code (inc. data)   RO Data    RW Data    ZI Data      Debug   Library Member Name

         0          0       2052          0          0       6294   arm_common_tables.o
       292         16          0          0          0       1600   arm_sin_cos_f32.o
         0          0          0          0          0          0   entry.o
         0          0          0          0          0          0   entry10a.o
         0          0          0          0          0          0   entry11a.o
         8          4          0          0          0          0   entry2.o
         4          0          0          0          0          0   entry5.o
         0          0          0          0          0          0   entry7b.o
         0          0          0          0          0          0   entry8b.o
         8          4          0          0          0          0   entry9a.o
        30          0          0          0          0          0   handlers.o
        48         10          0          0          0         68   init.o
         0          0          0          0          0          0   iusefp.o
        30          0          0          0          0         68   llshl.o
        36          0          0          0          0         68   llsshr.o
        32          0          0          0          0         68   llushr.o
        36          0          0          0          0        108   memseta.o
      2276         86          0          0          0        520   printfa.o
        44          0          0          0          0         80   uidiv.o
        98          0          0          0          0         92   uldiv.o
        48          0          0          0          0         68   cdrcmple.o
       334          0          0          0          0        148   dadd.o
       222          0          0          0          0        100   ddiv.o
       186          0          0          0          0        176   depilogue.o
        48          0          0          0          0         68   dfixul.o
       228          0          0          0          0         96   dmul.o
        38          0          0          0          0         68   f2d.o

    ----------------------------------------------------------------------
      4052        120       2052          0          0       9690   Library Totals
         6          0          0          0          0          0   (incl. Padding)

    ----------------------------------------------------------------------

      Code (inc. data)   RO Data    RW Data    ZI Data      Debug   Library Name

       292         16       2052          0          0       7894   arm_cortexM4lf_math.lib
      2650        104          0          0          0       1072   mc_w.l
      1104          0          0          0          0        724   mf_w.l

    ----------------------------------------------------------------------
      4052        120       2052          0          0       9690   Library Totals

    ----------------------------------------------------------------------

==============================================================================


      Code (inc. data)   RO Data    RW Data    ZI Data      Debug   

     39068        758       6728         80      13848     419066   Grand Totals
     39068        758       6728         80      13848     419066   ELF Image Totals
     39068        758       6728         80          0          0   ROM Totals

==============================================================================

    Total RO  Size (Code + RO Data)                45796 (  44.72kB)
    Total RW  Size (RW Data + ZI Data)             13928 (  13.60kB)
    Total ROM Size (Code + RO Data + RW Data)      45876 (  44.80kB)

==============================================================================

